ROM0 bank #0:
	SECTION: $0000-$0027 ($0028 bytes) ["ROM Bank $000"]
	         $0000 = RST_00
	         $0008 = RST_08
	SECTION: $0028-$0103 ($00dc bytes) ["RST $28"]
	         $0028 = JumpTable
	         $0040 = VBlankInterrupt
	         $0048 = LCDCInterrupt
	         $0050 = TimerOverflowInterrupt
	         $0058 = SerialTransferCompleteInterrupt
	         $005b = SerialInterruptHandler
	         $006b = SerialInterruptInner
	         $0078 = SerialFunc0_titleScreen
	         $0086 = SerialFunc0_titleScreen.titleScreenMain
	         $0094 = SerialFunc0_titleScreen.checkIfPassive
	         $009c = SerialFunc0_titleScreen.setSC
	         $009f = SerialFunc1_InGame
	         $00a4 = SerialFunc2_2PlayerInGame
	         $00ba = SerialFunc3_PassiveStreamingBytes
	         $00d0 = UnusedSerialFunc_clearIntFlagsIfSerialFunc2_2PlayerInGame
	         $0100 = Boot
	EMPTY: $0104-$0133 ($0030 bytes)
	SECTION: $0134-$014c ($0019 bytes) ["Header"]
	         $0134 = HeaderTitle
	         $0143 = HeaderCGBFlag
	         $0144 = HeaderNewLicenseeCode
	         $0146 = HeaderSGBFlag
	         $0147 = HeaderCartridgeType
	         $0148 = HeaderROMSize
	         $0149 = HeaderRAMSize
	         $014a = HeaderDestinationCode
	         $014b = HeaderOldLicenseeCode
	         $014c = HeaderMaskROMVersion
	EMPTY: $014d-$014f ($0003 bytes)
	SECTION: $0150-$30db ($2f8c bytes) ["Begin"]
	         $0150 = Begin
	         $016c = UnusedGetScreenTileInHLWhileOamFree
	         $016f = UnusedGetScreenTileInHLWhileOamFree.waitUntilVramAndOamFree
	         $0176 = UnusedGetScreenTileInHLWhileOamFree.waitUntilVramAndOamFree2
	         $017f = AddScoreValueDEontoBaseScoreHL
	         $0197 = VBlankInterruptHandler
	         $01b2 = VBlankInterruptHandler.afterMasterTransfer
	         $0217 = VBlankInterruptHandler.end
	         $0223 = Begin2
	         $0230 = Begin2.clear2ndWram
	         $0237 = Reset
	         $024f = Reset.waitUntilVBlank
	         $027c = Reset.clearLastPage
	         $0287 = Reset.clear1stWram
	         $0296 = Reset.clearVram
	         $02a2 = Reset.clearOam
	         $02ab = Reset.clearHram
	         $02b6 = Reset.copyOamDmaFunc
	         $02e0 = MainLoop
	         $02f7 = MainLoop.nextTimer
	         $0303 = MainLoop.toNextTimer
	         $0310 = MainLoop.waitUntilVBlankIntDone
	         $031b = ProcessGameState
	         $038c = GameState24_CopyrightDisplay
	         $03af = GameState24_CopyrightDisplay.adjLoopA
	         $03b5 = GameState24_CopyrightDisplay.noPalAdjA
	         $03d2 = GameState24_CopyrightDisplay.adjLoopB
	         $03d8 = GameState24_CopyrightDisplay.noPalAdjB
	         $03fb = GameState24_CopyrightDisplay.copyLoop
	         $0410 = GameState25_CopyrightWaiting
	         $0427 = GameState35_CopyrightCanContinue
	         $0435 = GameState35_CopyrightCanContinue.setNewState
	         $043a = GameState06_TitleScreenInit
	         $045f = GameState06_TitleScreenInit.clearScreenBuffer
	         $047a = GameState06_TitleScreenInit.displayBlackRow
	         $0492 = GameState06_TitleScreenInit.sunriseOrSunset
	         $0497 = GameState06_TitleScreenInit.night
	         $049a = GameState06_TitleScreenInit.copy
	         $04d9 = PlayDemo
	         $0519 = PlayDemo.setDemoPlayed
	         $0533 = UnusedSetRecordingDemo
	         $0538 = GameState07_TitleScreenMain
	         $0547 = GameState07_TitleScreenMain.afterTimerCheck
	         $0563 = GameState07_TitleScreenMain.checkButtonsPressed
	         $059c = !0
	         $05a0 = GameState07_TitleScreenMain.scrollLoop
	         $05a7 = !1
	         $05b6 = GameState07_TitleScreenMain.playerChecks
	         $05cd = GameState07_TitleScreenMain.waitUntilSerialIntHandled
	         $05d7 = GameState07_TitleScreenMain.setGameStateTo2ah
	         $05d9 = GameState07_TitleScreenMain.setGameState
	         $05e7 = GameState07_TitleScreenMain.is1Player
	         $05f0 = GameState07_TitleScreenMain.afterUpCheck
	         $05f3 = GameState07_TitleScreenMain.flipNumPlayersOption
	         $05f5 = GameState07_TitleScreenMain.setNumPlayersOpt
	         $060d = !2
	         $061a = !3
	         $0621 = GameState07_TitleScreenMain.setCursorX
	         $0625 = GameState07_TitleScreenMain.pressedRight
	         $062b = GameState07_TitleScreenMain.pressedLeft
	         $062f = GameState07_TitleScreenMain.pressedDown
	         $0638 = GameState07_TitleScreenMain.pressedUp
	         $063b = GameState07_TitleScreenMain.multiplayerInvalid
	         $063e = GameState07_TitleScreenMain.optionMenu
	         $0653 = !4
	         $065b = !5
	         $0663 = !6
	         $0665 = GameState07_TitleScreenMain.setCursorY
	         $0668 = GameState07_TitleScreenMain.checkButtonsPressedOptions
	         $067d = GameState07_TitleScreenMain.updateClock
	         $0693 = GameState07_TitleScreenMain.loopa
	         $06b5 = GameState07_TitleScreenMain.loopb
	         $06c5 = GameState07_TitleScreenMain.pressedDownOptions
	         $06ce = GameState07_TitleScreenMain.pressedUpOptions
	         $06d8 = GameState07_TitleScreenMain.pressedBOptions
	         $06d8 = GameState07_TitleScreenMain.scrollLoopBack
	         $06df = !7
	         $06ee = GameState07_TitleScreenMain.doneScrolling
	         $06ff = GameState07_TitleScreenMain.pressedAOptions
	         $0720 = !8
	         $0726 = !9
	         $072c = GameState07_TitleScreenMain.waitVRAMA
	         $0735 = GameState07_TitleScreenMain.setTime
	         $0742 = GameState07_TitleScreenMain.hours
	         $077f = GameState07_TitleScreenMain.decreaseHours
	         $0786 = GameState07_TitleScreenMain.updateDecH
	         $078b = GameState07_TitleScreenMain.separateTensDecH
	         $0796 = GameState07_TitleScreenMain.waitVRAM1
	         $07a4 = GameState07_TitleScreenMain.increaseHours
	         $07ab = GameState07_TitleScreenMain.updateIncH
	         $07b0 = GameState07_TitleScreenMain.separateTensIncH
	         $07bb = GameState07_TitleScreenMain.waitVRAM2
	         $07ca = GameState07_TitleScreenMain.minutes
	         $080d = GameState07_TitleScreenMain.decreaseMinutes
	         $0814 = GameState07_TitleScreenMain.updateDecM
	         $0819 = GameState07_TitleScreenMain.separateTensDecM
	         $0824 = GameState07_TitleScreenMain.waitVRAM3
	         $083b = GameState07_TitleScreenMain.increaseMinutes
	         $0842 = GameState07_TitleScreenMain.updateIncM
	         $0847 = GameState07_TitleScreenMain.separateTensIncM
	         $0852 = GameState07_TitleScreenMain.waitVRAM4
	         $086a = GameState07_TitleScreenMain.exit
	         $0878 = DemoSendPingsAndEndAfterAllStepsDone
	         $0899 = DemoSendPingsAndEndAfterAllStepsDone.startNotPressed
	         $08a6 = DemoSendPingsAndEndAfterAllStepsDone.endIfDoneBSteps
	         $08ae = DemoPollInput
	         $08c6 = DemoPollInput.mainBit
	         $08e2 = DemoPollInput.clearButtonsPressedSetButtonsHeld
	         $08e5 = DemoPollInput.end
	         $08ee = UnusedClearDemoButtonsHeld
	         $08f4 = DemoRecordInput
	         $091e = DemoRecordInput.incFrames
	         $0924 = DemoRestorePlayerButtonsHeld
	         $0931 = GameState2a_passive
	         $0938 = GameState2a_2PlayerGameMusicTypeInit
	         $0942 = GameState2a_2PlayerGameMusicTypeInit.cont
	         $0968 = GameState2b_2PlayerGameMusicTypeMain
	         $0984 = GameState2b_2PlayerGameMusicTypeMain.isMaster
	         $0991 = GameState2b_2PlayerGameMusicTypeMain.cont
	         $09b5 = GameState2b_2PlayerGameMusicTypeMain.isMaster2
	         $09ce = GameState2b_2PlayerGameMusicTypeMain.loadNextSerialByte
	         $09d5 = GameState2b_2PlayerGameMusicTypeMain.toNextGameState
	         $09dd = GameState2b_2PlayerGameMusicTypeMain.load50hIntoSerialByte
	         $09e1 = GameState16_passive
	         $09e8 = GameState16_MarioLuigiScreenInit
	         $0a00 = GameState16_MarioLuigiScreenInit.loop
	         $0a07 = GameState16_MarioLuigiScreenInit.cont
	         $0a3e = GameState16_MarioLuigiScreenInit.copyDarkSolid
	         $0a7b = GameState16_MarioLuigiScreenInit.marioLuigiHeads
	         $0a9b = CopyDEtoHL_Bbytes
	         $0a9b = CopyDEtoHL_Bbytes.loop
	         $0aa2 = GameState17_MarioLuigiScreenMain
	         $0ab9 = GameState17_MarioLuigiScreenMain.checkOwnHigh
	         $0ac0 = GameState17_MarioLuigiScreenMain.afterPassiveSerialByteHandled
	         $0acb = GameState17_MarioLuigiScreenMain.isMaster
	         $0ad5 = GameState17_MarioLuigiScreenMain.notPressedStart
	         $0ae0 = GameState17_MarioLuigiScreenMain.passiveReadByteToTransitionState
	         $0ae3 = GameState17_MarioLuigiScreenMain.goTo2PlayerInGame
	         $0b00 = GameState17_MarioLuigiScreenMain.aGameFinished
	         $0b18 = GameState17_MarioLuigiScreenMain.masterNotTransitioningState
	         $0b20 = GameState17_MarioLuigiScreenMain.afterCheckingPlayer2High
	         $0b22 = GameState17_MarioLuigiScreenMain.masterSendSerialByte
	         $0b2a = GameState17_MarioLuigiScreenMain.masterNoInterruptHandled
	         $0b33 = GameState17_MarioLuigiScreenMain.checkPlayersButtons
	         $0b4c = GameState17_MarioLuigiScreenMain.pressedRight
	         $0b51 = GameState17_MarioLuigiScreenMain.setNewHighAndPlaySound
	         $0b57 = GameState17_MarioLuigiScreenMain.afterDirectionalsSendToOam
	         $0b5e = GameState17_MarioLuigiScreenMain.pressedLeft
	         $0b64 = GameState17_MarioLuigiScreenMain.pressedUp
	         $0b6c = Player1HighCoords
	         $0b78 = Player2HighCoords
	         $0b84 = Set2PlayerHighCoords
	         $0b9b = GameState18_2PlayerInGameInit
	         $0ba3 = GameState18_2PlayerInGameInit.initWithoutTurningOffLCD
	         $0c1f = GameState18_2PlayerInGameInit.afterGettingFaceOam
	         $0c3f = GameState18_2PlayerInGameInit.luigiFace
	         $0c4f = GameState18_2PlayerInGameInit.marioFace
	         $0c5f = GameState19_2PlayerSyncHighBlocksAndPieces
	         $0c6d = GameState19_2PlayerSyncHighBlocksAndPieces.waitUntilPassiveSends55h
	         $0c7e = GameState19_2PlayerSyncHighBlocksAndPieces.waitUntilSerialInterruptHandled
	         $0c91 = GameState19_2PlayerSyncHighBlocksAndPieces.nextRow
	         $0c93 = GameState19_2PlayerSyncHighBlocksAndPieces.nextCol
	         $0ca0 = GameState19_2PlayerSyncHighBlocksAndPieces.waitUntilSerialInterruptHandled2
	         $0cb8 = GameState19_2PlayerSyncHighBlocksAndPieces.getToBufferStartRow
	         $0cc3 = GameState19_2PlayerSyncHighBlocksAndPieces.nextRow2
	         $0cc5 = GameState19_2PlayerSyncHighBlocksAndPieces.nextCol2
	         $0cdf = GameState19_2PlayerSyncHighBlocksAndPieces.toPrevRow
	         $0ce8 = GameState19_2PlayerSyncHighBlocksAndPieces.setEmpty
	         $0cef = GameState19_2PlayerSyncHighBlocksAndPieces.waitUntilPassivePresent
	         $0d00 = GameState19_2PlayerSyncHighBlocksAndPieces.waitUntilPassivePingedBack
	         $0d10 = GameState19_2PlayerSyncHighBlocksAndPieces.sendNextPieceToPassive
	         $0d1d = GameState19_2PlayerSyncHighBlocksAndPieces.waitUntilPieceSentToPassive
	         $0d25 = GameState19_2PlayerSyncHighBlocksAndPieces.waitUntilBothPlayersFinalPinging
	         $0d36 = GameState19_2PlayerSyncHighBlocksAndPieces.waitUntilTransferFinished
	         $0d41 = GameState19_commonEnd
	         $0d5f = GameState19_commonEnd.afterPassiveCheck
	         $0d71 = GameState19_passive
	         $0d7b = GameState19_passive.toDecB
	         $0d81 = GameState19_passive.waitUntilMasterPresent
	         $0d8f = GameState19_passive.waitUntilPingToMasterHandled
	         $0d9f = GameState19_passive.nextRow
	         $0da1 = GameState19_passive.nextCol
	         $0daa = GameState19_passive.waitUntilMasterSendsStartingBlock
	         $0db9 = GameState19_passive.waitUntilMasterReadyToSendPieces
	         $0dc7 = GameState19_passive.waitUntilTransferFinished
	         $0dd7 = GameState19_passive.loadNextPiece
	         $0de0 = GameState19_passive.waitUntilTransferFinished2
	         $0deb = GameState19_passive.waitUntilBothPlayersFinalPinging
	         $0df9 = GameState19_passive.waitUntilTransferFinished3
	         $0e07 = LoadBottomRowWithBlocks
	         $0e0e = LoadBottomRowWithBlocks.nextCol
	         $0e13 = SerialTransferWaitFunc
	         $0e16 = SerialTransferWaitFunc.loop
	         $0e1c = ShuffleHiddenPieces2Player
	         $0e25 = ShuffleHiddenPieces2Player.nextRandomVal
	         $0e28 = ShuffleHiddenPieces2Player.loop1chTo0
	         $0e29 = ShuffleHiddenPieces2Player.toDecB
	         $0e36 = ShuffleHiddenPieces2Player.afterBEqu0
	         $0e44 = ShuffleHiddenPieces2Player.fromTriesExhausted
	         $0e4d = GameState1c_2PlayerSyncAtInGameInitEnd
	         $0e6c = GameState1c_2PlayerSyncAtInGameInitEnd.afterHidden
	         $0e7d = GameState1c_2PlayerSyncAtInGameInitEnd.rowsNotYetLoaded
	         $0e85 = GameState1c_2PlayerSyncAtInGameInitEnd.loopWallMarkings
	         $0e97 = GameState1c_2PlayerSyncAtInGameInitEnd.loopUntilBequ0
	         $0e9c = GameState1c_2PlayerSyncAtInGameInitEnd.nextB
	         $0ea5 = GameState1c_2PlayerSyncAtInGameInitEnd.done
	         $0eac = GameState1a_2PlayerInGameMain
	         $0eee = GameState1a_2PlayerInGameMain.notYetFinished
	         $0efe = GameState1a_2PlayerInGameMain.afterLevelDone
	         $0f0f = GameState1a_2PlayerInGameMain.end
	         $0f16 = CheckAlmostLosingStatus
	         $0f20 = CheckAlmostLosingStatus.nextRow
	         $0f23 = CheckAlmostLosingStatus.nextCol
	         $0f30 = CheckAlmostLosingStatus.afterLoop
	         $0f42 = CheckAlmostLosingStatus.nearTop
	         $0f51 = MasterPausedSerialByteRead
	         $0f6b = InGame2PlayerProcessSerialByte
	         $0f97 = InGame2PlayerProcessSerialByte.drawBLineMarkings
	         $0f99 = InGame2PlayerProcessSerialByte.loopShownMarkings
	         $0fa0 = InGame2PlayerProcessSerialByte.afterShownLineMarkings
	         $0fa2 = InGame2PlayerProcessSerialByte.loopHiddenMarkings
	         $0fa9 = InGame2PlayerProcessSerialByte.afterProcessingSerialByte
	         $0fb5 = InGame2PlayerProcessSerialByte.afterProcessingSerialBytecont
	         $0fc8 = InGame2PlayerProcessSerialByte.setNextSerialByteToLoad
	         $0fcb = InGame2PlayerProcessSerialByte.otherPlayerWon
	         $0fdb = InGame2PlayerProcessSerialByte.noLineMarkings
	         $0fdf = InGame2PlayerProcessSerialByte.otherPlayerLost
	         $0ff7 = InGame2PlayerProcessSerialByte.wonOrLostAtTheSameTime
	         $0ffd = InGame2PlayerProcessSerialByte.serialByteBit7set
	         $1007 = CheckIfOtherPlayerCleared2PlusLines
	         $1013 = CheckIfOtherPlayerCleared2PlusLines.checkIfMultiplierToProcess
	         $101d = CheckIfOtherPlayerCleared2PlusLines.multiplierToProcessAfterPlayingPiece
	         $1025 = CheckIfOtherPlayerCleared2PlusLines.getStartingRow
	         $102e = CheckIfOtherPlayerCleared2PlusLines.copyNextRow
	         $1030 = CheckIfOtherPlayerCleared2PlusLines.copyNextCol
	         $1048 = CheckIfOtherPlayerCleared2PlusLines.copyDarkSolidRow
	         $104d = CheckIfOtherPlayerCleared2PlusLines.copyDarkSolidCol
	         $1066 = GameState1b_2PlayerGameEnd
	         $107e = GameState1b_2PlayerGameEnd.tie
	         $1084 = GameState1b_2PlayerGameEnd.notLost
	         $108e = GameState1b_2PlayerGameEnd.cont
	         $10a2 = GameState1b_2PlayerGameEnd.setGameState
	         $10ad = GameState1d_2PlayerWinnerInit
	         $10bb = GameState1d_2PlayerWinnerInit.cont
	         $10ca = GameState1d_2PlayerWinnerInit.loadHappySprites
	         $10e0 = GameState1d_2PlayerWinnerInit.copyHappySprites
	         $10f9 = WinnerMainIsMaster
	         $1106 = WinnerMainIsMaster.notWonAll5
	         $110c = WinnerMainIsMaster.toNextState
	         $1114 = GameState20_2PlayerWinnerMain
	         $1128 = GameState20_2PlayerWinnerMain.end
	         $1131 = GoPastWinnerGameStates
	         $1138 = ProcessWinnerMainTimer
	         $1160 = ProcessWinnerMainTimer.afterTimerCheck
	         $117e = ProcessWinnerMainTimer.turnBabyToSmallGas
	         $118a = ProcessWinnerMainTimer.hideBabySprite
	         $118e = ProcessWinnerMainTimer.end
	         $119e = GameState1e_2PlayerLoserInit
	         $11ac = GameState1e_2PlayerLoserInit.cont
	         $11bb = GameState1e_2PlayerLoserInit.loadSadSprites
	         $11d1 = GameState1e_2PlayerLoserInit.copySadSprites
	         $11ea = LoserMainIsMaster
	         $11f7 = LoserMainIsMaster.notLost5
	         $11fd = LoserMainIsMaster.toNextState
	         $1205 = GameState21_2PlayerLoserMain
	         $1219 = GameState21_2PlayerLoserMain.end
	         $1222 = GoPastLoserGameStates
	         $1229 = ProcessLoserMainTimer
	         $124a = ProcessLoserMainTimer.afterTimerCheck
	         $126e = ProcessLoserMainTimer.turnAdultToBigGas
	         $127e = ProcessLoserMainTimer.hideAdultSprite
	         $1282 = ProcessLoserMainTimer.end
	         $1292 = DisplayTextPushStart
	         $12ae = DisplayTextPushStart.loop
	         $12b4 = DisplayTextPushStart.done
	         $12b7 = DisplayTextPushStart.sprites
	         $12db = ClearPushStartText
	         $12e4 = ClearPushStartText.loop
	         $12ea = LoadWinnerLoserScreen
	         $1339 = LoadWinnerLoserScreen.afterBGdisplay
	         $1341 = LoadWinnerLoserScreen.afterDeuceAdvantageLogic
	         $135b = LoadWinnerLoserScreen.drawWinnerText
	         $1360 = LoadWinnerLoserScreen.afterWinningText
	         $136b = LoadWinnerLoserScreen.drawFaces
	         $138f = LoadWinnerLoserScreen.checkLosingGames
	         $13a9 = LoadWinnerLoserScreen.drawLoserText
	         $13ae = LoadWinnerLoserScreen.afterLosingText
	         $13b9 = LoadWinnerLoserScreen.drawFaces2
	         $13d2 = LoadWinnerLoserScreen.afterWinningLosingGfx
	         $13e2 = LoadWinnerLoserScreen.turnOnLCDandClearOam
	         $13ea = DrawCfaces
	         $13ea = DrawCfaces.nextFace
	         $13f2 = DrawCfaces.nextRow
	         $1405 = ProcessDeuceAdvantageLogic
	         $1423 = ProcessDeuceAdvantageLogic.setLostScoreTo5
	         $142c = ProcessDeuceAdvantageLogic.thunkClearAdvantages
	         $1430 = ProcessDeuceAdvantageLogic.won4
	         $1432 = ProcessDeuceAdvantageLogic.clearDeuceAndAdvantages
	         $1435 = ProcessDeuceAdvantageLogic.clearAdvantages
	         $143b = ProcessDeuceAdvantageLogic.wasDeuce
	         $1442 = ProcessDeuceAdvantageLogic.clearDeuce
	         $1446 = ProcessDeuceAdvantageLogic.clearDeuceSetOtherAdvantage
	         $144a = ProcessDeuceAdvantageLogic.wasSelfAdvantage
	         $1451 = ProcessDeuceAdvantageLogic.wasOtherAdvantage
	         $1458 = CopyAndUnderlineTextDEtoHL_Bbytes
	         $145a = CopyAndUnderlineTextDEtoHL_Bbytes.copyText
	         $1468 = CopyAndUnderlineTextDEtoHL_Bbytes.underlineText
	         $146d = TextDeuce
	         $1473 = TextMarioWins
	         $147e = TextLuigiWins
	         $1489 = TextAdvantage
	         $1492 = GameState1f_Post2PlayerResults
	         $14ba = GameState1f_Post2PlayerResults.winnerOfRoundsChosen
	         $14bf = ReturnFromCallersContextUntilBothPlayersCommunicatingBC
	         $14d8 = ReturnFromCallersContextUntilBothPlayersCommunicatingBC.done
	         $14da = ReturnFromCallersContextUntilBothPlayersCommunicatingBC.masterSendC
	         $14e0 = ReturnFromCallersContextUntilBothPlayersCommunicatingBC.passive
	         $14e7 = GameState26_ShuttleSceneInit
	         $1537 = DisplayRocketScene
	         $1570 = GameState27_ShuttleSceneShowClouds
	         $1586 = GameState28_ShuttleSceneFlashCloudsGetBigger
	         $158f = GameState28_ShuttleSceneFlashCloudsGetBigger.showBiggerClouds
	         $15a6 = GameState29_ShuttleSceneFlashBigCloudsRemovePlatforms
	         $15af = GameState29_ShuttleSceneFlashBigCloudsRemovePlatforms.removePlatforms
	         $15ce = GameState02_ShuttleSceneLiftoff
	         $1601 = GameState02_ShuttleSceneLiftoff.flashNonRocketBits
	         $1605 = GameState03_ShuttleSceneShootFire
	         $1627 = GameState03_ShuttleSceneShootFire.checkTimer2
	         $1637 = GameState03_ShuttleSceneShootFire.sendSpritesToOam
	         $163d = GameState2c_ShuttleSceneShowCongratulations
	         $167f = GameState2c_ShuttleSceneShowCongratulations.congratsText
	         $168f = GameState2d_CongratsWaitingBeforeBTypeScore
	         $168f = GameState2c_ShuttleSceneShowCongratulations.end
	         $16ae = GameState34_PreRocketSceneWait
	         $16b7 = GameState2e_RocketSceneInit
	         $16e9 = GameState2f_RocketSceneShowClouds
	         $16ff = GameState30_PoweringUp
	         $1708 = GameState30_PoweringUp.liftingOff
	         $1716 = GameState31_RocketSceneLiftOff
	         $1749 = GameState31_RocketSceneLiftOff.toggleVisibility
	         $174d = GameState32_RocketSceneShootFire
	         $1767 = GameState32_RocketSceneShootFire.checkTimer2
	         $1777 = GameState32_RocketSceneShootFire.copySpecsToOam
	         $177d = GameState33_RocketSceneEnd
	         $179b = ToggleNonRocketSpritesVisibilityEvery10Frames
	         $17ad = ToggleNonRocketSpritesVisibilityEvery10Frames.nextGas
	         $17bc = ShuttleMetalStructureLeft
	         $17c3 = ShuttleMetalStructureRight
	         $17ca = RocketMetalStructureLeft
	         $17d1 = RocketMetalStructureRight
	         $17d8 = CopyDEintoHLsColumn_Bbytes
	         $17d8 = CopyDEintoHLsColumn_Bbytes.loop
	         $17e5 = GameState08_GameMusicTypeInit
	         $17f0 = GameMusicTypeInitWithoutDisablingSerialRegs
	         $1833 = GameMusicTypeInitWithoutDisablingSerialRegs.setGameTypeSpriteSpec
	         $1842 = Stub_148c
	         $1843 = PlayMovingSelectionSnd_SetSpriteSpecCoordsForMusicType
	         $1848 = SetSpriteSpecCoordsForMusicType
	         $185e = SetSpriteSpecCoordsForMusicType.coords
	         $1866 = GameState0f_MusicTypeMain
	         $187e = GameState0f_MusicTypeMain.checkDirectionalButtons
	         $1896 = GameState0f_MusicTypeMain.setMusicType
	         $189d = GameState0f_MusicTypeMain.copyToShadowOam
	         $18a1 = GameState0f_MusicTypeMain.pressedUp
	         $18a9 = GameState0f_MusicTypeMain.pressedRight
	         $18b4 = GameState0f_MusicTypeMain.pressedLeft
	         $18bf = GameState0f_MusicTypeMain.pressedB
	         $18c8 = GameState0f_MusicTypeMain.not2player
	         $18cd = PlaySongBasedOnMusicTypeChosen
	         $18d7 = PlaySongBasedOnMusicTypeChosen.playSong
	         $18db = GameState0e_GameTypeMain
	         $1901 = GameState0e_GameTypeMain.pressedRight
	         $1909 = GameState0e_GameTypeMain.setGameTypeAndSpriteSpecIdx
	         $1914 = GameState0e_GameTypeMain.setSpecIdx
	         $1915 = GameState0e_GameTypeMain.copyToShadowOamOnly
	         $1919 = GameState0e_GameTypeMain.pressedStart
	         $1928 = GameState0e_GameTypeMain.setGameStateClearSpecIdx
	         $192d = GameState0e_GameTypeMain.pressedA
	         $1931 = GameState10_ATypeSelectionInit
	         $1985 = GameState10_ATypeSelectionInit.setGameStateToEnterHighScore
	         $1987 = GameState10_ATypeSelectionInit.setGameState
	         $198a = GameState11_ATypeSelectionMain
	         $19bc = GameState11_ATypeSelectionMain.pressedRight
	         $19c1 = GameState11_ATypeSelectionMain.setNewLevel
	         $19ce = GameState11_ATypeSelectionMain.sendSpritesToOam
	         $19d2 = GameState11_ATypeSelectionMain.pressedLeft
	         $19d8 = GameState11_ATypeSelectionMain.pressedUp
	         $19e0 = ATypeLevelsCoords
	         $19f4 = GameState12_BTypeSelectionInit
	         $1a50 = GameState12_BTypeSelectionInit.setEnterHiScore
	         $1a55 = GameState13_setGameStateMakeSpriteVisible
	         $1a5a = GameState13_BTypeSelectionMain
	         $1a8e = GameState13_BTypeSelectionMain.pressedRight
	         $1a93 = GameState13_BTypeSelectionMain.setNewSpriteCoords
	         $1aa0 = GameState13_BTypeSelectionMain.sendToOam
	         $1aa4 = GameState13_BTypeSelectionMain.pressedLeft
	         $1aaa = GameState13_BTypeSelectionMain.pressedUp
	         $1ab2 = BTypeLevelsCoords
	         $1ac6 = GameState14_setGameStateMakeSpriteVisible
	         $1acb = GameState14_BTypeHighMain
	         $1afd = GameState14_BTypeHighMain.pressedRight
	         $1b02 = GameState14_BTypeHighMain.setNewHighSpriteCoords
	         $1b0f = GameState14_BTypeHighMain.sendToOam
	         $1b13 = GameState14_BTypeHighMain.pressedLeft
	         $1b19 = GameState14_BTypeHighMain.pressedUp
	         $1b21 = BTypeHighsCoords
	         $1b2d = UnusedNop_174d
	         $1b2e = PlayMovingSound_SetNumberSpecStructsCoordsAndSpecIdxFromHLtable
	         $1b35 = SetNumberSpecStructsCoordsAndSpecIdxFromHLtable
	         $1b46 = GetButtonsPressedB_AlternateSpriteSpecBetweenShownAndHidden
	         $1b56 = CopyCSpriteSpecStructsFromDEtoHL
	         $1b56 = CopyCSpriteSpecStructsFromDEtoHL.nextSpriteSpec
	         $1b59 = CopyCSpriteSpecStructsFromDEtoHL.loop
	         $1b6a = Clear_wOam
	         $1b70 = Clear_wOam.loop
	         $1b75 = DisplayATypeHighScoresForLevel
	         $1b80 = DisplayATypeHighScoresForLevel.decA
	         $1b87 = DisplayATypeHighScoresForLevel.afterHiScoreAddrForLevel
	         $1b8f = DisplayBTypeHighScoresForLevel
	         $1b9a = DisplayBTypeHighScoresForLevel.decA1
	         $1ba1 = DisplayBTypeHighScoresForLevel.afterHiScoreAddrForLevel
	         $1ba6 = DisplayBTypeHighScoresForLevel.decA2
	         $1bad = DisplayBTypeHighScoresForLevel.afterHiScoreAddrForLevelAndHigh
	         $1bb5 = CopyHighScoreValueToRamBuffer
	         $1bb7 = CopyHighScoreValueToRamBuffer.nextByteToCheckIfEmpty
	         $1bc7 = CopyHighScoreValueToRamBuffer.hasTens
	         $1bd1 = CopyHighScoreValueToRamBuffer.storeDigits
	         $1bd7 = CopyHLtoDEbackwards_3bytes
	         $1bd9 = CopyHLtoDEbackwards_Bbytes.loop
	         $1bd9 = CopyHLtoDEbackwards_Bbytes
	         $1be0 = SetNewHighScoreIfAchieved_SendNameAndScoreToRamBuffer
	         $1be8 = SetNewHighScoreIfAchieved_SendNameAndScoreToRamBuffer.nextHiScore
	         $1bee = SetNewHighScoreIfAchieved_SendNameAndScoreToRamBuffer.nextScoreByteToCompare
	         $1bf9 = SetNewHighScoreIfAchieved_SendNameAndScoreToRamBuffer.toNextHiScore
	         $1c02 = SetNewHighScoreIfAchieved_SendNameAndScoreToRamBuffer.currScoreHigherThanAHighScore
	         $1c14 = SetNewHighScoreIfAchieved_SendNameAndScoreToRamBuffer.shiftLowerScoresDown
	         $1c1c = SetNewHighScoreIfAchieved_SendNameAndScoreToRamBuffer.setCurrHighScore
	         $1c21 = SetNewHighScoreIfAchieved_SendNameAndScoreToRamBuffer.setCurrLoop
	         $1c38 = SetNewHighScoreIfAchieved_SendNameAndScoreToRamBuffer.shiftLowerNamesDown
	         $1c42 = SetNewHighScoreIfAchieved_SendNameAndScoreToRamBuffer.setCurrName
	         $1c46 = SetNewHighScoreIfAchieved_SendNameAndScoreToRamBuffer.copyDottedName
	         $1c60 = SetNewHighScoreIfAchieved_SendNameAndScoreToRamBuffer.afterNoHighScore
	         $1c6b = SetNewHighScoreIfAchieved_SendNameAndScoreToRamBuffer.displayNextScore
	         $1c8a = SetNewHighScoreIfAchieved_SendNameAndScoreToRamBuffer.displayNextName
	         $1c8d = SetNewHighScoreIfAchieved_SendNameAndScoreToRamBuffer.nextNameChar
	         $1c96 = SetNewHighScoreIfAchieved_SendNameAndScoreToRamBuffer.toNextName
	         $1caa = DisplayHighScoresAndNamesForLevel
	         $1cb6 = DisplayHighScoresAndNamesForLevel.nextHighScore
	         $1cb7 = DisplayHighScoresAndNamesForLevel.next6chars
	         $1cb9 = DisplayHighScoresAndNamesForLevel.copyName
	         $1cd7 = DisplayHighScoresAndNamesForLevel.end
	         $1cdc = DisplayDottedLinesForHighScore
	         $1ce6 = DisplayDottedLinesForHighScore.nextRow
	         $1ce9 = DisplayDottedLinesForHighScore.nextCol
	         $1cf3 = GameState15_EnteringHighScore
	         $1cfb = GameState15_EnteringHighScore.decA
	         $1d01 = GameState15_EnteringHighScore.afterRamDestAddrForScore
	         $1d21 = GameState15_EnteringHighScore.setTile
	         $1d24 = GameState15_EnteringHighScore.afterTimerCheck
	         $1d48 = GameState15_EnteringHighScore.done
	         $1d5c = GameState15_EnteringHighScore.setGameState
	         $1d5f = GameState15_EnteringHighScore.upHeld
	         $1d67 = GameState15_EnteringHighScore.upPressed
	         $1d72 = GameState15_EnteringHighScore.afterUpHardModeCheck
	         $1d78 = GameState15_EnteringHighScore.incChar
	         $1d79 = GameState15_EnteringHighScore.setChar
	         $1d80 = GameState15_EnteringHighScore.notUpLastChar
	         $1d88 = GameState15_EnteringHighScore.downHeld
	         $1d90 = GameState15_EnteringHighScore.downPressed
	         $1d9b = GameState15_EnteringHighScore.afterDownHardModeCheck
	         $1da2 = GameState15_EnteringHighScore.decChar
	         $1da5 = GameState15_EnteringHighScore.notDownLastChar
	         $1dac = GameState15_EnteringHighScore.aPressed
	         $1dc7 = GameState15_EnteringHighScore.setNextCharLoc
	         $1dce = GameState15_EnteringHighScore.bPressed
	         $1dde = StoreAinHLwhenLCDFree
	         $1ddf = StoreBinHLwhenLCDFree
	         $1ddf = StoreBinHLwhenLCDFree.waitUntilVramAndOamFree
	         $1de7 = GameState0a_InGameInit
	         $1e24 = GameState0a_InGameInit.afterGameTypeCheck
	         $1e56 = GameState0a_InGameInit.afterHardModeCheck
	         $1e74 = GameState0a_InGameInit.setNumLinesCompleted
	         $1e7d = GameState0a_InGameInit.setFramesUntilPieceMovesDown
	         $1e8b = GameState0a_InGameInit.afterPieceHiddenCheck
	         $1ebb = GameState0a_InGameInit.notDemo
	         $1ec5 = GameState0a_InGameInit.end
	         $1ecd = SetNumFramesUntilPiecesMoveDown
	         $1ede = SetNumFramesUntilPiecesMoveDown.getIndexInDE
	         $1edf = SetNumFramesUntilPiecesMoveDown.setTopSpeedForPieces
	         $1eeb = SetNumFramesUntilPiecesMoveDown.framesData
	         $1f00 = PopulateDemoBTypeScreenWithBlocks
	         $1f08 = PopulateDemoBTypeScreenWithBlocks.nextRow
	         $1f0b = PopulateDemoBTypeScreenWithBlocks.nextCol
	         $1f25 = PopulateDemoBTypeScreenWithBlocks.layout
	         $1f4d = PopulateGameScreenWithRandomBlocks
	         $1f4e = PopulateGameScreenWithRandomBlocks.decB
	         $1f54 = PopulateGameScreenWithRandomBlocks.mainLoop
	         $1f57 = PopulateGameScreenWithRandomBlocks.fromWasTileEmpty
	         $1f59 = PopulateGameScreenWithRandomBlocks.toDecRandom
	         $1f64 = PopulateGameScreenWithRandomBlocks.afterChoosingEmptyOrPieceSquare
	         $1f70 = PopulateGameScreenWithRandomBlocks.pickedEmpty
	         $1f72 = PopulateGameScreenWithRandomBlocks.emptyOrActualPieceSquareChosen
	         $1f85 = PopulateGameScreenWithRandomBlocks.popAFstoreChosenSquare
	         $1f86 = PopulateGameScreenWithRandomBlocks.storeChosenSquare
	         $1f92 = PopulateGameScreenWithRandomBlocks.from2player
	         $1fa7 = PopulateGameScreenWithRandomBlocks.toNextRow
	         $1fad = PopulateGameScreenWithRandomBlocks.vramDestHighEqu9ah
	         $1fb3 = GameState00_InGameMain
	         $1fd9 = InGameCheckResetAndPause.startNotPressed
	         $1fd9 = InGameCheckResetAndPause
	         $1fe8 = InGameCheckResetAndPause.setPieceVisibility
	         $1fef = InGameCheckResetAndPause.pieceNotHidden
	         $1ff2 = InGameCheckResetAndPause.start
	         $2024 = InGameCheckResetAndPause.waitUntilVramAndOamFree
	         $2032 = InGameCheckResetAndPause.setNextPieceVisibility
	         $2035 = InGameCheckResetAndPause.setCurrPieceVisibilityAndSend2PiecesToOam
	         $203f = InGameCheckResetAndPause.gameUnPaused
	         $204f = InGameCheckResetAndPause.is2Player
	         $206d = InGame2PlayerCheckUnpaused
	         $2086 = InGame2PlayerCheckUnpaused.isPassive
	         $208f = InGame2PlayerCheckUnpaused.gameUnpaused
	         $20a6 = InGame2PlayerCheckUnpaused.loop
	         $20ae = InGame2PlayerCheckUnpaused.popHL
	         $20b0 = Display2PlayerPauseText
	         $20b8 = Display2PlayerPauseText.loop
	         $20c2 = Display2PlayerPauseText.text
	         $20c7 = GameState01_GameOverInit
	         $20eb = GameState04_LevelEndedMain
	         $20f4 = GameState04_LevelEndedMain.aOrStartPressed
	         $2108 = GameState04_LevelEndedMain.setGameState
	         $210b = GameState05_BTypeLevelFinished
	         $2147 = GameState05_BTypeLevelFinished.clearScore
	         $214b = GameState05_BTypeLevelFinished.fromLevel0
	         $2169 = DisplayBTypeScoreMultipliersBasedOnLevel
	         $2170 = DisplayBTypeScoreMultipliersBasedOnLevel.clearScore
	         $2178 = DisplayBTypeScoreMultipliersBasedOnLevel.addScore
	         $2187 = DisplayBTypeScoreMultipliersBasedOnLevel.checkForDigit
	         $2196 = DisplayBTypeScoreMultipliersBasedOnLevel.hasTens
	         $219c = DisplayBTypeScoreMultipliersBasedOnLevel.hasDigits
	         $21a5 = GameState0b_ScoreUpdateAfterBTypeLevelDone
	         $21b3 = GameState22_DancersInit
	         $21e4 = GameState22_DancersInit.setNextDancerAnimDetails
	         $21f9 = GameState22_DancersInit.numDancersInB
	         $2202 = GameState22_DancersInit.loopSetVisible
	         $221b = Dancers_AnimationTimers
	         $2225 = GameState23_sendDancersToOam
	         $222b = GameState23_DancersMain
	         $223b = GameState23_DancersMain.nextDancer
	         $2254 = GameState23_DancersMain.toNextDancer
	         $2270 = GameState23_DancersMain.setGameState
	         $2273 = GameState23_DancersMain.isJumperStanding
	         $2279 = GameState23_DancersMain.isJumperJumping
	         $227f = After4ScoreCategoriesProcessed
	         $22c1 = ProcessScoreUpdatesAfterBTypeLevelDone
	         $22fc = ProcessScoreUpdatesAfterBTypeLevelDone.processCategory
	         $2300 = GameState0c_UnusedPreShuttleLiftOff
	         $2309 = GameState0d_GameOverScreenClearing
	         $2321 = GameState0d_GameOverScreenClearing.is1player
	         $2356 = GameState0d_GameOverScreenClearing.setGameStateGameOverScreen
	         $2358 = GameState0d_GameOverScreenClearing.setGameState
	         $235b = GameState0d_GameOverScreenClearing.setRocketSpecIdxThenNextState
	         $2367 = CopyGameScreenInnerText
	         $2367 = CopyGameScreenInnerText.nextRow
	         $236a = CopyGameScreenInnerText.nextCol
	         $237b = AddOnCompletedLinesScore
	         $23ad = AddOnCompletedLinesScore.afterChoosingScoreCateg
	         $23b3 = AddOnCompletedLinesScore.loop
	         $23c1 = FillGameScreenBufferWithTileAandSetToVramTransfer
	         $23c7 = FillGameScreenBufferWithTileA
	         $23cf = FillGameScreenBufferWithTileA.nextRow
	         $23d2 = FillGameScreenBufferWithTileA.nextCol
	         $23dc = FillBottom2RowsOfTileMapWithEmptyTile
	         $23e6 = FillBottom2RowsOfTileMapWithEmptyTile.nextRow
	         $23e8 = FillBottom2RowsOfTileMapWithEmptyTile.nextCol
	         $23f1 = PlayNextPieceLoadNextAndHiddenPiece
	         $240e = PlayNextPieceLoadNextAndHiddenPiece.inDemoOr2Player
	         $241d = PlayNextPieceLoadNextAndHiddenPiece.setNextDemoStep
	         $242b = PlayNextPieceLoadNextAndHiddenPiece.only1player
	         $242d = PlayNextPieceLoadNextAndHiddenPiece.upToDIV
	         $2430 = PlayNextPieceLoadNextAndHiddenPiece.xorAloop
	         $2431 = PlayNextPieceLoadNextAndHiddenPiece.nextB
	         $243e = PlayNextPieceLoadNextAndHiddenPiece.bEqu0
	         $244c = PlayNextPieceLoadNextAndHiddenPiece.hDone
	         $244f = PlayNextPieceLoadNextAndHiddenPiece.skipDIV
	         $245b = InGameHandlePieceFalling.holdingDown
	         $245b = InGameHandlePieceFalling
	         $246d = InGameHandlePieceFalling.afterCheckingIfPressedDown
	         $2486 = InGameHandlePieceFalling.start
	         $248e = InGameHandlePieceFalling.afterPressedDown
	         $249b = InGameHandlePieceFalling.sendActivePieceToOam
	         $249f = InGameHandlePieceFalling.currScoreEqu0
	         $24ac = InGameHandlePieceFalling.afterIncTimesHoldingDownForPiece
	         $24ea = InGameHandlePieceFalling.clearTimesHoldingDown
	         $24ed = InGameHandlePieceFalling.fromNotHoldingDown
	         $250e = InGameHandlePieceFalling.skipGameOver
	         $2510 = InGameHandlePieceFalling.isAType
	         $2511 = InGameHandlePieceFalling.keepAdding
	         $2518 = InGameHandlePieceFalling.addDropsToScore
	         $2528 = InGameCheckIfAnyTetrisRowsComplete
	         $253d = InGameCheckIfAnyTetrisRowsComplete.nextRow
	         $2540 = InGameCheckIfAnyTetrisRowsComplete.nextCol
	         $2555 = InGameCheckIfAnyTetrisRowsComplete.toNextRow
	         $2585 = InGameCheckIfAnyTetrisRowsComplete.gameTypeB
	         $2594 = InGameCheckIfAnyTetrisRowsComplete.afterGameTypeNumLinesProcessing
	         $25b9 = InGameCheckIfAnyTetrisRowsComplete.end
	         $25c2 = InGameCheckIfAnyTetrisRowsComplete.emptyTileFoundInRow
	         $25c5 = InGameCheckIfAnyTetrisRowsComplete.clearNumLinesCompleted
	         $25ca = FlashCompletedTetrisRows
	         $25e0 = FlashCompletedTetrisRows.upperOuterLoop
	         $25f0 = FlashCompletedTetrisRows.flashRow
	         $25f2 = FlashCompletedTetrisRows.flashRowLoop
	         $25fb = FlashCompletedTetrisRows.incFlashCount
	         $2609 = FlashCompletedTetrisRows.flashed7times
	         $2614 = FlashCompletedTetrisRows.finishedHandlingPieceFalling
	         $2618 = FlashCompletedTetrisRows.flashRowsWithOrigTile
	         $2622 = FlashCompletedTetrisRows.origTileCopyLoop
	         $2632 = FlashCompletedTetrisRows.doneWithFallingPiecePlayNextPiece
	         $2637 = ShiftEntireGameRamBufferDownARow
	         $2644 = ShiftEntireGameRamBufferDownARow.nextCompletedRow
	         $264f = ShiftEntireGameRamBufferDownARow.nextRow
	         $2652 = ShiftEntireGameRamBufferDownARow.rowShiftCopy
	         $2671 = ShiftEntireGameRamBufferDownARow.clearTopRow
	         $267d = ClearPointersToCompletedTetrisRows
	         $2683 = ClearPointersToCompletedTetrisRows.loop
	         $2688 = CopyRamBufferRow17ToVram
	         $2697 = CopyRamBufferRow16ToVram
	         $26a6 = CopyRamBufferRow15ToVram
	         $26b5 = CopyRamBufferRow14ToVram
	         $26c4 = CopyRamBufferRow13ToVram
	         $26d3 = CopyRamBufferRow12ToVram
	         $26e2 = CopyRamBufferRow11ToVram
	         $26f9 = CopyRamBufferRow11ToVram.loop
	         $26ff = CopyRamBufferRow11ToVram.is2Player
	         $270d = CopyRamBufferRow10ToVram
	         $271c = CopyRamBufferRow9ToVram
	         $272b = CopyRamBufferRow8ToVram
	         $273a = CopyRamBufferRow7ToVram
	         $2749 = CopyRamBufferRow6ToVram
	         $2758 = CopyRamBufferRow5ToVram
	         $2767 = CopyRamBufferRow4ToVram
	         $2776 = CopyRamBufferRow3ToVram
	         $2788 = CopyRamBufferRow2ToVram
	         $27a1 = CopyRamBufferRow1ToVram
	         $27b6 = CopyRamBufferRow0ToVram
	         $27d3 = CopyRamBufferRow0ToVram.getLinesToDisplay
	         $27e9 = CopyRamBufferRow0ToVram.displayLines
	         $2808 = CopyRamBufferRow0ToVram.is1playerEnd
	         $2812 = CopyRamBufferRow0ToVram.setGameState
	         $2815 = CopyRamBufferRow0ToVram.playNextPiece
	         $2819 = CopyRamBufferRow0ToVram.is2player
	         $2825 = DisplayGameATypeScoreIfInGameAndForced
	         $2835 = CheckIfATypeNextLevelReached
	         $2868 = CheckIfATypeNextLevelReached.nextDigit
	         $287e = CheckIfATypeNextLevelReached.afterSendingNewLevelToVram
	         $2887 = ABisBCDofValInHL
	         $288c = ABisBCDofValInHL.loop
	         $2894 = ABisBCDofValInHL.copyAtoB
	         $2896 = CopyRamBufferRowToVram
	         $2898 = CopyRamBufferRowToVram.loop
	         $28a5 = InGameCheckButtonsPressed
	         $28c4 = InGameCheckButtonsPressed.pressedAAnimation0
	         $28ca = InGameCheckButtonsPressed.pressedB
	         $28d4 = InGameCheckButtonsPressed.pressedBAnimation3
	         $28d8 = InGameCheckButtonsPressed.afterRotation
	         $28f3 = InGameCheckButtonsPressed.afterCollisionCheck
	         $2911 = InGameCheckButtonsPressed.pressedRight
	         $2924 = InGameCheckButtonsPressed.afterHorizCollisionCheck
	         $2933 = InGameCheckButtonsPressed.notHeldLeft
	         $2936 = InGameCheckButtonsPressed.notHeldRight
	         $2948 = InGameCheckButtonsPressed.pressedLeft
	         $295d = RetZIfNoCollisionForPiece
	         $2962 = RetZIfNoCollisionForPiece.nextSprite
	         $2980 = RetZIfNoCollisionForPiece.fromXis0
	         $2984 = RetZIfNoCollisionForPiece.notEmpty
	         $298b = InGameAddPieceToVram
	         $2995 = InGameAddPieceToVram.nextSquareOfPiece
	         $29a7 = InGameAddPieceToVram.waitUntilVramAndOamFree
	         $29b2 = InGameAddPieceToVram.waitVRAMB
	         $29c7 = InGameAddPieceToVram.nextState
	         $29d1 = ConvertFromObjectTileToBGTile
	         $29dd = ConvertFromObjectTileToBGTile.subForFxValues
	         $29df = ConvertFromObjectTileToBGTile.getOffset
	         $29e4 = PieceTileConversionLookUpTable
	         $29f0 = ProcessCurrentScoreCategory
	         $2a0e = ProcessCurrentScoreCategory.afterDisplaying10s
	         $2a13 = ProcessCurrentScoreCategory.addCategScore
	         $2a2f = ProcessCurrentScoreCategory.addToTotalScore
	         $2a3d = ProcessCurrentScoreCategory.displayTotalScoreWhileCurrentCategIsUpdating
	         $2a50 = ProcessCurrentScoreCategory.currentCategScoreLineCountEqu0
	         $2a51 = IncScoreCategoryProcessedAfterBTypeDone
	         $2a68 = ClearScoreCategoryVarsAndTotalScore
	         $2a6e = ClearScoreCategoryVarsAndTotalScore.clearStructs
	         $2a77 = ClearScoreCategoryVarsAndTotalScore.clearScore
	         $2a7c = ConvertHexToDec
	         $2a7d = ConvertHexToDec.convertLoop
	         $2a83 = UpdateClock
	         $2a9a = UpdateClock.doHours
	         $2aad = UpdateClock.loopa
	         $2ab7 = UpdateClock.waitVRAMC
	         $2ac9 = UpdateClock.doMinutes
	         $2adc = UpdateClock.loopb
	         $2af5 = UpdateClock.setSramBank
	         $2afb = UpdateClock.updateSIsDay_DuskDawn_Night
	         $2b16 = UpdateClock.isDay
	         $2b20 = UpdateClock.isDuskOrDawn
	         $2b2c = UpdateClock.isNight
	         $2b38 = ColonTile
	         $2b48 = IsDMG
	         $2b62 = UnusedStoreBCDByteInHLInDestDE
	         $2b6e = Copy2SpriteSpecsToShadowOam
	         $2b70 = CopyASpriteSpecsToShadowOam
	         $2b80 = Copy1stSpriteSpecToSprite4
	         $2b93 = Copy2ndSpriteSpecToSprite8
	         $2ba6 = DisplayBlackColumnFromHLdown
	         $2bad = DisplayBlackColumnFromHLdown.loop
	         $2bb3 = CopyDEintoHLwhileFFhNotFound
	         $2bb3 = CopyDEintoHLwhileFFhNotFound.loop
	         $2bbb = StubInterruptHandler
	         $2bbc = SpriteSpecStruct_LPieceActive
	         $2bc4 = SpriteSpecStruct_LPieceNext
	         $2bcc = SpriteSpecStruct_GameMusicAType
	         $2bd8 = SpriteSpecStruct_ATypeFlashing0
	         $2bde = SpriteSpecStruct_BTypeLevelAndHigh
	         $2bea = SpriteSpecStruct_2PlayerHighsFlashing1
	         $2bf6 = SpriteSpecStruct_StandingMarioCryingBabyMario
	         $2c08 = SpriteSpecStruct_StandingLuigiCryingBabyLuigi
	         $2c1a = SpriteSpecStruct_MariosFacingAway
	         $2c26 = SpriteSpecStruct_LuigisFacingAway
	         $2c32 = SpriteSpecStruct_Dancers
	         $2c6e = SpriteSpecStruct_ShuttleAndGas
	         $2c80 = SpriteSpecStruct_RocketAndGas
	         $2c92 = FillScreen0FromHLdownWithEmptyTile
	         $2c95 = FillScreenFromHLdownWithEmptyTile
	         $2c98 = FillScreenFromHLdownWithEmptyTile.loop
	         $2ca1 = CopyHLtoDE_BCbytes
	         $2ca1 = CopyHLtoDE_BCbytes.loop
	         $2caa = LoadAsciiAndMenuScreenGfx
	         $2cc5 = CopyAsciiTileData
	         $2cce = CopyAsciiTileData.loop
	         $2cd9 = CopyAsciiAndTitleScreenTileData
	         $2cf8 = UnusedCopyHLtoVram1000hBytes
	         $2cfb = CopyHLtoVramBCbytes
	         $2d01 = Stub_27ea
	         $2d02 = CopyLayoutToScreen0
	         $2d05 = CopyLayoutToHL
	         $2d07 = CopyLayoutBrowsToHL
	         $2d07 = CopyLayoutBrowsToHL.loopRow
	         $2d0a = CopyLayoutBrowsToHL.loopCol
	         $2d1b = CopyAttrToScreen0
	         $2d23 = CopyAttrToHL
	         $2d25 = CopyAttrBrowsToHL.loopRow
	         $2d25 = CopyAttrBrowsToHL
	         $2d29 = CopyAttrBrowsToHL.loopCol
	         $2d40 = CopyPalettesToCram
	         $2d42 = CopyPalettesToCram.loadPaletteLoop
	         $2d49 = CopyToGameScreenUntilByteReadEquFFhThenSetVramTransfer
	         $2d49 = CopyToGameScreenUntilByteReadEquFFhThenSetVramTransfer.nextRow
	         $2d4c = CopyToGameScreenUntilByteReadEquFFhThenSetVramTransfer.loop
	         $2d5f = CopyToGameScreenUntilByteReadEquFFhThenSetVramTransfer.done
	         $2d65 = TurnOffLCD
	         $2d6d = TurnOffLCD.waitUntilInVBlank
	         $2d7e = GameInnerScreenLayout_Pause
	         $2dce = GameScreenLayout_ScoreTotals
	         $2e83 = GameInnerScreenLayout_GameOver
	         $2ebb = GameInnerScreen_TryAgain
	         $2eeb = PollInput
	         $2f28 = GetScreen0AddressOfPieceSquare
	         $2f3b = GetScreen0AddressOfPieceSquare.loop
	         $2f55 = UnusedMovePieceUpAndRight
	         $2f5d = UnusedMovePieceUpAndRight.deDiv16
	         $2f7b = DisplayBCDNum6DigitsIfForced
	         $2f7f = DisplayBCDNum6Digits
	         $2f81 = DisplayBCDNum2CDigits
	         $2f84 = DisplayBCDNum2CDigits.nextByte
	         $2f95 = DisplayBCDNum2CDigits.displayTens
	         $2fab = DisplayBCDNum2CDigits.displayOnes
	         $2fb4 = DisplayBCDNum2CDigits.tensNot0
	         $2fbc = DisplayBCDNum2CDigits.onesNot0
	         $2fc4 = OamDmaFunction
	         $2fca = OamDmaFunction.wait
	         $2fce = CopyToShadowOamBasedOnSpriteSpec
	         $2fd3 = CopyToShadowOamBasedOnSpriteSpec.nextStructInSpriteSpec
	         $2fe1 = CopyToShadowOamBasedOnSpriteSpec.checkIfMoreSpriteSpecs
	         $2ff3 = CopyToShadowOamBasedOnSpriteSpec.showNextSpritesCheckIfMoreSpriteSpecs
	         $2ff8 = CopyToShadowOamBasedOnSpriteSpec.hideNextSpritesBeingProcessed
	         $2ffa = CopyToShadowOamBasedOnSpriteSpec.dontHideNextSpritesBeingProcessed
	         $2fff = CopyToShadowOamBasedOnSpriteSpec.copyLoop1
	         $3022 = CopyToShadowOamBasedOnSpriteSpec.bigLoop
	         $303d = CopyToShadowOamBasedOnSpriteSpec.dataByteEquFEh
	         $3041 = CopyToShadowOamBasedOnSpriteSpec.dataByteNotFFhOrFDh
	         $3045 = CopyToShadowOamBasedOnSpriteSpec.setTileIndex
	         $3058 = CopyToShadowOamBasedOnSpriteSpec.spriteSpecYFlipped
	         $3062 = CopyToShadowOamBasedOnSpriteSpec.setSpriteY
	         $3077 = CopyToShadowOamBasedOnSpriteSpec.spriteSpecXFlipped
	         $3081 = CopyToShadowOamBasedOnSpriteSpec.setSpriteX
	         $3093 = CopyToShadowOamBasedOnSpriteSpec.dontHideSprite
	         $3095 = CopyToShadowOamBasedOnSpriteSpec.setSpriteVars
	         $30b1 = ConvertFromBgTileToObjectTile
	         $30c3 = ConvertFromBgTileToObjectTile.isInGame
	         $30cb = ConvertFromBgTileToObjectTile.pastGarbageBlock
	         $30d2 = ConvertFromBgTileToObjectTile.pastGarbageBlock2
	         $30d9 = ConvertFromBgTileToObjectTile.isHorIPieceEnd
	SECTION: $30dc-$3a26 ($094b bytes) ["Sound Engine"]
	         $30dc = SquareSoundEffectTable_Init
	         $30ec = SquareSoundEffectTable_Update
	         $30fc = NoiseSoundEffect_Init
	         $3104 = NoiseSoundEffect_Update
	         $310c = SongsSoundChannelsData
	         $312e = Stub
	         $312f = UpdateSound
	         $3144 = UpdateSound.endPath
	         $3156 = UpdateSound.dontUnset
	         $316b = UpdateSound.done
	         $3180 = UpdateSound.gameJustPaused
	         $31ac = UpdateSound.setAud2RegsToPause1
	         $31af = UpdateSound.copyIntoAud2Regs
	         $31b4 = UpdateSound.setAud2RegsToPause2
	         $31b9 = UpdateSound.gameJustUnpaused
	         $31bf = UpdateSound.processPausedCounter
	         $31d7 = Aud2RegVals_Pause1
	         $31db = Aud2RegVals_Pause2
	         $31df = IsSoundEffect_MovingSelection
	         $31e5 = IsSoundEffect_TetrisRowsFell
	         $31eb = IsSoundEffect_4LinesCleared
	         $31f1 = IsSoundEffect_ReachedNextLevel
	         $31f7 = Aud1RegValsInit_MovingSelection
	         $31fc = Aud1RegValsUpdate_MovingSelection
	         $3201 = Aud1RegValsInit_ConfirmOrLetterTyped
	         $3206 = SquareEffectInit_MovingSelection
	         $320e = SquareEffectUpdate_MovingSelection
	         $3222 = SquareEffectInit_ConfirmOrLetterTyped
	         $322a = SquareEffectUpdate_Common
	         $322f = ClearAud1RegsAndVars
	         $3243 = Aud1RegVals_4LinesCleared_1
	         $3248 = Aud1RegVals_4LinesCleared_2
	         $324d = SquareEffectInit_4LinesCleared
	         $3253 = SquareEffectUpdate_4LinesCleared
	         $326a = SquareEffectUpdate_4LinesCleared.finalWav
	         $3273 = SquareEffectUpdate_4LinesCleared.sound2
	         $3279 = SquareEffectUpdate_4LinesCleared.sound1
	         $327f = Aud1RegValsInit_PieceMovedHoriz
	         $3284 = SquareEffectInit_PieceMovedHoriz
	         $329c = Aud1RegVals_ReachedNextLevel_0and4
	         $32a1 = Aud1RegVals_ReachedNextLevel_1
	         $32a6 = Aud1RegVals_ReachedNextLevel_2
	         $32ab = Aud1RegVals_ReachedNextLevel_3
	         $32b0 = SquareEffectInit_ReachedNextLevel
	         $32bc = SquareEffectUpdate_ReachedNextLevel
	         $32dc = SquareEffectUpdate_ReachedNextLevel.sound1
	         $32e1 = SquareEffectUpdate_ReachedNextLevel.sound2
	         $32e6 = SquareEffectUpdate_ReachedNextLevel.sound3
	         $32eb = SquareEffectUpdate_ReachedNextLevel.sound4
	         $32ee = SquareEffectUpdate_ReachedNextLevel.copyIntoAud1Regs
	         $32f1 = Aud1RegValsInit_Non4LinesCleared
	         $32f6 = Aud1EnvData_Non4LinesCleared
	         $3301 = Aud1FreqLoData_Non4LinesCleared
	         $330b = SquareEffectInit_Non4LinesCleared
	         $331f = SquareEffectUpdate_Non4LinesCleared
	         $333d = SetAud1EnvLowHighToEDB
	         $3348 = Aud1RegValsInit_PieceRotated
	         $334d = Aud1EnvData_PieceRotated
	         $3353 = Aud1FreqLoData_PieceRotated
	         $3358 = SquareEffectInit_PieceRotated
	         $3370 = SquareEffectUpdate_PieceRotated
	         $3390 = SquareEffectInit_TetrisRowsFell
	         $339c = Aud1RegValsInit_TetrisRowsFell
	         $33a1 = Aud4RegValsInit_PieceHitFloor
	         $33a5 = Aud4RegValsInit_TetrisRowsFell
	         $33a9 = Aud4RegValsInit_RocketGas
	         $33ad = Aud4RegValsInit_RocketFire
	         $33b1 = Aud4RegValsUpdate_RocketFire_Poly
	         $33d5 = Aud4RegValsUpdate_RocketFire_Env
	         $33f9 = NoiseEffectInit_RocketGas
	         $3401 = NoiseEffectInit_RocketFire
	         $3409 = NoiseEffectUpdate_RocketFire
	         $3430 = NoiseEffectInit_TetrisRowsFell
	         $3438 = NoiseEffectInit_PieceHitFloor
	         $3440 = NoiseEffectUpdate_Common
	         $3445 = NoiseEffectUpdate_ClearNoise
	         $3457 = Aud3RegValsInit_GameOver
	         $345c = WavEffectInit_GameOver
	         $3473 = WavEffectUpdate_GameOver
	         $3486 = WavEffectUpdate_GameOver.setAud3Low
	         $348e = WavEffectUpdate_GameOver.miscCounterGTE0eh
	         $3498 = UpdateWavEffects
	         $34b3 = Aud3RegValsInit_After4LinesCleared
	         $34b8 = Aud3RegValsUpdate_After4LinesCleared_1
	         $34bd = Aud3RegValsUpdate_After4LinesCleared_2
	         $34c2 = Aud3RegValsUpdate_After4LinesCleared_3
	         $34c7 = WavEffectInit_After4LinesCleared
	         $34dc = WavEffectInit_After4LinesCleared.copyIntoAud3Regs
	         $34df = WavEffectUpdate_sound1
	         $34f0 = WavEffectUpdate_sound2
	         $3501 = WavEffectUpdate_sound3
	         $3512 = WavEffectUpdate_After4LinesCleared
	         $3534 = WavEffectUpdate_After4LinesCleared.incLowVal
	         $3538 = WavEffectUpdate_After4LinesCleared.decLowVal
	         $353a = WavEffectUpdate_After4LinesCleared.setLowVal
	         $353e = ClearWavVarsAndRegs_ResumeMusic
	         $3564 = ClearWavVarsAndRegs_ResumeMusic.isMusAType
	         $3569 = InitWavEffect_pauseOtherChannels
	         $358e = InitWavEffect_pauseOtherChannels.copyToWavRam
	         $3592 = SetInitialRegValuesHLForSoundEffect_UpdateDelayA
	         $35b2 = CopyDefaultValsInHLIntoAud1Regs
	         $35b9 = CopyDefaultValsInHLIntoAud2Regs
	         $35c0 = CopyDefaultValsInHLIntoAud3Regs
	         $35c7 = CopyDefaultValsInHLIntoAud4Regs
	         $35cc = CopyDefaultValsInHLIntoAudCRegs
	         $35cc = CopyDefaultValsInHLIntoAudCRegs.loop
	         $35d4 = StoreOrigSoundEffectIdx_HLequAddressForSongData_tableHL_incEtwice
	         $35d8 = HLequAddressForSongData_tableHL_incE
	         $35e7 = IncCounterInDE_retZifHitsThreshold
	         $35f2 = IncCounterInDE_retZifHitsThreshold.done
	         $35f4 = CopyFromHLintoWav3Ram
	         $35f7 = CopyFromHLintoWav3Ram.loop
	         $3601 = InitSound
	         $3623 = ResetSoundHwRegs
	         $3639 = UpdateSquareEffects
	         $364c = UpdateSquareEffects.noSquareEffectToPlay
	         $3658 = UpdateSquareEffects.done
	         $3659 = UpdateNoiseEffects
	         $366c = UpdateNoiseEffects.noNoiseEffectToPlay
	         $3678 = UpdateNoiseEffects.done
	         $3679 = MuteSound
	         $367d = InitSong
	         $3698 = SetSongsAudTermVars
	         $36a0 = SetSongsAudTermVars.nextSong
	         $36a9 = SetSongsAudTermVars.setSongVars
	         $36c1 = SetSongsAudTermRegs
	         $36eb = SetSongsAudTermRegs.checkWavAndNoiseOutput
	         $36f6 = SetSongsAudTermRegs.afterDecidingWavOutput
	         $3700 = SetSongsAudTermRegs.setAudTermToB
	         $3701 = SetSongsAudTermRegs.setAudTerm
	         $3704 = SetSongsAudTermRegs.outputAllTo1and2terminal
	         $3708 = SetSongsAudTermRegs.use1stOutputValue
	         $370d = SetSongsAudTermRegs.notTimeToSwapOutput
	         $371a = SongAudTermData
	         $375e = StoreWordInWordInHLintoDE
	         $3769 = StoreWordInHLIintoDE
	         $376f = SetSongsInitialSoundChannelVars
	         $37c6 = SetSongsInitialSoundChannelVars.loop
	         $37d9 = ProcessSoundByte9dh_SetParams.aud3
	         $37d9 = ProcessSoundByte9dh_SetParams
	         $37e5 = ProcessSoundByte9dh_SetParams.start
	         $380f = ProcessSoundByte9dh_SetParams.end
	         $3815 = IncWordInHL
	         $381b = IncWordInHL.store
	         $3821 = IncWordTwiceInHL
	         $382a = GetABInWordStoredInHL
	         $3831 = UpdateMusic.thunk_toNextSndChannelFromStructIdx2
	         $3831 = UpdateMusic
	         $3834 = UpdateMusic.processCurrSoundByteEnvelope
	         $384b = UpdateMusic.passedWaveEnvelope
	         $3860 = UpdateMusic.toNextSndChannelFromStructIdx2
	         $3865 = UpdateMusic.setNextAddrInCurrSndChannelData
	         $386c = UpdateMusic.afterSpecialSoundByteAddress
	         $3880 = UpdateMusic.sndChannelAddrEquFFFFh
	         $3897 = UpdateMusic.stopCurrSong
	         $38a0 = UpdateMusic.start
	         $38ae = UpdateMusic.nextSoundChannel
	         $38b8 = UpdateMusic.afterSettingSoundDataAddress
	         $38ba = UpdateMusic.processNextSoundByte
	         $38e7 = UpdateMusic.contSoundByte
	         $3913 = UpdateMusic.soundByte01
	         $3918 = UpdateMusic.getNoiseDataToWrite
	         $3920 = UpdateMusic.noiseLoop
	         $392f = UpdateMusic.getNonNoiseDataToWrite
	         $3949 = UpdateMusic.contWave
	         $3954 = UpdateMusic.startWritingToSq2
	         $3958 = UpdateMusic.startWritingToSq1
	         $395d = UpdateMusic.afterChoosingSndChannelBaseReg
	         $3966 = UpdateMusic.after_hasWavRam
	         $3969 = UpdateMusic.fromWav
	         $3972 = UpdateMusic.afterDisabledEnvelopeCheck
	         $3990 = UpdateMusic.skippingHwRegWrites
	         $3995 = UpdateMusic.toNextSndChannel
	         $39a6 = UpdateMusic.done
	         $39b3 = UpdateMusic.hasWavRam
	         $39ba = GetEinDEplusBdiv2
	         $39c3 = WriteToFrequencyRegsAdjustedWithEnvelope
	         $39e5 = WriteToFrequencyRegsAdjustedWithEnvelope.done
	         $39e7 = WriteToFrequencyRegsAdjustedWithEnvelope.sndChannels1to3
	         $39fd = WriteToFrequencyRegsAdjustedWithEnvelope.lowNybble03
	         $3a02 = WriteToFrequencyRegsAdjustedWithEnvelope.lowNybble01
	         $3a0e = WriteToFrequencyRegsAdjustedWithEnvelope.afterEnvelopeNybbleInE
	         $3a1b = WriteToFrequencyRegsAdjustedWithEnvelope.getPositiveHighAdjust
	         $3a1d = WriteToFrequencyRegsAdjustedWithEnvelope.afterGettingEnvelopeAdjust
	         $3a1e = WriteToFrequencyRegsAdjustedWithEnvelope.end
	EMPTY: $3a27-$3fef ($05c9 bytes)
	SECTION: $3ff0-$3fff ($0010 bytes) ["Sound Thunk Funcs"]
	         $3ff0 = ThunkUpdateSound
	         $3ff8 = ThunkInitSound
	TOTAL EMPTY: $05fc bytes

ROMX bank #1:
	SECTION: $4000-$46da ($06db bytes) ["Sprite Data"]
	         $4000 = SpriteData
	         $40bc = SpriteSpec_00
	         $40c0 = SpriteSpec_01
	         $40c4 = SpriteSpec_02
	         $40c8 = SpriteSpec_03
	         $40cc = SpriteSpec_04
	         $40d0 = SpriteSpec_05
	         $40d4 = SpriteSpec_06
	         $40d8 = SpriteSpec_07
	         $40dc = SpriteSpec_08
	         $40e0 = SpriteSpec_09
	         $40e4 = SpriteSpec_0a
	         $40e8 = SpriteSpec_0b
	         $40ec = SpriteSpec_0c
	         $40f0 = SpriteSpec_0d
	         $40f4 = SpriteSpec_0e
	         $40f8 = SpriteSpec_0f
	         $40fc = SpriteSpec_10
	         $4100 = SpriteSpec_11
	         $4104 = SpriteSpec_12
	         $4108 = SpriteSpec_13
	         $410c = SpriteSpec_14
	         $4110 = SpriteSpec_15
	         $4114 = SpriteSpec_16
	         $4118 = SpriteSpec_17
	         $411c = SpriteSpec_18
	         $4120 = SpriteSpec_19
	         $4124 = SpriteSpec_1a
	         $4128 = SpriteSpec_1b
	         $412c = SpriteSpec_1c
	         $4130 = SpriteSpec_1d
	         $4134 = SpriteSpec_1e
	         $4138 = SpriteSpec_1f
	         $413c = SpriteSpec_20
	         $4140 = SpriteSpec_21
	         $4144 = SpriteSpec_22
	         $4148 = SpriteSpec_23
	         $414c = SpriteSpec_24
	         $4150 = SpriteSpec_25
	         $4154 = SpriteSpec_26
	         $4158 = SpriteSpec_27
	         $415c = SpriteSpec_28
	         $4160 = SpriteSpec_29
	         $4164 = SpriteSpec_2a
	         $4168 = SpriteSpec_2b
	         $4168 = SpriteSpec_2d
	         $416c = SpriteSpec_2e
	         $4170 = SpriteSpec_2f
	         $4174 = SpriteSpec_30
	         $4178 = SpriteSpec_31
	         $417c = SpriteSpec_32
	         $4180 = SpriteSpec_33
	         $4184 = SpriteSpec_36
	         $4188 = SpriteSpec_37
	         $418c = SpriteSpec_3a
	         $4190 = SpriteSpec_3b
	         $4194 = SpriteSpec_3c
	         $4198 = SpriteSpec_3d
	         $419c = SpriteSpec_3e
	         $41a0 = SpriteSpec_3f
	         $41a0 = SpriteSpec_42
	         $41a4 = SpriteSpec_43
	         $41a4 = SpriteSpec_44
	         $41a8 = SpriteSpec_45
	         $41ac = SpriteSpec_46
	         $41b0 = SpriteSpec_47
	         $41b4 = SpriteSpec_48
	         $41b8 = SpriteSpec_49
	         $41bc = SpriteSpec_4a
	         $41c0 = SpriteSpec_4b
	         $41c4 = SpriteSpec_4c
	         $41c8 = SpriteSpec_4d
	         $41cc = SpriteSpec_4e
	         $41d0 = SpriteSpec_4f
	         $41d4 = SpriteSpec_50
	         $41d8 = SpriteSpec_51
	         $41dc = SpriteSpec_52
	         $41e0 = SpriteSpec_53
	         $41e4 = SpriteSpec_54
	         $41e8 = SpriteSpec_55
	         $41ec = SpriteSpec_56
	         $41f0 = SpriteSpec_57
	         $41f4 = SpriteTiles_00
	         $4204 = SpriteTiles_01
	         $4216 = SpriteTiles_02
	         $4225 = SpriteTiles_03
	         $4236 = SpriteTiles_04
	         $4248 = SpriteTiles_05
	         $4259 = SpriteTiles_06
	         $4267 = SpriteTiles_07
	         $4278 = SpriteTiles_08
	         $4287 = SpriteTiles_09
	         $4298 = SpriteTiles_0a
	         $42a7 = SpriteTiles_0b
	         $42b8 = SpriteTiles_0c
	         $42ca = SpriteTiles_0d
	         $42dc = SpriteTiles_0e
	         $42ee = SpriteTiles_0f
	         $4300 = SpriteTiles_10
	         $4312 = SpriteTiles_11
	         $4322 = SpriteTiles_12
	         $4334 = SpriteTiles_13
	         $4344 = SpriteTiles_14
	         $4355 = SpriteTiles_15
	         $4366 = SpriteTiles_16
	         $4377 = SpriteTiles_17
	         $4388 = SpriteTiles_1a
	         $4396 = SpriteTiles_1b
	         $43a7 = SpriteTiles_18
	         $43b8 = SpriteTiles_19
	         $43c9 = SpriteTiles_1c
	         $43d2 = SpriteTiles_1d
	         $43db = SpriteTiles_1e
	         $43e4 = SpriteTiles_1f
	         $43ed = SpriteTiles_20
	         $43f1 = SpriteTiles_21
	         $43f5 = SpriteTiles_22
	         $43f9 = SpriteTiles_23
	         $43fd = SpriteTiles_24
	         $4401 = SpriteTiles_25
	         $4405 = SpriteTiles_26
	         $4409 = SpriteTiles_27
	         $440d = SpriteTiles_28
	         $4411 = SpriteTiles_29
	         $4415 = SpriteTiles_2a
	         $4420 = SpriteTiles_2d
	         $4420 = SpriteTiles_2b
	         $442b = SpriteTiles_2e
	         $443f = SpriteTiles_2f
	         $4454 = SpriteTiles_30
	         $445d = SpriteTiles_31
	         $4466 = SpriteTiles_32
	         $446d = SpriteTiles_33
	         $4474 = SpriteTiles_36
	         $447f = SpriteTiles_37
	         $448a = SpriteTiles_3a
	         $449f = SpriteTiles_3b
	         $44b5 = SpriteTiles_3c
	         $44be = SpriteTiles_3d
	         $44c7 = SpriteTiles_3e
	         $44ce = SpriteTiles_42
	         $44ce = SpriteTiles_3f
	         $44d5 = SpriteTiles_44
	         $44d5 = SpriteTiles_43
	         $44dc = SpriteTiles_45
	         $44e3 = SpriteTiles_46
	         $44ea = SpriteTiles_47
	         $44f1 = SpriteTiles_48
	         $44f8 = SpriteTiles_49
	         $4503 = SpriteTiles_4a
	         $450a = SpriteTiles_4b
	         $4511 = SpriteTiles_4c
	         $4518 = SpriteTiles_4d
	         $451f = SpriteTiles_4e
	         $4528 = SpriteTiles_4f
	         $4531 = SpriteTiles_50
	         $453a = SpriteTiles_51
	         $4543 = SpriteTiles_52
	         $454c = SpriteTiles_53
	         $4555 = SpriteTiles_54
	         $455c = SpriteTiles_55
	         $4563 = SpriteSpec_2c
	         $4567 = SpriteTiles_2c
	         $4586 = SpriteSpec_34
	         $458a = SpriteSpec_35
	         $458e = SpriteSpec_38
	         $4592 = SpriteSpec_39
	         $4596 = SpriteSpec_40
	         $459a = SpriteSpec_41
	         $459e = SpriteSpec_5c
	         $45a2 = SpriteSpec_5d
	         $45a6 = SpriteSpec_58
	         $45aa = SpriteSpec_59
	         $45ae = SpriteSpec_5a
	         $45ae = SpriteSpec_5b
	         $45b2 = SpriteTiles_34
	         $45b8 = SpriteTiles_35
	         $45c1 = SpriteTiles_38
	         $45c7 = SpriteTiles_39
	         $45cd = SpriteTiles_40
	         $45d6 = SpriteTiles_41
	         $45e2 = SpriteTiles_56
	         $45f9 = SpriteTiles_57
	         $4600 = SpriteTiles_58
	         $4618 = SpriteTiles_59
	         $462a = SpriteTiles_5b
	         $462a = SpriteTiles_5a
	         $4639 = SpriteTiles_5c
	         $463f = SpriteTiles_5d
	         $4645 = SpriteCoords_00
	         $4645 = SpriteCoords_01
	         $4645 = SpriteCoords_02
	         $4645 = SpriteCoords_03
	         $4645 = SpriteCoords_04
	         $4645 = SpriteCoords_05
	         $4645 = SpriteCoords_06
	         $4645 = SpriteCoords_07
	         $4645 = SpriteCoords_08
	         $4645 = SpriteCoords_09
	         $4645 = SpriteCoords_0a
	         $4645 = SpriteCoords_0b
	         $4645 = SpriteCoords_0c
	         $4645 = SpriteCoords_0d
	         $4645 = SpriteCoords_0e
	         $4645 = SpriteCoords_0f
	         $4645 = SpriteCoords_10
	         $4645 = SpriteCoords_11
	         $4645 = SpriteCoords_12
	         $4645 = SpriteCoords_13
	         $4645 = SpriteCoords_14
	         $4645 = SpriteCoords_15
	         $4645 = SpriteCoords_16
	         $4645 = SpriteCoords_17
	         $4645 = SpriteCoords_1a
	         $4645 = SpriteCoords_1b
	         $4645 = SpriteCoords_18
	         $4645 = SpriteCoords_19
	         $4645 = SpriteCoords_2e
	         $4645 = SpriteCoords_2f
	         $4645 = SpriteCoords_3a
	         $4645 = SpriteCoords_3b
	         $4645 = SpriteCoords_56
	         $4665 = SpriteCoords_1c
	         $4665 = SpriteCoords_1d
	         $4665 = SpriteCoords_1e
	         $4665 = SpriteCoords_1f
	         $4665 = SpriteCoords_20
	         $4665 = SpriteCoords_21
	         $4665 = SpriteCoords_22
	         $4665 = SpriteCoords_23
	         $4665 = SpriteCoords_24
	         $4665 = SpriteCoords_25
	         $4665 = SpriteCoords_26
	         $4665 = SpriteCoords_27
	         $4665 = SpriteCoords_28
	         $4665 = SpriteCoords_29
	         $4675 = SpriteCoords_2a
	         $4675 = SpriteCoords_2d
	         $4675 = SpriteCoords_30
	         $4675 = SpriteCoords_31
	         $4675 = SpriteCoords_32
	         $4675 = SpriteCoords_33
	         $4675 = SpriteCoords_36
	         $4675 = SpriteCoords_37
	         $4675 = SpriteCoords_3c
	         $4675 = SpriteCoords_3d
	         $4675 = SpriteCoords_3e
	         $4675 = SpriteCoords_42
	         $4675 = SpriteCoords_44
	         $4675 = SpriteCoords_45
	         $4675 = SpriteCoords_46
	         $4675 = SpriteCoords_47
	         $4675 = SpriteCoords_48
	         $4675 = SpriteCoords_49
	         $4675 = SpriteCoords_4a
	         $4675 = SpriteCoords_4b
	         $4675 = SpriteCoords_4c
	         $4675 = SpriteCoords_4d
	         $4675 = SpriteCoords_4e
	         $4675 = SpriteCoords_4f
	         $4675 = SpriteCoords_50
	         $4675 = SpriteCoords_51
	         $4675 = SpriteCoords_52
	         $4675 = SpriteCoords_53
	         $4675 = SpriteCoords_54
	         $4675 = SpriteCoords_55
	         $4675 = SpriteCoords_57
	         $4675 = SpriteCoords_58
	         $4675 = SpriteCoords_59
	         $4675 = SpriteCoords_5b
	         $4675 = SpriteCoords_5c
	         $4675 = SpriteCoords_5d
	         $4675 = SpriteCoords_5a
	         $4675 = SpriteCoords_3f
	         $4675 = SpriteCoords_43
	         $4675 = SpriteCoords_2b
	         $4691 = SpriteCoords_2c
	         $46c9 = SpriteCoords_34
	         $46c9 = SpriteCoords_35
	         $46c9 = SpriteCoords_38
	         $46c9 = SpriteCoords_39
	         $46c9 = SpriteCoords_40
	         $46c9 = SpriteCoords_41
	SECTION: $46db-$7f27 ($384d bytes) ["Graphics and Layouts"]
	         $46db = Gfx_MenuScreens
	         $56db = Layout_ATypeInGame
	         $56db = Gfx_MenuScreens.end
	         $5843 = Layout_BTypeInGame
	         $59ab = Gfx_Ascii
	         $5ae3 = Gfx_Ascii.end
	         $5ae3 = Gfx_TitleScreen
	         $6293 = Layout_Copyright
	         $6293 = Gfx_TitleScreen.end
	         $63fb = Layout_TitleScreen
	         $6653 = Layout_GameMusicTypeScreen
	         $67bb = Layout_ATypeSelectionScreen
	         $6923 = Layout_BTypeSelectionScreen
	         $6a8b = GameScreenLayout_Dancers
	         $6b40 = Layout_RocketScene
	         $6b90 = Layout_MarioLuigiScreen
	         $6cf8 = Layout_2PlayerInGame
	         $6e60 = Layout_MarioScore
	         $6eb0 = Layout_BricksAndLuigiScore
	         $6f28 = Gfx_RocketScene
	         $7f28 = Gfx_RocketScene.end
	EMPTY: $7f28-$7fff ($00d8 bytes)
	TOTAL EMPTY: $00d8 bytes

ROMX bank #2:
	SECTION: $4000-$51fa ($11fb bytes) ["Song Data"]
	         $4000 = EnvelopeData
	         $4039 = FrequencyTable
	         $40c9 = UnusedNop
	         $40ca = NoiseStructBytes6toA
	         $40de = WavRam_Init_After4LinesCleared
	         $40ee = UnusedWavRam
	         $40fe = WavRam_6ec9
	         $410e = WavRam_Init_GameOver
	         $411e = DefaultWavRam
	         $412e = TemposTable_6ef9
	         $413a = TemposTable_6f05
	         $4143 = TemposTable_6f0e
	         $4160 = TemposTable_6f2b
	         $4174 = Song1_SoundData
	         $417f = Song2_SoundData
	         $418a = Song3_SoundData
	         $4195 = Song4_SoundData
	         $41a0 = Song5_SoundData
	         $41ab = Song6_SoundData
	         $41b6 = Song7_SoundData
	         $41c1 = Song8_SoundData
	         $41cc = Song9_SoundData
	         $41d7 = Song10_SoundData
	         $41e2 = Song11_SoundData
	         $41ed = Song12_SoundData
	         $41f8 = Song13_SoundData
	         $4203 = Song14_SoundData
	         $420e = Song15_SoundData
	         $4219 = Song16_SoundData
	         $4224 = Song17_SoundData
	         $422f = Song7_Sq2Data
	         $422f = !0
	         $423d = Song7_Sq1Data
	         $423d = !1
	         $424b = Song7_Sq2_Section1Data
	         $4269 = Song7_Sq2_Section2Data
	         $4282 = Song7_Sq2_Section3Data
	         $4297 = Song7_Sq1_Section1Data
	         $42a9 = Song7_Sq1_Section2Data
	         $42ba = Song7_Sq1_Section3Data
	         $42c8 = Song7_Sq2_Section4Data
	         $4329 = Song7_Sq1_Section4Data
	         $4377 = Song5_Sq2Data
	         $4377 = !2
	         $4381 = Song5_Sq1Data
	         $4381 = !3
	         $438b = Song5_WavData
	         $438b = !4
	         $4397 = Song5_NoiseData
	         $4397 = !5
	         $439d = Song5_Sq2_Section1Data
	         $43e3 = Song5_Sq2_Section2Data
	         $4400 = Song5_Sq1_Section1Data
	         $4452 = Song5_Sq1_Section2Data
	         $446f = Song5_Wav_Section1Data
	         $44b4 = Song5_Wav_Section2Data
	         $44d8 = Song5_Noise_Section1Data
	         $44ed = Song6_Sq2Data
	         $44ed = !6
	         $44fb = Song6_Sq1Data
	         $44fb = !7
	         $4509 = Song6_WavData
	         $4509 = !8
	         $4537 = Song6_NoiseData
	         $4537 = !9
	         $453d = Song6_Sq1_Section1Data
	         $4540 = Song6_Sq2_Section1Data
	         $4554 = Song6_Wav_Section1Data
	         $4568 = Song6_Noise_Section1Data
	         $4571 = Song6_Sq1_Section2Data
	         $4574 = Song6_Sq2_Section2Data
	         $4588 = Song6_Wav_Section2Data
	         $459c = Song6_Sq2_Section3Data
	         $45c3 = Song6_Sq1_Section3Data
	         $45ea = Song6_Wav_Section3Data
	         $45fe = Song6_Sq2_Section4Data
	         $4680 = Song6_Sq1_Section4Data
	         $46f5 = Song6_Wav_Section4Data
	         $4713 = Song6_Wav_Section5Data
	         $4723 = Song6_Wav_Section6Data
	         $4733 = Song6_Wav_Section7Data
	         $4743 = Song6_Wav_Section8Data
	         $4753 = Song6_Wav_Section9Data
	         $4763 = Song6_Wav_Section10Data
	         $4778 = Song16_Sq1Data
	         $477a = !10
	         $4780 = Song16_Sq2Data
	         $4780 = !11
	         $4786 = Song16_WavData
	         $4786 = !12
	         $478c = Song16_Sq1_Section1Data
	         $4793 = Song16_Sq2_Section1Data
	         $4797 = Song16_Sq1_Section2Data
	         $47b1 = Song16_Wav_Section1Data
	         $47c2 = Song17_Sq1Data
	         $47c4 = !13
	         $47ca = Song17_Sq2Data
	         $47ca = !14
	         $47d0 = Song17_WavData
	         $47d0 = !15
	         $47d6 = Song17_Sq1_Section1Data
	         $47dd = Song17_Sq2_Section1Data
	         $47e1 = Song17_Sq1_Section2Data
	         $4823 = Song17_Wav_Section1Data
	         $4831 = Song4_Sq2Data
	         $4835 = Song4_Sq1Data
	         $4837 = Song4_WavData
	         $4839 = Song4_Sq2_Section1Data
	         $4849 = Song4_Sq1_Section1Data
	         $4858 = Song4_Wav_Section1Data
	         $4868 = Song3_Sq2Data
	         $4870 = Song3_Sq1Data
	         $4876 = Song3_WavData
	         $4898 = Song3_NoiseData
	         $48a4 = Song3_Sq2_Section1Data
	         $48f4 = Song3_Sq1_Section1Data
	         $4941 = Song3_Wav_Section1Data
	         $4990 = Song3_Noise_Section1Data
	         $499e = Song3_Sq2_Section2Data
	         $49df = Song3_Sq1_Section2Data
	         $4a20 = Song3_Wav_Section2Data
	         $4a2a = Song3_Wav_Section3Data
	         $4a33 = Song3_Wav_Section4Data
	         $4a3c = Song3_Wav_Section5Data
	         $4a46 = Song3_Wav_Section6Data
	         $4a4f = Song3_Noise_Section2Data
	         $4a71 = Song3_Sq1_Section3Data
	         $4aa1 = Song15_Sq1Data
	         $4aab = Song15_Sq2Data
	         $4ab3 = Song15_WavData
	         $4abb = Song15_NoiseData
	         $4ac3 = Song15_Sq1_Section1Data
	         $4ae2 = Song15_Sq2_Section1Data
	         $4b0a = Song15_Wav_Section1Data
	         $4b33 = Song15_Noise_Section1Data
	         $4b46 = Song15_Sq1_Section2Data
	         $4b6d = Song15_Sq2_Section2Data
	         $4b93 = Song15_Wav_Section2Data
	         $4bb9 = Song15_Noise_Section2Data
	         $4bcb = Song15_Sq1_Section3Data
	         $4bef = Song15_Sq2_Section3Data
	         $4c12 = Song15_Wav_Section3Data
	         $4c35 = Song10_Sq2Data
	         $4c39 = Song10_Sq2_Section1Data
	         $4c5b = Song11_Sq2Data
	         $4c5f = Song11_WavData
	         $4c61 = Song11_Sq2_Section1Data
	         $4c80 = Song11_Wav_Section1Data
	         $4ca4 = Song12_Sq2Data
	         $4ca8 = Song12_Sq1Data
	         $4caa = Song12_WavData
	         $4cac = Song12_Sq2_Section1Data
	         $4ccb = Song12_Sq1_Section1Data
	         $4ce9 = Song12_Wav_Section1Data
	         $4d14 = Song13_Sq1Data
	         $4d18 = Song13_Sq2Data
	         $4d1a = Song13_WavData
	         $4d1c = Song13_NoiseData
	         $4d1e = Song13_Sq1_Section1Data
	         $4d3d = Song13_Sq2_Section1Data
	         $4d5a = Song13_Wav_Section1Data
	         $4d84 = Song13_Noise_Section1Data
	         $4d9a = Song14_Sq1Data
	         $4da0 = Song14_Sq2Data
	         $4da4 = Song14_WavData
	         $4da8 = Song14_NoiseData
	         $4dac = Song14_Sq1_Section1Data
	         $4dcb = Song14_Sq2_Section1Data
	         $4ddd = Song14_Wav_Section1Data
	         $4df0 = Song14_Noise_Section1Data
	         $4e03 = Song14_Sq1_Section2Data
	         $4e27 = Song14_Sq2_Section2Data
	         $4e37 = Song14_Wav_Section2Data
	         $4e47 = Song14_Noise_Section2Data
	         $4e59 = Song9_Sq2Data
	         $4e5d = Song9_Sq1Data
	         $4e5f = Song9_WavData
	         $4e61 = Song9_NoiseData
	         $4e63 = Song9_Sq2_Section1Data
	         $4e98 = Song9_Sq1_Section1Data
	         $4ecc = Song9_Wav_Section1Data
	         $4f00 = Song9_Noise_Section1Data
	         $4f2e = Song1_Sq1Data
	         $4f34 = Song1_Sq2Data
	         $4f36 = !16
	         $4f38 = Song1_Sq2Data.loop
	         $4f46 = Song1_WavData
	         $4f48 = !17
	         $4f56 = Song1_NoiseData
	         $4f58 = !18
	         $4f5e = Song1_Sq2_Section1Data
	         $4f63 = Song1_Sq1_Section1Data
	         $4f6a = Song1_Sq1and2_Section2Data
	         $4f70 = Song1_Wav_Section1Data
	         $4f73 = Song1_Noise_Section1Data
	         $4f76 = Song1_Noise_Section2Data
	         $4f90 = Song1_Sq1and2_Section3Data
	         $4fa1 = Song1_Wav_Section2Data
	         $4fb7 = Song1_Sq1and2_Section4Data
	         $4fc8 = Song1_Wav_Section3Data
	         $4fd9 = Song1_Sq1and2_Section5Data
	         $4fea = Song1_Wav_Section4Data
	         $4ffb = Song1_Sq1and2_Section6Data
	         $503c = Song1_Wav_Section5Data
	         $5079 = Song2_Sq2Data
	         $507d = Song2_Sq1Data
	         $507f = Song2_WavData
	         $5081 = Song2_NoiseData
	         $5083 = Song2_Sq2_Section1Data
	         $5093 = Song2_Sq1_Section1Data
	         $50a2 = Song2_Wav_Section1Data
	         $50b2 = Song2_Noise_Section1Data
	         $50c6 = Song8_Sq2Data
	         $50c6 = !19
	         $50d2 = Song8_Sq1Data
	         $50d2 = !20
	         $50de = Song8_WavData
	         $50de = !21
	         $50ea = Song8_NoiseData
	         $50ea = !22
	         $50f0 = Song8_Sq2_Section1Data
	         $511a = Song8_Sq1_Section1Data
	         $5130 = Song8_Wav_Section1Data
	         $5146 = Song8_Noise_Section1Data
	         $515d = Song8_Sq2_Section2Data
	         $5184 = Song8_Sq1_Section2Data
	         $5196 = Song8_Wav_Section2Data
	         $51a8 = Song8_Sq2_Section3Data
	         $51cb = Song8_Sq1_Section3Data
	         $51e3 = Song8_Wav_Section3Data
	EMPTY: $51fb-$51ff ($0005 bytes)
	SECTION: $5200-$55bf ($03c0 bytes) ["Sunrise/Sunset Layouts"]
	         $5200 = Layout_TitleScreen_Sunrise_Sunset
	         $5458 = Layout_RocketScene_Sunrise_Sunset
	         $55c0 = Layout_RocketScene_Sunrise_Sunset.end
	EMPTY: $55c0-$7fff ($2a40 bytes)
	TOTAL EMPTY: $2a45 bytes

ROMX bank #3:
	SECTION: $4000-$417f ($0180 bytes) ["Demo Steps"]
	         $4000 = Demo2Inputs
	         $4100 = Demo1Inputs
	SECTION: $4180-$41af ($0030 bytes) ["Demo Pieces"]
	         $4180 = DemoPieces
	EMPTY: $41b0-$41ff ($0050 bytes)
	SECTION: $4200-$4674 ($0475 bytes) ["Night Layouts"]
	         $4200 = Layout_TitleScreen_Night
	         $4458 = Layout_RocketScene_Night
	         $45c0 = GameScreenLayout_Dancers_Night
	         $4675 = GameScreenLayout_Dancers_Night.end
	SECTION: $4675-$597c ($1308 bytes) ["Palettes and Attribute Maps"]
	         $4675 = Palettes_TitleScreen
	         $47f5 = Palettes_InGameGuideline
	         $4975 = Palettes_InGameSega
	         $4af5 = Attributes_TitleScreen
	         $4fa5 = Attributes_GameMusicTypeScreen
	         $5275 = Attributes_ATypeSelectionScreen
	         $5545 = Attributes_BTypeSelectionScreen
	         $5815 = Layout_DMG
	         $5815 = Attributes_BTypeSelectionScreen.end
	EMPTY: $597d-$7fff ($2683 bytes)
	TOTAL EMPTY: $26d3 bytes

SRAM bank #0:
	SECTION: $a000-$a004 ($0005 bytes) ["SRAM"]
	         $a000 = sCurrMonth
	         $a001 = sCurrYear
	         $a003 = sIsDay_DuskDawn_Night
	         $a003 = sCurrYear.end
	         $a004 = sIsRocketScene
	         $a004 = sIsDay_DuskDawn_Night.end
	         $a005 = sIsRocketScene.end
	EMPTY: $a005-$bfff ($1ffb bytes)
	TOTAL EMPTY: $1ffb bytes

WRAM0 bank #0:
	SECTION: $c000-$dfff ($2000 bytes) ["WRAM"]
	         $c000 = wOam
	         $c0a0 = wOam.end
	         $c0a0 = wScoreBCD
	         $c0a3 = wRamBufferAddressesForCompletedRows
	         $c0ac = wLinesClearedStructs
	         $c0ac = wRamBufferAddressesForCompletedRows.end
	         $c0c0 = wNumDrops
	         $c0c2 = wDropsTotalRollingUp
	         $c0c5 = wNumScoreCategoriesProcessed
	         $c0c6 = wCurrScoreCategIsProcessingOrUpdating
	         $c0c7 = wScoreCategoryVarsEnd
	         $c0c7 = wCanPressDownToMakePieceFall
	         $c0c8 = wc0c8
	         $c0ce = wATypeJustAddedDropsToScore
	         $c0cf = wc0cf
	         $c0de = wNextPieceHidden
	         $c0df = wc0df
	         $c200 = wSpriteSpecs
	         $c300 = wDemoOrMultiplayerPieces
	         $c400 = wDarkSolidBlocksUnderRandomBlocks
	         $c400 = wDemoOrMultiplayerPieces.end
	         $c800 = wGameScreenBuffer
	         $cc00 = wcc00
	         $cc00 = wGameScreenBuffer.end
	         $cfff = wStackTop
	         $d000 = wBTypeHighScores
	         $d654 = wATypeHighScores
	         $d762 = wd762
	         $df70 = wCurrSoundChannelBeingProcessed
	         $df71 = wOrigSoundEffectIdx
	         $df71 = wUnusedShadowAudLen
	         $df72 = wdf72
	         $df75 = wAudTermCounterUntilChangingOutput
	         $df76 = wAudTermCounterValueToHitToChangeOutput
	         $df77 = wAudTermSelectedOutputVal
	         $df78 = wAudTermSongsSpec
	         $df79 = wAudTermOutputValue1
	         $df7a = wAudTermOutputValue2
	         $df7b = wdf7b
	         $df7e = wGamePausedSoundTimer
	         $df7f = wGamePausedActivity
	         $df80 = wUnused_df80
	         $df81 = wSongTempoAddr
	         $df83 = wdf83
	         $df90 = wAudStructs
	         $df90 = wAud1Struct
	         $dfa0 = wAud2Struct
	         $dfb0 = wAud3Struct
	         $dfc0 = wAud4Struct
	         $dfd0 = wdfd0
	         $dfe0 = wSquareSoundToPlay
	         $dfe1 = wSquareEffectBeingPlayed
	         $dfe2 = wSquareEffectFrameCounter
	         $dfe3 = wSquareEffectFrameCounterThreshold
	         $dfe4 = wSquareEffectMiscCounter
	         $dfe5 = wdfe5
	         $dfe8 = wSongToStart
	         $dfe9 = wSongBeingPlayed
	         $dfea = wdfea
	         $dff0 = wWavSoundToPlay
	         $dff1 = wWavEffectBeingPlayed
	         $dff2 = wWavEffectFrameCounter
	         $dff3 = wWavEffectFrameCounterThreshold
	         $dff4 = wWavEffectMiscCounter
	         $dff5 = wWavEffectRandomVal
	         $dff5 = wWavEffectShouldIncOrDec
	         $dff6 = wWavEffectCurrLoVal
	         $dff7 = wdff7
	         $dff8 = wNoiseSoundToPlay
	         $dff9 = wNoiseEffectBeingPlayed
	         $dffa = wNoiseEffectFrameCounter
	         $dffb = wNoiseEffectFrameCounterThreshold
	         $dffc = wNoiseEffectMiscCounter
	         $dffd = wOptionLights
	         $dffe = wOptionColors
	         $dfff = wOptionDayNightCycle
	         $e000 = wOptionDayNightCycle.end
	TOTAL EMPTY: $0000 bytes

HRAM bank #0:
	SECTION: $ff80-$fffe ($007f bytes) ["HRAM"]
	         $ff80 = hButtonsHeld
	         $ff81 = hButtonsPressed
	         $ff82 = hff82
	         $ff85 = hVBlankInterruptFinished
	         $ff86 = hCurrSpriteSpecStruct
	         $ff87 = hCurrSpriteSpecBaseY
	         $ff88 = hCurrSpriteSpecBaseX
	         $ff89 = hCurrSpriteSpecIdx
	         $ff89 = hCurrSpriteTileIndex
	         $ff8a = hUnusedFF8A
	         $ff8b = hCurrSpecEntireSpecYXFlipped
	         $ff8c = hCurrSpecBaseXFlip
	         $ff8d = hCurr_wOam_SpriteAddr
	         $ff8f = hNumSpriteSpecs
	         $ff90 = hCurrSpriteSpecBaseYOffset
	         $ff91 = hCurrSpriteSpecBaseXOffset
	         $ff92 = hCurrSpriteX
	         $ff93 = hCurrSpriteY
	         $ff94 = hCurrSpriteXFlipWithinCurrSpec
	         $ff95 = hShouldHideCurrSprite
	         $ff96 = hSpriteSpecSrcAddr
	         $ff98 = hPieceFallingState
	         $ff99 = hNumFramesUntilCurrPieceMovesDown
	         $ff9a = hNumFramesUntilPiecesMoveDown
	         $ff9b = hPieceCollisionDetected
	         $ff9c = hTetrisFlashCount
	         $ff9d = hff9d
	         $ff9e = hNumLinesCompletedBCD
	         $ffa0 = hRandomSquareObstacleTileChosen
	         $ffa0 = hMarioLuigiFaceTopLeftTileIdx
	         $ffa0 = hPreHorizMovementSpecIdx
	         $ffa0 = hNumCompletedTetrisRows
	         $ffa0 = hPreRotationSpecIdx
	         $ffa1 = hTempIE
	         $ffa2 = hffa2
	         $ffa4 = hUnusedFFA4
	         $ffa5 = hffa5
	         $ffa6 = hTimers
	         $ffa6 = hTimer1
	         $ffa7 = hTimer2
	         $ffa8 = hffa8
	         $ffa8 = hTimerEnd
	         $ffa9 = hATypeLinesThresholdToPassForNextLevel
	         $ffaa = hStickyButtonCounter
	         $ffab = hGamePaused
	         $ffac = w2PlayerHighSelected_1
	         $ffad = w2PlayerHighSelected_2
	         $ffae = hHiddenLoadedPiece
	         $ffaf = h2PlayerAddressOfNextPiece
	         $ffaf = hffaf
	         $ffb0 = hLowByteOfCurrDemoStepAddress
	         $ffb1 = hNumRowsUpOurTetrisPiecesAre
	         $ffb2 = hCurrPieceSquarePixelY
	         $ffb3 = hCurrPieceSquarePixelX
	         $ffb4 = hCurrPieceSquareScreen0Addr
	         $ffb6 = hOamDmaFunction
	         $ffc0 = hOamDmaFunction.end
	         $ffc0 = hGameType
	         $ffc1 = hMusicType
	         $ffc2 = hATypeLevel
	         $ffc3 = hBTypeLevel
	         $ffc4 = hBTypeHigh
	         $ffc5 = hIs2Player
	         $ffc6 = h5GamesFinishedTimer
	         $ffc6 = hTimerMultiplier
	         $ffc6 = hTypedLetterCounter
	         $ffc7 = hIsOptionMenu
	         $ffc8 = hSelectedOption
	         $ffc9 = hMustEnterHighScore
	         $ffca = hReversedHighScoreRanking
	         $ffcb = hTypedTextCharLoc
	         $ffcd = hMultiplayerPlayerRole
	         $ffce = hSerialInterruptHandled
	         $ffcf = hSerialInterruptFunc
	         $ffd0 = hMasterShouldSerialTransferInVBlank
	         $ffd1 = hNextSerialByteToLoad
	         $ffd2 = hSerialByteRead
	         $ffd3 = hOppositeSerialByteToWinningLosingState
	         $ffd4 = h2toThePowerOf_OtherPlayersLinesClearedMinus1
	         $ffd5 = hOtherPlayersMultiplierToProcess
	         $ffd6 = hCurrPlayersRowsShiftedUpDueToOtherPlayer
	         $ffd7 = hCurrPlayerJustFinishedRequiredLines
	         $ffd8 = h2PlayerGameFinished
	         $ffd9 = hNumWinningGames
	         $ffda = hNumLosingGames
	         $ffdb = hSelfIsAdvantage
	         $ffdc = hOtherIsAdvantage
	         $ffdd = hIsDeuce
	         $ffde = h2toThePowerOf_LinesClearedMinus1
	         $ffdf = hffdd
	         $ffe2 = hFoundDisplayableScoreDigit
	         $ffe3 = hGameState
	         $ffe4 = hVBlankInterruptCounter
	         $ffe5 = hRowsShiftingDownState
	         $ffe6 = hPrevOrCurrDemoPlayed
	         $ffe7 = hNumTimesHoldingDownEvery3Frames
	         $ffe8 = hLowByteOfVramDestForLevelNum
	         $ffe9 = hffe7
	         $ffea = hJustSetHighScoreAndCopiedToRamBuffer
	         $ffeb = hIsRecordingDemo
	         $ffec = hFramesUntilNextDemoInput
	         $ffed = hAddressOfDemoInput
	         $ffef = hDemoButtonsHeld
	         $fff0 = hActualUserButtonsHeldDuringDemo
	         $fff1 = hWonOrLostAtTheSameTimeAsOtherPlayer
	         $fff2 = hPassiveShouldUpdateMusicOamAndPlaySong
	         $fff3 = hPausedNextSerialByteToLoad
	         $fff4 = hPausedSerialByteRead
	         $fff5 = hATypeRocketSpecIdx
	         $fff6 = hIsHardMode
	         $fff7 = hfff5
	         $fffd = h1stHighScoreHighestByteForLevel
	         $fffd = hIsPieceStuckOnTopRow
	         $fffd = hfffb
	         $fffe = hPrevHiddenPiece
	TOTAL EMPTY: $0000 bytes

SUMMARY:
	ROM0: 14852 bytes used / 1532 free
	ROMX: 28176 bytes used / 20976 free in 3 banks
	SRAM: 5 bytes used / 8187 free in 1 bank
	WRAM0: 8192 bytes used / 0 free
	HRAM: 127 bytes used / 0 free
