ROM0 bank #0:
	SECTION: $0000-$0027 ($0028 bytes) ["ROM Bank $000"]
	         $0000 = RST_00
	         $0008 = RST_08
	SECTION: $0028-$0103 ($00dc bytes) ["RST $28"]
	         $0028 = JumpTable
	         $0040 = VBlankInterrupt
	         $0048 = LCDCInterrupt
	         $0050 = TimerOverflowInterrupt
	         $0058 = SerialTransferCompleteInterrupt
	         $005b = SerialInterruptHandler
	         $006b = SerialInterruptInner
	         $0078 = SerialFunc0_titleScreen
	         $0086 = SerialFunc0_titleScreen.titleScreenMain
	         $0094 = SerialFunc0_titleScreen.checkIfPassive
	         $009c = SerialFunc0_titleScreen.setSC
	         $009f = SerialFunc1_InGame
	         $00a4 = SerialFunc2_2PlayerInGame
	         $00ba = SerialFunc3_PassiveStreamingBytes
	         $00d0 = UnusedSerialFunc_clearIntFlagsIfSerialFunc2_2PlayerInGame
	         $0100 = Boot
	EMPTY: $0104-$0133 ($0030 bytes)
	SECTION: $0134-$014c ($0019 bytes) ["Header"]
	         $0134 = HeaderTitle
	         $0143 = HeaderCGBFlag
	         $0144 = HeaderNewLicenseeCode
	         $0146 = HeaderSGBFlag
	         $0147 = HeaderCartridgeType
	         $0148 = HeaderROMSize
	         $0149 = HeaderRAMSize
	         $014a = HeaderDestinationCode
	         $014b = HeaderOldLicenseeCode
	         $014c = HeaderMaskROMVersion
	EMPTY: $014d-$014f ($0003 bytes)
	SECTION: $0150-$324c ($30fd bytes) ["Begin"]
	         $0150 = Begin
	         $016c = UnusedGetScreenTileInHLWhileOamFree
	         $016f = UnusedGetScreenTileInHLWhileOamFree.waitUntilVramAndOamFree
	         $0176 = UnusedGetScreenTileInHLWhileOamFree.waitUntilVramAndOamFree2
	         $017f = AddScoreValueDEontoBaseScoreHL
	         $0197 = VBlankInterruptHandler
	         $01b2 = VBlankInterruptHandler.afterMasterTransfer
	         $0217 = VBlankInterruptHandler.end
	         $0223 = Begin2
	         $0230 = Begin2.clear2ndWram
	         $0237 = Reset
	         $024f = Reset.waitUntilVBlank
	         $0276 = Reset.initializeSram
	         $0285 = Reset.clearSram
	         $0291 = Reset.sramInitialized
	         $0297 = Reset.clearLastPage
	         $02a2 = Reset.clear1stWram
	         $02b1 = Reset.clearVram
	         $02bd = Reset.clearOam
	         $02c6 = Reset.clearHram
	         $02d1 = Reset.copyOamDmaFunc
	         $02fb = MainLoop
	         $0312 = MainLoop.nextTimer
	         $031e = MainLoop.toNextTimer
	         $032b = MainLoop.waitUntilVBlankIntDone
	         $0336 = ProcessGameState
	         $03a7 = GameState24_CopyrightDisplay
	         $03ca = GameState24_CopyrightDisplay.adjLoopA
	         $03d0 = GameState24_CopyrightDisplay.noPalAdjA
	         $03ed = GameState24_CopyrightDisplay.adjLoopB
	         $03f3 = GameState24_CopyrightDisplay.noPalAdjB
	         $0416 = GameState24_CopyrightDisplay.copyLoop
	         $042b = GameState25_CopyrightWaiting
	         $0442 = GameState35_CopyrightCanContinue
	         $0450 = GameState35_CopyrightCanContinue.setNewState
	         $0455 = GameState06_TitleScreenInit
	         $047a = GameState06_TitleScreenInit.clearScreenBuffer
	         $0495 = GameState06_TitleScreenInit.displayBlackRow
	         $04ad = GameState06_TitleScreenInit.sunriseOrSunset
	         $04b2 = GameState06_TitleScreenInit.night
	         $04b5 = GameState06_TitleScreenInit.copy
	         $04f4 = PlayDemo
	         $0534 = PlayDemo.setDemoPlayed
	         $054e = UnusedSetRecordingDemo
	         $0553 = GameState07_TitleScreenMain
	         $0562 = GameState07_TitleScreenMain.afterTimerCheck
	         $057e = GameState07_TitleScreenMain.checkButtonsPressed
	         $05b7 = !0
	         $05bb = GameState07_TitleScreenMain.scrollLoop
	         $05c2 = !1
	         $05d1 = GameState07_TitleScreenMain.playerChecks
	         $05e8 = GameState07_TitleScreenMain.waitUntilSerialIntHandled
	         $05f2 = GameState07_TitleScreenMain.setGameStateTo2ah
	         $05f4 = GameState07_TitleScreenMain.setGameState
	         $0602 = GameState07_TitleScreenMain.is1Player
	         $060b = GameState07_TitleScreenMain.afterUpCheck
	         $060e = GameState07_TitleScreenMain.flipNumPlayersOption
	         $0610 = GameState07_TitleScreenMain.setNumPlayersOpt
	         $0628 = !2
	         $0635 = !3
	         $063c = GameState07_TitleScreenMain.setCursorX
	         $0640 = GameState07_TitleScreenMain.pressedRight
	         $0646 = GameState07_TitleScreenMain.pressedLeft
	         $064a = GameState07_TitleScreenMain.pressedDown
	         $0653 = GameState07_TitleScreenMain.pressedUp
	         $0656 = GameState07_TitleScreenMain.multiplayerInvalid
	         $0659 = GameState07_TitleScreenMain.optionMenu
	         $066e = !4
	         $0676 = !5
	         $067e = !6
	         $0680 = GameState07_TitleScreenMain.setCursorY
	         $0683 = GameState07_TitleScreenMain.checkButtonsPressedOptions
	         $0698 = GameState07_TitleScreenMain.updateClock
	         $06ae = GameState07_TitleScreenMain.loopa
	         $06d0 = GameState07_TitleScreenMain.loopb
	         $06e0 = GameState07_TitleScreenMain.pressedDownOptions
	         $06e9 = GameState07_TitleScreenMain.pressedUpOptions
	         $06f3 = GameState07_TitleScreenMain.pressedBOptions
	         $06f3 = GameState07_TitleScreenMain.scrollLoopBack
	         $06fa = !7
	         $0709 = GameState07_TitleScreenMain.doneScrolling
	         $071a = GameState07_TitleScreenMain.pressedAOptions
	         $073b = !8
	         $0741 = !9
	         $0747 = GameState07_TitleScreenMain.waitVRAMA
	         $0750 = GameState07_TitleScreenMain.setTime
	         $075d = GameState07_TitleScreenMain.hours
	         $079a = GameState07_TitleScreenMain.decreaseHours
	         $07a1 = GameState07_TitleScreenMain.updateDecH
	         $07a6 = GameState07_TitleScreenMain.separateTensDecH
	         $07b1 = GameState07_TitleScreenMain.waitVRAM1
	         $07bf = GameState07_TitleScreenMain.increaseHours
	         $07c6 = GameState07_TitleScreenMain.updateIncH
	         $07cb = GameState07_TitleScreenMain.separateTensIncH
	         $07d6 = GameState07_TitleScreenMain.waitVRAM2
	         $07e5 = GameState07_TitleScreenMain.minutes
	         $0828 = GameState07_TitleScreenMain.decreaseMinutes
	         $082f = GameState07_TitleScreenMain.updateDecM
	         $0834 = GameState07_TitleScreenMain.separateTensDecM
	         $083f = GameState07_TitleScreenMain.waitVRAM3
	         $0856 = GameState07_TitleScreenMain.increaseMinutes
	         $085d = GameState07_TitleScreenMain.updateIncM
	         $0862 = GameState07_TitleScreenMain.separateTensIncM
	         $086d = GameState07_TitleScreenMain.waitVRAM4
	         $0885 = GameState07_TitleScreenMain.exit
	         $0893 = DemoSendPingsAndEndAfterAllStepsDone
	         $08b4 = DemoSendPingsAndEndAfterAllStepsDone.startNotPressed
	         $08c1 = DemoSendPingsAndEndAfterAllStepsDone.endIfDoneBSteps
	         $08c9 = DemoPollInput
	         $08e1 = DemoPollInput.mainBit
	         $08fd = DemoPollInput.clearButtonsPressedSetButtonsHeld
	         $0900 = DemoPollInput.end
	         $0909 = UnusedClearDemoButtonsHeld
	         $090f = DemoRecordInput
	         $0939 = DemoRecordInput.incFrames
	         $093f = DemoRestorePlayerButtonsHeld
	         $094c = GameState2a_passive
	         $0953 = GameState2a_2PlayerGameMusicTypeInit
	         $095d = GameState2a_2PlayerGameMusicTypeInit.cont
	         $0983 = GameState2b_2PlayerGameMusicTypeMain
	         $099f = GameState2b_2PlayerGameMusicTypeMain.isMaster
	         $09ac = GameState2b_2PlayerGameMusicTypeMain.cont
	         $09d0 = GameState2b_2PlayerGameMusicTypeMain.isMaster2
	         $09e9 = GameState2b_2PlayerGameMusicTypeMain.loadNextSerialByte
	         $09f0 = GameState2b_2PlayerGameMusicTypeMain.toNextGameState
	         $09f8 = GameState2b_2PlayerGameMusicTypeMain.load50hIntoSerialByte
	         $09fc = GameState16_passive
	         $0a03 = GameState16_MarioLuigiScreenInit
	         $0a1b = GameState16_MarioLuigiScreenInit.loop
	         $0a22 = GameState16_MarioLuigiScreenInit.cont
	         $0a59 = GameState16_MarioLuigiScreenInit.copyDarkSolid
	         $0a96 = GameState16_MarioLuigiScreenInit.marioLuigiHeads
	         $0ab6 = CopyDEtoHL_Bbytes
	         $0ab6 = CopyDEtoHL_Bbytes.loop
	         $0abd = GameState17_MarioLuigiScreenMain
	         $0ad4 = GameState17_MarioLuigiScreenMain.checkOwnHigh
	         $0adb = GameState17_MarioLuigiScreenMain.afterPassiveSerialByteHandled
	         $0ae6 = GameState17_MarioLuigiScreenMain.isMaster
	         $0af0 = GameState17_MarioLuigiScreenMain.notPressedStart
	         $0afb = GameState17_MarioLuigiScreenMain.passiveReadByteToTransitionState
	         $0afe = GameState17_MarioLuigiScreenMain.goTo2PlayerInGame
	         $0b1b = GameState17_MarioLuigiScreenMain.aGameFinished
	         $0b33 = GameState17_MarioLuigiScreenMain.masterNotTransitioningState
	         $0b3b = GameState17_MarioLuigiScreenMain.afterCheckingPlayer2High
	         $0b3d = GameState17_MarioLuigiScreenMain.masterSendSerialByte
	         $0b45 = GameState17_MarioLuigiScreenMain.masterNoInterruptHandled
	         $0b4e = GameState17_MarioLuigiScreenMain.checkPlayersButtons
	         $0b67 = GameState17_MarioLuigiScreenMain.pressedRight
	         $0b6c = GameState17_MarioLuigiScreenMain.setNewHighAndPlaySound
	         $0b72 = GameState17_MarioLuigiScreenMain.afterDirectionalsSendToOam
	         $0b79 = GameState17_MarioLuigiScreenMain.pressedLeft
	         $0b7f = GameState17_MarioLuigiScreenMain.pressedUp
	         $0b87 = Player1HighCoords
	         $0b93 = Player2HighCoords
	         $0b9f = Set2PlayerHighCoords
	         $0bb6 = GameState18_2PlayerInGameInit
	         $0bbe = GameState18_2PlayerInGameInit.initWithoutTurningOffLCD
	         $0c0d = GameState18_2PlayerInGameInit.adjLoopA
	         $0c13 = GameState18_2PlayerInGameInit.noPalAdjA
	         $0c30 = GameState18_2PlayerInGameInit.adjLoopB
	         $0c36 = GameState18_2PlayerInGameInit.noPalAdjB
	         $0c8a = GameState18_2PlayerInGameInit.afterGettingFaceOam
	         $0caa = GameState18_2PlayerInGameInit.luigiFace
	         $0cba = GameState18_2PlayerInGameInit.marioFace
	         $0cca = GameState19_2PlayerSyncHighBlocksAndPieces
	         $0cd8 = GameState19_2PlayerSyncHighBlocksAndPieces.waitUntilPassiveSends55h
	         $0ce9 = GameState19_2PlayerSyncHighBlocksAndPieces.waitUntilSerialInterruptHandled
	         $0cfc = GameState19_2PlayerSyncHighBlocksAndPieces.nextRow
	         $0cfe = GameState19_2PlayerSyncHighBlocksAndPieces.nextCol
	         $0d0b = GameState19_2PlayerSyncHighBlocksAndPieces.waitUntilSerialInterruptHandled2
	         $0d23 = GameState19_2PlayerSyncHighBlocksAndPieces.getToBufferStartRow
	         $0d2e = GameState19_2PlayerSyncHighBlocksAndPieces.nextRow2
	         $0d30 = GameState19_2PlayerSyncHighBlocksAndPieces.nextCol2
	         $0d4a = GameState19_2PlayerSyncHighBlocksAndPieces.toPrevRow
	         $0d53 = GameState19_2PlayerSyncHighBlocksAndPieces.setEmpty
	         $0d5a = GameState19_2PlayerSyncHighBlocksAndPieces.waitUntilPassivePresent
	         $0d6b = GameState19_2PlayerSyncHighBlocksAndPieces.waitUntilPassivePingedBack
	         $0d7b = GameState19_2PlayerSyncHighBlocksAndPieces.sendNextPieceToPassive
	         $0d88 = GameState19_2PlayerSyncHighBlocksAndPieces.waitUntilPieceSentToPassive
	         $0d90 = GameState19_2PlayerSyncHighBlocksAndPieces.waitUntilBothPlayersFinalPinging
	         $0da1 = GameState19_2PlayerSyncHighBlocksAndPieces.waitUntilTransferFinished
	         $0dac = GameState19_commonEnd
	         $0dca = GameState19_commonEnd.afterPassiveCheck
	         $0ddc = GameState19_passive
	         $0de6 = GameState19_passive.toDecB
	         $0dec = GameState19_passive.waitUntilMasterPresent
	         $0dfa = GameState19_passive.waitUntilPingToMasterHandled
	         $0e0a = GameState19_passive.nextRow
	         $0e0c = GameState19_passive.nextCol
	         $0e15 = GameState19_passive.waitUntilMasterSendsStartingBlock
	         $0e24 = GameState19_passive.waitUntilMasterReadyToSendPieces
	         $0e32 = GameState19_passive.waitUntilTransferFinished
	         $0e42 = GameState19_passive.loadNextPiece
	         $0e4b = GameState19_passive.waitUntilTransferFinished2
	         $0e56 = GameState19_passive.waitUntilBothPlayersFinalPinging
	         $0e64 = GameState19_passive.waitUntilTransferFinished3
	         $0e72 = LoadBottomRowWithBlocks
	         $0e79 = LoadBottomRowWithBlocks.nextCol
	         $0e7e = SerialTransferWaitFunc
	         $0e81 = SerialTransferWaitFunc.loop
	         $0e87 = ShuffleHiddenPieces2Player
	         $0e90 = ShuffleHiddenPieces2Player.nextRandomVal
	         $0e93 = ShuffleHiddenPieces2Player.loop1chTo0
	         $0e94 = ShuffleHiddenPieces2Player.toDecB
	         $0ea1 = ShuffleHiddenPieces2Player.afterBEqu0
	         $0eaf = ShuffleHiddenPieces2Player.fromTriesExhausted
	         $0eb8 = GameState1c_2PlayerSyncAtInGameInitEnd
	         $0ed7 = GameState1c_2PlayerSyncAtInGameInitEnd.afterHidden
	         $0ee8 = GameState1c_2PlayerSyncAtInGameInitEnd.rowsNotYetLoaded
	         $0ef0 = GameState1c_2PlayerSyncAtInGameInitEnd.loopWallMarkings
	         $0f02 = GameState1c_2PlayerSyncAtInGameInitEnd.loopUntilBequ0
	         $0f07 = GameState1c_2PlayerSyncAtInGameInitEnd.nextB
	         $0f10 = GameState1c_2PlayerSyncAtInGameInitEnd.done
	         $0f17 = GameState1a_2PlayerInGameMain
	         $0f59 = GameState1a_2PlayerInGameMain.notYetFinished
	         $0f69 = GameState1a_2PlayerInGameMain.afterLevelDone
	         $0f7a = GameState1a_2PlayerInGameMain.end
	         $0f81 = CheckAlmostLosingStatus
	         $0f8b = CheckAlmostLosingStatus.nextRow
	         $0f8e = CheckAlmostLosingStatus.nextCol
	         $0f9b = CheckAlmostLosingStatus.afterLoop
	         $0fad = CheckAlmostLosingStatus.nearTop
	         $0fbc = MasterPausedSerialByteRead
	         $0fd6 = InGame2PlayerProcessSerialByte
	         $1002 = InGame2PlayerProcessSerialByte.drawBLineMarkings
	         $1004 = InGame2PlayerProcessSerialByte.loopShownMarkings
	         $100b = InGame2PlayerProcessSerialByte.afterShownLineMarkings
	         $100d = InGame2PlayerProcessSerialByte.loopHiddenMarkings
	         $1014 = InGame2PlayerProcessSerialByte.afterProcessingSerialByte
	         $1020 = InGame2PlayerProcessSerialByte.afterProcessingSerialBytecont
	         $1033 = InGame2PlayerProcessSerialByte.setNextSerialByteToLoad
	         $1036 = InGame2PlayerProcessSerialByte.otherPlayerWon
	         $1046 = InGame2PlayerProcessSerialByte.noLineMarkings
	         $104a = InGame2PlayerProcessSerialByte.otherPlayerLost
	         $1062 = InGame2PlayerProcessSerialByte.wonOrLostAtTheSameTime
	         $1068 = InGame2PlayerProcessSerialByte.serialByteBit7set
	         $1072 = CheckIfOtherPlayerCleared2PlusLines
	         $107e = CheckIfOtherPlayerCleared2PlusLines.checkIfMultiplierToProcess
	         $1088 = CheckIfOtherPlayerCleared2PlusLines.multiplierToProcessAfterPlayingPiece
	         $1090 = CheckIfOtherPlayerCleared2PlusLines.getStartingRow
	         $1099 = CheckIfOtherPlayerCleared2PlusLines.copyNextRow
	         $109b = CheckIfOtherPlayerCleared2PlusLines.copyNextCol
	         $10b3 = CheckIfOtherPlayerCleared2PlusLines.copyDarkSolidRow
	         $10b8 = CheckIfOtherPlayerCleared2PlusLines.copyDarkSolidCol
	         $10d1 = GameState1b_2PlayerGameEnd
	         $10e9 = GameState1b_2PlayerGameEnd.tie
	         $10ef = GameState1b_2PlayerGameEnd.notLost
	         $10f9 = GameState1b_2PlayerGameEnd.cont
	         $110d = GameState1b_2PlayerGameEnd.setGameState
	         $1118 = GameState1d_2PlayerWinnerInit
	         $1126 = GameState1d_2PlayerWinnerInit.cont
	         $1135 = GameState1d_2PlayerWinnerInit.loadHappySprites
	         $114b = GameState1d_2PlayerWinnerInit.copyHappySprites
	         $1164 = WinnerMainIsMaster
	         $1171 = WinnerMainIsMaster.notWonAll5
	         $1177 = WinnerMainIsMaster.toNextState
	         $117f = GameState20_2PlayerWinnerMain
	         $1193 = GameState20_2PlayerWinnerMain.end
	         $119c = GoPastWinnerGameStates
	         $11a3 = ProcessWinnerMainTimer
	         $11cb = ProcessWinnerMainTimer.afterTimerCheck
	         $11e9 = ProcessWinnerMainTimer.turnBabyToSmallGas
	         $11f5 = ProcessWinnerMainTimer.hideBabySprite
	         $11f9 = ProcessWinnerMainTimer.end
	         $1209 = GameState1e_2PlayerLoserInit
	         $1217 = GameState1e_2PlayerLoserInit.cont
	         $1226 = GameState1e_2PlayerLoserInit.loadSadSprites
	         $123c = GameState1e_2PlayerLoserInit.copySadSprites
	         $1255 = LoserMainIsMaster
	         $1262 = LoserMainIsMaster.notLost5
	         $1268 = LoserMainIsMaster.toNextState
	         $1270 = GameState21_2PlayerLoserMain
	         $1284 = GameState21_2PlayerLoserMain.end
	         $128d = GoPastLoserGameStates
	         $1294 = ProcessLoserMainTimer
	         $12b5 = ProcessLoserMainTimer.afterTimerCheck
	         $12d9 = ProcessLoserMainTimer.turnAdultToBigGas
	         $12e9 = ProcessLoserMainTimer.hideAdultSprite
	         $12ed = ProcessLoserMainTimer.end
	         $12fd = DisplayTextPushStart
	         $1319 = DisplayTextPushStart.loop
	         $131f = DisplayTextPushStart.done
	         $1322 = DisplayTextPushStart.sprites
	         $1346 = ClearPushStartText
	         $134f = ClearPushStartText.loop
	         $1355 = LoadWinnerLoserScreen
	         $13a4 = LoadWinnerLoserScreen.afterBGdisplay
	         $13ac = LoadWinnerLoserScreen.afterDeuceAdvantageLogic
	         $13c6 = LoadWinnerLoserScreen.drawWinnerText
	         $13cb = LoadWinnerLoserScreen.afterWinningText
	         $13d6 = LoadWinnerLoserScreen.drawFaces
	         $13fa = LoadWinnerLoserScreen.checkLosingGames
	         $1414 = LoadWinnerLoserScreen.drawLoserText
	         $1419 = LoadWinnerLoserScreen.afterLosingText
	         $1424 = LoadWinnerLoserScreen.drawFaces2
	         $143d = LoadWinnerLoserScreen.afterWinningLosingGfx
	         $144d = LoadWinnerLoserScreen.turnOnLCDandClearOam
	         $1455 = DrawCfaces
	         $1455 = DrawCfaces.nextFace
	         $145d = DrawCfaces.nextRow
	         $1470 = ProcessDeuceAdvantageLogic
	         $148e = ProcessDeuceAdvantageLogic.setLostScoreTo5
	         $1497 = ProcessDeuceAdvantageLogic.thunkClearAdvantages
	         $149b = ProcessDeuceAdvantageLogic.won4
	         $149d = ProcessDeuceAdvantageLogic.clearDeuceAndAdvantages
	         $14a0 = ProcessDeuceAdvantageLogic.clearAdvantages
	         $14a6 = ProcessDeuceAdvantageLogic.wasDeuce
	         $14ad = ProcessDeuceAdvantageLogic.clearDeuce
	         $14b1 = ProcessDeuceAdvantageLogic.clearDeuceSetOtherAdvantage
	         $14b5 = ProcessDeuceAdvantageLogic.wasSelfAdvantage
	         $14bc = ProcessDeuceAdvantageLogic.wasOtherAdvantage
	         $14c3 = CopyAndUnderlineTextDEtoHL_Bbytes
	         $14c5 = CopyAndUnderlineTextDEtoHL_Bbytes.copyText
	         $14d3 = CopyAndUnderlineTextDEtoHL_Bbytes.underlineText
	         $14d8 = TextDeuce
	         $14de = TextMarioWins
	         $14e9 = TextLuigiWins
	         $14f4 = TextAdvantage
	         $14fd = GameState1f_Post2PlayerResults
	         $1525 = GameState1f_Post2PlayerResults.winnerOfRoundsChosen
	         $152a = ReturnFromCallersContextUntilBothPlayersCommunicatingBC
	         $1543 = ReturnFromCallersContextUntilBothPlayersCommunicatingBC.done
	         $1545 = ReturnFromCallersContextUntilBothPlayersCommunicatingBC.masterSendC
	         $154b = ReturnFromCallersContextUntilBothPlayersCommunicatingBC.passive
	         $1552 = GameState26_ShuttleSceneInit
	         $15a2 = DisplayRocketScene
	         $15db = GameState27_ShuttleSceneShowClouds
	         $15f1 = GameState28_ShuttleSceneFlashCloudsGetBigger
	         $15fa = GameState28_ShuttleSceneFlashCloudsGetBigger.showBiggerClouds
	         $1611 = GameState29_ShuttleSceneFlashBigCloudsRemovePlatforms
	         $161a = GameState29_ShuttleSceneFlashBigCloudsRemovePlatforms.removePlatforms
	         $1639 = GameState02_ShuttleSceneLiftoff
	         $166c = GameState02_ShuttleSceneLiftoff.flashNonRocketBits
	         $1670 = GameState03_ShuttleSceneShootFire
	         $1692 = GameState03_ShuttleSceneShootFire.checkTimer2
	         $16a2 = GameState03_ShuttleSceneShootFire.sendSpritesToOam
	         $16a8 = GameState2c_ShuttleSceneShowCongratulations
	         $16ea = GameState2c_ShuttleSceneShowCongratulations.congratsText
	         $16fa = GameState2d_CongratsWaitingBeforeBTypeScore
	         $16fa = GameState2c_ShuttleSceneShowCongratulations.end
	         $1719 = GameState34_PreRocketSceneWait
	         $1722 = GameState2e_RocketSceneInit
	         $1754 = GameState2f_RocketSceneShowClouds
	         $176a = GameState30_PoweringUp
	         $1773 = GameState30_PoweringUp.liftingOff
	         $1781 = GameState31_RocketSceneLiftOff
	         $17b4 = GameState31_RocketSceneLiftOff.toggleVisibility
	         $17b8 = GameState32_RocketSceneShootFire
	         $17d2 = GameState32_RocketSceneShootFire.checkTimer2
	         $17e2 = GameState32_RocketSceneShootFire.copySpecsToOam
	         $17e8 = GameState33_RocketSceneEnd
	         $1806 = ToggleNonRocketSpritesVisibilityEvery10Frames
	         $1818 = ToggleNonRocketSpritesVisibilityEvery10Frames.nextGas
	         $1827 = ShuttleMetalStructureLeft
	         $182e = ShuttleMetalStructureRight
	         $1835 = RocketMetalStructureLeft
	         $183c = RocketMetalStructureRight
	         $1843 = CopyDEintoHLsColumn_Bbytes
	         $1843 = CopyDEintoHLsColumn_Bbytes.loop
	         $1850 = GameState08_GameMusicTypeInit
	         $185b = GameMusicTypeInitWithoutDisablingSerialRegs
	         $189e = GameMusicTypeInitWithoutDisablingSerialRegs.setGameTypeSpriteSpec
	         $18ad = Stub_148c
	         $18ae = PlayMovingSelectionSnd_SetSpriteSpecCoordsForMusicType
	         $18b3 = SetSpriteSpecCoordsForMusicType
	         $18c9 = SetSpriteSpecCoordsForMusicType.coords
	         $18d1 = GameState0f_MusicTypeMain
	         $18e9 = GameState0f_MusicTypeMain.checkDirectionalButtons
	         $1901 = GameState0f_MusicTypeMain.setMusicType
	         $1908 = GameState0f_MusicTypeMain.copyToShadowOam
	         $190c = GameState0f_MusicTypeMain.pressedUp
	         $1914 = GameState0f_MusicTypeMain.pressedRight
	         $191f = GameState0f_MusicTypeMain.pressedLeft
	         $192a = GameState0f_MusicTypeMain.pressedB
	         $1933 = GameState0f_MusicTypeMain.not2player
	         $1938 = PlaySongBasedOnMusicTypeChosen
	         $1942 = PlaySongBasedOnMusicTypeChosen.playSong
	         $1946 = GameState0e_GameTypeMain
	         $196c = GameState0e_GameTypeMain.pressedRight
	         $1974 = GameState0e_GameTypeMain.setGameTypeAndSpriteSpecIdx
	         $197f = GameState0e_GameTypeMain.setSpecIdx
	         $1980 = GameState0e_GameTypeMain.copyToShadowOamOnly
	         $1984 = GameState0e_GameTypeMain.pressedStart
	         $1993 = GameState0e_GameTypeMain.setGameStateClearSpecIdx
	         $1998 = GameState0e_GameTypeMain.pressedA
	         $199c = GameState10_ATypeSelectionInit
	         $19c2 = GameState10_ATypeSelectionInit.adjLoopA
	         $19c8 = GameState10_ATypeSelectionInit.noPalAdjA
	         $19e5 = GameState10_ATypeSelectionInit.adjLoopB
	         $19eb = GameState10_ATypeSelectionInit.noPalAdjB
	         $1a36 = GameState10_ATypeSelectionInit.setGameStateToEnterHighScore
	         $1a38 = GameState10_ATypeSelectionInit.setGameState
	         $1a3b = GameState11_ATypeSelectionMain
	         $1a6d = GameState11_ATypeSelectionMain.pressedRight
	         $1a72 = GameState11_ATypeSelectionMain.setNewLevel
	         $1a7f = GameState11_ATypeSelectionMain.sendSpritesToOam
	         $1a83 = GameState11_ATypeSelectionMain.pressedLeft
	         $1a89 = GameState11_ATypeSelectionMain.pressedUp
	         $1a91 = ATypeLevelsCoords
	         $1aa5 = GameState12_BTypeSelectionInit
	         $1acb = GameState12_BTypeSelectionInit.adjLoopA
	         $1ad1 = GameState12_BTypeSelectionInit.noPalAdjA
	         $1aee = GameState12_BTypeSelectionInit.adjLoopB
	         $1af4 = GameState12_BTypeSelectionInit.noPalAdjB
	         $1b47 = GameState12_BTypeSelectionInit.setEnterHiScore
	         $1b4c = GameState13_setGameStateMakeSpriteVisible
	         $1b51 = GameState13_BTypeSelectionMain
	         $1b85 = GameState13_BTypeSelectionMain.pressedRight
	         $1b8a = GameState13_BTypeSelectionMain.setNewSpriteCoords
	         $1b97 = GameState13_BTypeSelectionMain.sendToOam
	         $1b9b = GameState13_BTypeSelectionMain.pressedLeft
	         $1ba1 = GameState13_BTypeSelectionMain.pressedUp
	         $1ba9 = BTypeLevelsCoords
	         $1bbd = GameState14_setGameStateMakeSpriteVisible
	         $1bc2 = GameState14_BTypeHighMain
	         $1bf4 = GameState14_BTypeHighMain.pressedRight
	         $1bf9 = GameState14_BTypeHighMain.setNewHighSpriteCoords
	         $1c06 = GameState14_BTypeHighMain.sendToOam
	         $1c0a = GameState14_BTypeHighMain.pressedLeft
	         $1c10 = GameState14_BTypeHighMain.pressedUp
	         $1c18 = BTypeHighsCoords
	         $1c24 = UnusedNop_174d
	         $1c25 = PlayMovingSound_SetNumberSpecStructsCoordsAndSpecIdxFromHLtable
	         $1c2c = SetNumberSpecStructsCoordsAndSpecIdxFromHLtable
	         $1c3d = GetButtonsPressedB_AlternateSpriteSpecBetweenShownAndHidden
	         $1c4d = CopyCSpriteSpecStructsFromDEtoHL
	         $1c4d = CopyCSpriteSpecStructsFromDEtoHL.nextSpriteSpec
	         $1c50 = CopyCSpriteSpecStructsFromDEtoHL.loop
	         $1c61 = Clear_wOam
	         $1c67 = Clear_wOam.loop
	         $1c6c = DisplayATypeHighScoresForLevel
	         $1c77 = DisplayATypeHighScoresForLevel.decA
	         $1c7e = DisplayATypeHighScoresForLevel.afterHiScoreAddrForLevel
	         $1c86 = DisplayBTypeHighScoresForLevel
	         $1c91 = DisplayBTypeHighScoresForLevel.decA1
	         $1c98 = DisplayBTypeHighScoresForLevel.afterHiScoreAddrForLevel
	         $1c9d = DisplayBTypeHighScoresForLevel.decA2
	         $1ca4 = DisplayBTypeHighScoresForLevel.afterHiScoreAddrForLevelAndHigh
	         $1cac = CopyHighScoreValueToRamBuffer
	         $1cae = CopyHighScoreValueToRamBuffer.nextByteToCheckIfEmpty
	         $1cbe = CopyHighScoreValueToRamBuffer.hasTens
	         $1cc8 = CopyHighScoreValueToRamBuffer.storeDigits
	         $1cce = CopyHLtoDEbackwards_3bytes
	         $1cd0 = CopyHLtoDEbackwards_Bbytes.loop
	         $1cd0 = CopyHLtoDEbackwards_Bbytes
	         $1cd7 = SetNewHighScoreIfAchieved_SendNameAndScoreToRamBuffer
	         $1cdf = SetNewHighScoreIfAchieved_SendNameAndScoreToRamBuffer.nextHiScore
	         $1ce5 = SetNewHighScoreIfAchieved_SendNameAndScoreToRamBuffer.nextScoreByteToCompare
	         $1cf0 = SetNewHighScoreIfAchieved_SendNameAndScoreToRamBuffer.toNextHiScore
	         $1cf9 = SetNewHighScoreIfAchieved_SendNameAndScoreToRamBuffer.currScoreHigherThanAHighScore
	         $1d0b = SetNewHighScoreIfAchieved_SendNameAndScoreToRamBuffer.shiftLowerScoresDown
	         $1d13 = SetNewHighScoreIfAchieved_SendNameAndScoreToRamBuffer.setCurrHighScore
	         $1d18 = SetNewHighScoreIfAchieved_SendNameAndScoreToRamBuffer.setCurrLoop
	         $1d2f = SetNewHighScoreIfAchieved_SendNameAndScoreToRamBuffer.shiftLowerNamesDown
	         $1d39 = SetNewHighScoreIfAchieved_SendNameAndScoreToRamBuffer.setCurrName
	         $1d3d = SetNewHighScoreIfAchieved_SendNameAndScoreToRamBuffer.copyDottedName
	         $1d57 = SetNewHighScoreIfAchieved_SendNameAndScoreToRamBuffer.afterNoHighScore
	         $1d62 = SetNewHighScoreIfAchieved_SendNameAndScoreToRamBuffer.displayNextScore
	         $1d81 = SetNewHighScoreIfAchieved_SendNameAndScoreToRamBuffer.displayNextName
	         $1d84 = SetNewHighScoreIfAchieved_SendNameAndScoreToRamBuffer.nextNameChar
	         $1d8d = SetNewHighScoreIfAchieved_SendNameAndScoreToRamBuffer.toNextName
	         $1da1 = DisplayHighScoresAndNamesForLevel
	         $1dad = DisplayHighScoresAndNamesForLevel.nextHighScore
	         $1dae = DisplayHighScoresAndNamesForLevel.next6chars
	         $1db0 = DisplayHighScoresAndNamesForLevel.copyName
	         $1dce = DisplayHighScoresAndNamesForLevel.end
	         $1dd3 = DisplayDottedLinesForHighScore
	         $1ddd = DisplayDottedLinesForHighScore.nextRow
	         $1de0 = DisplayDottedLinesForHighScore.nextCol
	         $1dea = GameState15_EnteringHighScore
	         $1df2 = GameState15_EnteringHighScore.decA
	         $1df8 = GameState15_EnteringHighScore.afterRamDestAddrForScore
	         $1e18 = GameState15_EnteringHighScore.setTile
	         $1e1b = GameState15_EnteringHighScore.afterTimerCheck
	         $1e3f = GameState15_EnteringHighScore.done
	         $1e53 = GameState15_EnteringHighScore.setGameState
	         $1e56 = GameState15_EnteringHighScore.upHeld
	         $1e5e = GameState15_EnteringHighScore.upPressed
	         $1e69 = GameState15_EnteringHighScore.afterUpHardModeCheck
	         $1e6f = GameState15_EnteringHighScore.incChar
	         $1e70 = GameState15_EnteringHighScore.setChar
	         $1e77 = GameState15_EnteringHighScore.notUpLastChar
	         $1e7f = GameState15_EnteringHighScore.downHeld
	         $1e87 = GameState15_EnteringHighScore.downPressed
	         $1e92 = GameState15_EnteringHighScore.afterDownHardModeCheck
	         $1e99 = GameState15_EnteringHighScore.decChar
	         $1e9c = GameState15_EnteringHighScore.notDownLastChar
	         $1ea3 = GameState15_EnteringHighScore.aPressed
	         $1ebe = GameState15_EnteringHighScore.setNextCharLoc
	         $1ec5 = GameState15_EnteringHighScore.bPressed
	         $1ed5 = StoreAinHLwhenLCDFree
	         $1ed6 = StoreBinHLwhenLCDFree
	         $1ed6 = StoreBinHLwhenLCDFree.waitUntilVramAndOamFree
	         $1ede = GameState0a_InGameInit
	         $1f1b = GameState0a_InGameInit.afterGameTypeCheck
	         $1f3d = GameState0a_InGameInit.adjLoopA
	         $1f43 = GameState0a_InGameInit.noPalAdjA
	         $1f60 = GameState0a_InGameInit.adjLoopB
	         $1f66 = GameState0a_InGameInit.noPalAdjB
	         $1f9d = GameState0a_InGameInit.afterHardModeCheck
	         $1fbb = GameState0a_InGameInit.setNumLinesCompleted
	         $1fc4 = GameState0a_InGameInit.setFramesUntilPieceMovesDown
	         $1fd2 = GameState0a_InGameInit.afterPieceHiddenCheck
	         $2002 = GameState0a_InGameInit.notDemo
	         $200c = GameState0a_InGameInit.end
	         $2014 = SetNumFramesUntilPiecesMoveDown
	         $2025 = SetNumFramesUntilPiecesMoveDown.getIndexInDE
	         $2026 = SetNumFramesUntilPiecesMoveDown.setTopSpeedForPieces
	         $2032 = SetNumFramesUntilPiecesMoveDown.framesData
	         $2047 = PopulateDemoBTypeScreenWithBlocks
	         $204f = PopulateDemoBTypeScreenWithBlocks.nextRow
	         $2052 = PopulateDemoBTypeScreenWithBlocks.nextCol
	         $206c = PopulateDemoBTypeScreenWithBlocks.layout
	         $2094 = PopulateGameScreenWithRandomBlocks
	         $2095 = PopulateGameScreenWithRandomBlocks.decB
	         $209b = PopulateGameScreenWithRandomBlocks.mainLoop
	         $209e = PopulateGameScreenWithRandomBlocks.fromWasTileEmpty
	         $20a0 = PopulateGameScreenWithRandomBlocks.toDecRandom
	         $20ab = PopulateGameScreenWithRandomBlocks.afterChoosingEmptyOrPieceSquare
	         $20b7 = PopulateGameScreenWithRandomBlocks.pickedEmpty
	         $20b9 = PopulateGameScreenWithRandomBlocks.emptyOrActualPieceSquareChosen
	         $20cc = PopulateGameScreenWithRandomBlocks.popAFstoreChosenSquare
	         $20cd = PopulateGameScreenWithRandomBlocks.storeChosenSquare
	         $20d9 = PopulateGameScreenWithRandomBlocks.from2player
	         $20ee = PopulateGameScreenWithRandomBlocks.toNextRow
	         $20f4 = PopulateGameScreenWithRandomBlocks.vramDestHighEqu9ah
	         $20fa = GameState00_InGameMain
	         $2120 = InGameCheckResetAndPause.startNotPressed
	         $2120 = InGameCheckResetAndPause
	         $212f = InGameCheckResetAndPause.setPieceVisibility
	         $2136 = InGameCheckResetAndPause.pieceNotHidden
	         $2139 = InGameCheckResetAndPause.start
	         $216b = InGameCheckResetAndPause.waitUntilVramAndOamFree
	         $2179 = InGameCheckResetAndPause.setNextPieceVisibility
	         $217c = InGameCheckResetAndPause.setCurrPieceVisibilityAndSend2PiecesToOam
	         $2186 = InGameCheckResetAndPause.gameUnPaused
	         $2196 = InGameCheckResetAndPause.is2Player
	         $21b4 = InGame2PlayerCheckUnpaused
	         $21cd = InGame2PlayerCheckUnpaused.isPassive
	         $21d6 = InGame2PlayerCheckUnpaused.gameUnpaused
	         $21ed = InGame2PlayerCheckUnpaused.loop
	         $21f5 = InGame2PlayerCheckUnpaused.popHL
	         $21f7 = Display2PlayerPauseText
	         $21ff = Display2PlayerPauseText.loop
	         $2209 = Display2PlayerPauseText.text
	         $220e = GameState01_GameOverInit
	         $2232 = GameState04_LevelEndedMain
	         $223b = GameState04_LevelEndedMain.aOrStartPressed
	         $224f = GameState04_LevelEndedMain.setGameState
	         $2252 = GameState05_BTypeLevelFinished
	         $228e = GameState05_BTypeLevelFinished.clearScore
	         $2292 = GameState05_BTypeLevelFinished.fromLevel0
	         $22b0 = DisplayBTypeScoreMultipliersBasedOnLevel
	         $22b7 = DisplayBTypeScoreMultipliersBasedOnLevel.clearScore
	         $22bf = DisplayBTypeScoreMultipliersBasedOnLevel.addScore
	         $22ce = DisplayBTypeScoreMultipliersBasedOnLevel.checkForDigit
	         $22dd = DisplayBTypeScoreMultipliersBasedOnLevel.hasTens
	         $22e3 = DisplayBTypeScoreMultipliersBasedOnLevel.hasDigits
	         $22ec = GameState0b_ScoreUpdateAfterBTypeLevelDone
	         $22fa = GameState22_DancersInit
	         $232b = GameState22_DancersInit.setNextDancerAnimDetails
	         $2340 = GameState22_DancersInit.numDancersInB
	         $2349 = GameState22_DancersInit.loopSetVisible
	         $2362 = Dancers_AnimationTimers
	         $236c = GameState23_sendDancersToOam
	         $2372 = GameState23_DancersMain
	         $2382 = GameState23_DancersMain.nextDancer
	         $239b = GameState23_DancersMain.toNextDancer
	         $23b7 = GameState23_DancersMain.setGameState
	         $23ba = GameState23_DancersMain.isJumperStanding
	         $23c0 = GameState23_DancersMain.isJumperJumping
	         $23c6 = After4ScoreCategoriesProcessed
	         $2408 = ProcessScoreUpdatesAfterBTypeLevelDone
	         $2443 = ProcessScoreUpdatesAfterBTypeLevelDone.processCategory
	         $2447 = GameState0c_UnusedPreShuttleLiftOff
	         $2450 = GameState0d_GameOverScreenClearing
	         $2468 = GameState0d_GameOverScreenClearing.is1player
	         $249d = GameState0d_GameOverScreenClearing.setGameStateGameOverScreen
	         $249f = GameState0d_GameOverScreenClearing.setGameState
	         $24a2 = GameState0d_GameOverScreenClearing.setRocketSpecIdxThenNextState
	         $24ae = CopyGameScreenInnerText
	         $24ae = CopyGameScreenInnerText.nextRow
	         $24b1 = CopyGameScreenInnerText.nextCol
	         $24c2 = AddOnCompletedLinesScore
	         $24f4 = AddOnCompletedLinesScore.afterChoosingScoreCateg
	         $24fa = AddOnCompletedLinesScore.loop
	         $2508 = FillGameScreenBufferWithTileAandSetToVramTransfer
	         $250e = FillGameScreenBufferWithTileA
	         $2516 = FillGameScreenBufferWithTileA.nextRow
	         $2519 = FillGameScreenBufferWithTileA.nextCol
	         $2523 = FillBottom2RowsOfTileMapWithEmptyTile
	         $252d = FillBottom2RowsOfTileMapWithEmptyTile.nextRow
	         $252f = FillBottom2RowsOfTileMapWithEmptyTile.nextCol
	         $2538 = PlayNextPieceLoadNextAndHiddenPiece
	         $2565 = PlayNextPieceLoadNextAndHiddenPiece.inDemoOr2Player
	         $2574 = PlayNextPieceLoadNextAndHiddenPiece.setNextDemoStep
	         $2582 = PlayNextPieceLoadNextAndHiddenPiece.only1player
	         $2584 = PlayNextPieceLoadNextAndHiddenPiece.upToDIV
	         $2587 = PlayNextPieceLoadNextAndHiddenPiece.xorAloop
	         $2588 = PlayNextPieceLoadNextAndHiddenPiece.nextB
	         $2595 = PlayNextPieceLoadNextAndHiddenPiece.bEqu0
	         $25a3 = PlayNextPieceLoadNextAndHiddenPiece.hDone
	         $25a6 = PlayNextPieceLoadNextAndHiddenPiece.skipDIV
	         $25c1 = InGameHandlePieceFalling.holdingDown
	         $25c1 = InGameHandlePieceFalling
	         $25d3 = InGameHandlePieceFalling.afterCheckingIfPressedDown
	         $25ec = InGameHandlePieceFalling.start
	         $25f4 = InGameHandlePieceFalling.afterPressedDown
	         $2601 = InGameHandlePieceFalling.sendActivePieceToOam
	         $2605 = InGameHandlePieceFalling.currScoreEqu0
	         $2612 = InGameHandlePieceFalling.afterIncTimesHoldingDownForPiece
	         $2650 = InGameHandlePieceFalling.clearTimesHoldingDown
	         $2653 = InGameHandlePieceFalling.fromNotHoldingDown
	         $2674 = InGameHandlePieceFalling.skipGameOver
	         $2676 = InGameHandlePieceFalling.isAType
	         $2677 = InGameHandlePieceFalling.keepAdding
	         $267e = InGameHandlePieceFalling.addDropsToScore
	         $268e = InGameCheckIfAnyTetrisRowsComplete
	         $26a3 = InGameCheckIfAnyTetrisRowsComplete.nextRow
	         $26a6 = InGameCheckIfAnyTetrisRowsComplete.nextCol
	         $26bb = InGameCheckIfAnyTetrisRowsComplete.toNextRow
	         $26eb = InGameCheckIfAnyTetrisRowsComplete.gameTypeB
	         $26fa = InGameCheckIfAnyTetrisRowsComplete.afterGameTypeNumLinesProcessing
	         $271f = InGameCheckIfAnyTetrisRowsComplete.end
	         $2728 = InGameCheckIfAnyTetrisRowsComplete.emptyTileFoundInRow
	         $272b = InGameCheckIfAnyTetrisRowsComplete.clearNumLinesCompleted
	         $2730 = FlashCompletedTetrisRows
	         $2746 = FlashCompletedTetrisRows.upperOuterLoop
	         $2756 = FlashCompletedTetrisRows.flashRow
	         $2758 = FlashCompletedTetrisRows.flashRowLoop
	         $2761 = FlashCompletedTetrisRows.incFlashCount
	         $276f = FlashCompletedTetrisRows.flashed7times
	         $277a = FlashCompletedTetrisRows.finishedHandlingPieceFalling
	         $277e = FlashCompletedTetrisRows.flashRowsWithOrigTile
	         $2788 = FlashCompletedTetrisRows.origTileCopyLoop
	         $2798 = FlashCompletedTetrisRows.doneWithFallingPiecePlayNextPiece
	         $279d = ShiftEntireGameRamBufferDownARow
	         $27aa = ShiftEntireGameRamBufferDownARow.nextCompletedRow
	         $27b5 = ShiftEntireGameRamBufferDownARow.nextRow
	         $27b8 = ShiftEntireGameRamBufferDownARow.rowShiftCopy
	         $27d7 = ShiftEntireGameRamBufferDownARow.clearTopRow
	         $27e3 = ClearPointersToCompletedTetrisRows
	         $27e9 = ClearPointersToCompletedTetrisRows.loop
	         $27ee = CopyRamBufferRow17ToVram
	         $27fd = CopyRamBufferRow16ToVram
	         $280c = CopyRamBufferRow15ToVram
	         $281b = CopyRamBufferRow14ToVram
	         $282a = CopyRamBufferRow13ToVram
	         $2839 = CopyRamBufferRow12ToVram
	         $2848 = CopyRamBufferRow11ToVram
	         $285f = CopyRamBufferRow11ToVram.loop
	         $2865 = CopyRamBufferRow11ToVram.is2Player
	         $2873 = CopyRamBufferRow10ToVram
	         $2882 = CopyRamBufferRow9ToVram
	         $2891 = CopyRamBufferRow8ToVram
	         $28a0 = CopyRamBufferRow7ToVram
	         $28af = CopyRamBufferRow6ToVram
	         $28be = CopyRamBufferRow5ToVram
	         $28cd = CopyRamBufferRow4ToVram
	         $28dc = CopyRamBufferRow3ToVram
	         $28ee = CopyRamBufferRow2ToVram
	         $2907 = CopyRamBufferRow1ToVram
	         $291c = CopyRamBufferRow0ToVram
	         $2939 = CopyRamBufferRow0ToVram.getLinesToDisplay
	         $294f = CopyRamBufferRow0ToVram.displayLines
	         $296e = CopyRamBufferRow0ToVram.is1playerEnd
	         $2978 = CopyRamBufferRow0ToVram.setGameState
	         $297b = CopyRamBufferRow0ToVram.playNextPiece
	         $297f = CopyRamBufferRow0ToVram.is2player
	         $298b = DisplayGameATypeScoreIfInGameAndForced
	         $299b = CheckIfATypeNextLevelReached
	         $29ce = CheckIfATypeNextLevelReached.nextDigit
	         $29e4 = CheckIfATypeNextLevelReached.afterSendingNewLevelToVram
	         $29ed = ABisBCDofValInHL
	         $29f2 = ABisBCDofValInHL.loop
	         $29fa = ABisBCDofValInHL.copyAtoB
	         $29fc = CopyRamBufferRowToVram
	         $29fe = CopyRamBufferRowToVram.loop
	         $2a0b = InGameCheckButtonsPressed
	         $2a2a = InGameCheckButtonsPressed.pressedAAnimation0
	         $2a30 = InGameCheckButtonsPressed.pressedB
	         $2a3a = InGameCheckButtonsPressed.pressedBAnimation3
	         $2a3e = InGameCheckButtonsPressed.afterRotation
	         $2a59 = InGameCheckButtonsPressed.afterCollisionCheck
	         $2a77 = InGameCheckButtonsPressed.pressedRight
	         $2a8a = InGameCheckButtonsPressed.afterHorizCollisionCheck
	         $2a99 = InGameCheckButtonsPressed.notHeldLeft
	         $2a9c = InGameCheckButtonsPressed.notHeldRight
	         $2aae = InGameCheckButtonsPressed.pressedLeft
	         $2ac3 = RetZIfNoCollisionForPiece
	         $2ac8 = RetZIfNoCollisionForPiece.nextSprite
	         $2ae3 = RetZIfNoCollisionForPiece.empty
	         $2aea = RetZIfNoCollisionForPiece.fromXis0
	         $2aee = RetZIfNoCollisionForPiece.notEmpty
	         $2af5 = InGameAddPieceToVram
	         $2aff = InGameAddPieceToVram.nextSquareOfPiece
	         $2b11 = InGameAddPieceToVram.waitUntilVramAndOamFree
	         $2b1c = InGameAddPieceToVram.waitVRAMB
	         $2b31 = InGameAddPieceToVram.nextState
	         $2b3b = ConvertFromObjectTileToBGTile
	         $2b47 = ConvertFromObjectTileToBGTile.subForFxValues
	         $2b49 = ConvertFromObjectTileToBGTile.getOffset
	         $2b4e = PieceTileConversionLookUpTable
	         $2b5a = PieceColorLookUpTable
	         $2b61 = ProcessCurrentScoreCategory
	         $2b7f = ProcessCurrentScoreCategory.afterDisplaying10s
	         $2b84 = ProcessCurrentScoreCategory.addCategScore
	         $2ba0 = ProcessCurrentScoreCategory.addToTotalScore
	         $2bae = ProcessCurrentScoreCategory.displayTotalScoreWhileCurrentCategIsUpdating
	         $2bc1 = ProcessCurrentScoreCategory.currentCategScoreLineCountEqu0
	         $2bc2 = IncScoreCategoryProcessedAfterBTypeDone
	         $2bd9 = ClearScoreCategoryVarsAndTotalScore
	         $2bdf = ClearScoreCategoryVarsAndTotalScore.clearStructs
	         $2be8 = ClearScoreCategoryVarsAndTotalScore.clearScore
	         $2bed = ConvertHexToDec
	         $2bee = ConvertHexToDec.convertLoop
	         $2bf4 = UpdateClock
	         $2c0b = UpdateClock.doHours
	         $2c1e = UpdateClock.loopa
	         $2c28 = UpdateClock.waitVRAMC
	         $2c3a = UpdateClock.doMinutes
	         $2c4d = UpdateClock.loopb
	         $2c66 = UpdateClock.setSramBank
	         $2c6c = UpdateClock.updateSIsDay_DuskDawn_Night
	         $2c87 = UpdateClock.isDay
	         $2c91 = UpdateClock.isDuskOrDawn
	         $2c9d = UpdateClock.isNight
	         $2ca9 = ColonTile
	         $2cb9 = IsDMG
	         $2cd3 = UnusedStoreBCDByteInHLInDestDE
	         $2cdf = Copy2SpriteSpecsToShadowOam
	         $2ce1 = CopyASpriteSpecsToShadowOam
	         $2cf1 = Copy1stSpriteSpecToSprite4
	         $2d04 = Copy2ndSpriteSpecToSprite8
	         $2d17 = DisplayBlackColumnFromHLdown
	         $2d1e = DisplayBlackColumnFromHLdown.loop
	         $2d24 = CopyDEintoHLwhileFFhNotFound
	         $2d24 = CopyDEintoHLwhileFFhNotFound.loop
	         $2d2c = StubInterruptHandler
	         $2d2d = SpriteSpecStruct_LPieceActive
	         $2d35 = SpriteSpecStruct_LPieceNext
	         $2d3d = SpriteSpecStruct_GameMusicAType
	         $2d49 = SpriteSpecStruct_ATypeFlashing0
	         $2d4f = SpriteSpecStruct_BTypeLevelAndHigh
	         $2d5b = SpriteSpecStruct_2PlayerHighsFlashing1
	         $2d67 = SpriteSpecStruct_StandingMarioCryingBabyMario
	         $2d79 = SpriteSpecStruct_StandingLuigiCryingBabyLuigi
	         $2d8b = SpriteSpecStruct_MariosFacingAway
	         $2d97 = SpriteSpecStruct_LuigisFacingAway
	         $2da3 = SpriteSpecStruct_Dancers
	         $2ddf = SpriteSpecStruct_ShuttleAndGas
	         $2df1 = SpriteSpecStruct_RocketAndGas
	         $2e03 = FillScreen0FromHLdownWithEmptyTile
	         $2e06 = FillScreenFromHLdownWithEmptyTile
	         $2e09 = FillScreenFromHLdownWithEmptyTile.loop
	         $2e12 = CopyHLtoDE_BCbytes
	         $2e12 = CopyHLtoDE_BCbytes.loop
	         $2e1b = LoadAsciiAndMenuScreenGfx
	         $2e36 = CopyAsciiTileData
	         $2e3f = CopyAsciiTileData.loop
	         $2e4a = CopyAsciiAndTitleScreenTileData
	         $2e69 = UnusedCopyHLtoVram1000hBytes
	         $2e6c = CopyHLtoVramBCbytes
	         $2e72 = Stub_27ea
	         $2e73 = CopyLayoutToScreen0
	         $2e76 = CopyLayoutToHL
	         $2e78 = CopyLayoutBrowsToHL
	         $2e78 = CopyLayoutBrowsToHL.loopRow
	         $2e7b = CopyLayoutBrowsToHL.loopCol
	         $2e8c = CopyAttrToScreen0
	         $2e94 = CopyAttrToHL
	         $2e96 = CopyAttrBrowsToHL.loopRow
	         $2e96 = CopyAttrBrowsToHL
	         $2e9a = CopyAttrBrowsToHL.loopCol
	         $2eb1 = CopyPalettesToCram
	         $2eb3 = CopyPalettesToCram.loadPaletteLoop
	         $2eba = CopyToGameScreenUntilByteReadEquFFhThenSetVramTransfer
	         $2eba = CopyToGameScreenUntilByteReadEquFFhThenSetVramTransfer.nextRow
	         $2ebd = CopyToGameScreenUntilByteReadEquFFhThenSetVramTransfer.loop
	         $2ed0 = CopyToGameScreenUntilByteReadEquFFhThenSetVramTransfer.done
	         $2ed6 = TurnOffLCD
	         $2ede = TurnOffLCD.waitUntilInVBlank
	         $2eef = GameInnerScreenLayout_Pause
	         $2f3f = GameScreenLayout_ScoreTotals
	         $2ff4 = GameInnerScreenLayout_GameOver
	         $302c = GameInnerScreen_TryAgain
	         $305c = PollInput
	         $3099 = GetScreen0AddressOfPieceSquare
	         $30ac = GetScreen0AddressOfPieceSquare.loop
	         $30c6 = UnusedMovePieceUpAndRight
	         $30ce = UnusedMovePieceUpAndRight.deDiv16
	         $30ec = DisplayBCDNum6DigitsIfForced
	         $30f0 = DisplayBCDNum6Digits
	         $30f2 = DisplayBCDNum2CDigits
	         $30f5 = DisplayBCDNum2CDigits.nextByte
	         $3106 = DisplayBCDNum2CDigits.displayTens
	         $311c = DisplayBCDNum2CDigits.displayOnes
	         $3125 = DisplayBCDNum2CDigits.tensNot0
	         $312d = DisplayBCDNum2CDigits.onesNot0
	         $3135 = OamDmaFunction
	         $313b = OamDmaFunction.wait
	         $313f = CopyToShadowOamBasedOnSpriteSpec
	         $3144 = CopyToShadowOamBasedOnSpriteSpec.nextStructInSpriteSpec
	         $3152 = CopyToShadowOamBasedOnSpriteSpec.checkIfMoreSpriteSpecs
	         $3164 = CopyToShadowOamBasedOnSpriteSpec.showNextSpritesCheckIfMoreSpriteSpecs
	         $3169 = CopyToShadowOamBasedOnSpriteSpec.hideNextSpritesBeingProcessed
	         $316b = CopyToShadowOamBasedOnSpriteSpec.dontHideNextSpritesBeingProcessed
	         $3170 = CopyToShadowOamBasedOnSpriteSpec.copyLoop1
	         $3193 = CopyToShadowOamBasedOnSpriteSpec.bigLoop
	         $31ae = CopyToShadowOamBasedOnSpriteSpec.dataByteEquFEh
	         $31b2 = CopyToShadowOamBasedOnSpriteSpec.dataByteNotFFhOrFDh
	         $31b6 = CopyToShadowOamBasedOnSpriteSpec.setTileIndex
	         $31c9 = CopyToShadowOamBasedOnSpriteSpec.spriteSpecYFlipped
	         $31d3 = CopyToShadowOamBasedOnSpriteSpec.setSpriteY
	         $31e8 = CopyToShadowOamBasedOnSpriteSpec.spriteSpecXFlipped
	         $31f2 = CopyToShadowOamBasedOnSpriteSpec.setSpriteX
	         $3204 = CopyToShadowOamBasedOnSpriteSpec.dontHideSprite
	         $3206 = CopyToShadowOamBasedOnSpriteSpec.setSpriteVars
	         $3222 = ConvertFromBgTileToObjectTile
	         $3234 = ConvertFromBgTileToObjectTile.isInGame
	         $323c = ConvertFromBgTileToObjectTile.pastGarbageBlock
	         $3243 = ConvertFromBgTileToObjectTile.pastGarbageBlock2
	         $324a = ConvertFromBgTileToObjectTile.isHorIPieceEnd
	SECTION: $324d-$3b97 ($094b bytes) ["Sound Engine"]
	         $324d = SquareSoundEffectTable_Init
	         $325d = SquareSoundEffectTable_Update
	         $326d = NoiseSoundEffect_Init
	         $3275 = NoiseSoundEffect_Update
	         $327d = SongsSoundChannelsData
	         $329f = Stub
	         $32a0 = UpdateSound
	         $32b5 = UpdateSound.endPath
	         $32c7 = UpdateSound.dontUnset
	         $32dc = UpdateSound.done
	         $32f1 = UpdateSound.gameJustPaused
	         $331d = UpdateSound.setAud2RegsToPause1
	         $3320 = UpdateSound.copyIntoAud2Regs
	         $3325 = UpdateSound.setAud2RegsToPause2
	         $332a = UpdateSound.gameJustUnpaused
	         $3330 = UpdateSound.processPausedCounter
	         $3348 = Aud2RegVals_Pause1
	         $334c = Aud2RegVals_Pause2
	         $3350 = IsSoundEffect_MovingSelection
	         $3356 = IsSoundEffect_TetrisRowsFell
	         $335c = IsSoundEffect_4LinesCleared
	         $3362 = IsSoundEffect_ReachedNextLevel
	         $3368 = Aud1RegValsInit_MovingSelection
	         $336d = Aud1RegValsUpdate_MovingSelection
	         $3372 = Aud1RegValsInit_ConfirmOrLetterTyped
	         $3377 = SquareEffectInit_MovingSelection
	         $337f = SquareEffectUpdate_MovingSelection
	         $3393 = SquareEffectInit_ConfirmOrLetterTyped
	         $339b = SquareEffectUpdate_Common
	         $33a0 = ClearAud1RegsAndVars
	         $33b4 = Aud1RegVals_4LinesCleared_1
	         $33b9 = Aud1RegVals_4LinesCleared_2
	         $33be = SquareEffectInit_4LinesCleared
	         $33c4 = SquareEffectUpdate_4LinesCleared
	         $33db = SquareEffectUpdate_4LinesCleared.finalWav
	         $33e4 = SquareEffectUpdate_4LinesCleared.sound2
	         $33ea = SquareEffectUpdate_4LinesCleared.sound1
	         $33f0 = Aud1RegValsInit_PieceMovedHoriz
	         $33f5 = SquareEffectInit_PieceMovedHoriz
	         $340d = Aud1RegVals_ReachedNextLevel_0and4
	         $3412 = Aud1RegVals_ReachedNextLevel_1
	         $3417 = Aud1RegVals_ReachedNextLevel_2
	         $341c = Aud1RegVals_ReachedNextLevel_3
	         $3421 = SquareEffectInit_ReachedNextLevel
	         $342d = SquareEffectUpdate_ReachedNextLevel
	         $344d = SquareEffectUpdate_ReachedNextLevel.sound1
	         $3452 = SquareEffectUpdate_ReachedNextLevel.sound2
	         $3457 = SquareEffectUpdate_ReachedNextLevel.sound3
	         $345c = SquareEffectUpdate_ReachedNextLevel.sound4
	         $345f = SquareEffectUpdate_ReachedNextLevel.copyIntoAud1Regs
	         $3462 = Aud1RegValsInit_Non4LinesCleared
	         $3467 = Aud1EnvData_Non4LinesCleared
	         $3472 = Aud1FreqLoData_Non4LinesCleared
	         $347c = SquareEffectInit_Non4LinesCleared
	         $3490 = SquareEffectUpdate_Non4LinesCleared
	         $34ae = SetAud1EnvLowHighToEDB
	         $34b9 = Aud1RegValsInit_PieceRotated
	         $34be = Aud1EnvData_PieceRotated
	         $34c4 = Aud1FreqLoData_PieceRotated
	         $34c9 = SquareEffectInit_PieceRotated
	         $34e1 = SquareEffectUpdate_PieceRotated
	         $3501 = SquareEffectInit_TetrisRowsFell
	         $350d = Aud1RegValsInit_TetrisRowsFell
	         $3512 = Aud4RegValsInit_PieceHitFloor
	         $3516 = Aud4RegValsInit_TetrisRowsFell
	         $351a = Aud4RegValsInit_RocketGas
	         $351e = Aud4RegValsInit_RocketFire
	         $3522 = Aud4RegValsUpdate_RocketFire_Poly
	         $3546 = Aud4RegValsUpdate_RocketFire_Env
	         $356a = NoiseEffectInit_RocketGas
	         $3572 = NoiseEffectInit_RocketFire
	         $357a = NoiseEffectUpdate_RocketFire
	         $35a1 = NoiseEffectInit_TetrisRowsFell
	         $35a9 = NoiseEffectInit_PieceHitFloor
	         $35b1 = NoiseEffectUpdate_Common
	         $35b6 = NoiseEffectUpdate_ClearNoise
	         $35c8 = Aud3RegValsInit_GameOver
	         $35cd = WavEffectInit_GameOver
	         $35e4 = WavEffectUpdate_GameOver
	         $35f7 = WavEffectUpdate_GameOver.setAud3Low
	         $35ff = WavEffectUpdate_GameOver.miscCounterGTE0eh
	         $3609 = UpdateWavEffects
	         $3624 = Aud3RegValsInit_After4LinesCleared
	         $3629 = Aud3RegValsUpdate_After4LinesCleared_1
	         $362e = Aud3RegValsUpdate_After4LinesCleared_2
	         $3633 = Aud3RegValsUpdate_After4LinesCleared_3
	         $3638 = WavEffectInit_After4LinesCleared
	         $364d = WavEffectInit_After4LinesCleared.copyIntoAud3Regs
	         $3650 = WavEffectUpdate_sound1
	         $3661 = WavEffectUpdate_sound2
	         $3672 = WavEffectUpdate_sound3
	         $3683 = WavEffectUpdate_After4LinesCleared
	         $36a5 = WavEffectUpdate_After4LinesCleared.incLowVal
	         $36a9 = WavEffectUpdate_After4LinesCleared.decLowVal
	         $36ab = WavEffectUpdate_After4LinesCleared.setLowVal
	         $36af = ClearWavVarsAndRegs_ResumeMusic
	         $36d5 = ClearWavVarsAndRegs_ResumeMusic.isMusAType
	         $36da = InitWavEffect_pauseOtherChannels
	         $36ff = InitWavEffect_pauseOtherChannels.copyToWavRam
	         $3703 = SetInitialRegValuesHLForSoundEffect_UpdateDelayA
	         $3723 = CopyDefaultValsInHLIntoAud1Regs
	         $372a = CopyDefaultValsInHLIntoAud2Regs
	         $3731 = CopyDefaultValsInHLIntoAud3Regs
	         $3738 = CopyDefaultValsInHLIntoAud4Regs
	         $373d = CopyDefaultValsInHLIntoAudCRegs
	         $373d = CopyDefaultValsInHLIntoAudCRegs.loop
	         $3745 = StoreOrigSoundEffectIdx_HLequAddressForSongData_tableHL_incEtwice
	         $3749 = HLequAddressForSongData_tableHL_incE
	         $3758 = IncCounterInDE_retZifHitsThreshold
	         $3763 = IncCounterInDE_retZifHitsThreshold.done
	         $3765 = CopyFromHLintoWav3Ram
	         $3768 = CopyFromHLintoWav3Ram.loop
	         $3772 = InitSound
	         $3794 = ResetSoundHwRegs
	         $37aa = UpdateSquareEffects
	         $37bd = UpdateSquareEffects.noSquareEffectToPlay
	         $37c9 = UpdateSquareEffects.done
	         $37ca = UpdateNoiseEffects
	         $37dd = UpdateNoiseEffects.noNoiseEffectToPlay
	         $37e9 = UpdateNoiseEffects.done
	         $37ea = MuteSound
	         $37ee = InitSong
	         $3809 = SetSongsAudTermVars
	         $3811 = SetSongsAudTermVars.nextSong
	         $381a = SetSongsAudTermVars.setSongVars
	         $3832 = SetSongsAudTermRegs
	         $385c = SetSongsAudTermRegs.checkWavAndNoiseOutput
	         $3867 = SetSongsAudTermRegs.afterDecidingWavOutput
	         $3871 = SetSongsAudTermRegs.setAudTermToB
	         $3872 = SetSongsAudTermRegs.setAudTerm
	         $3875 = SetSongsAudTermRegs.outputAllTo1and2terminal
	         $3879 = SetSongsAudTermRegs.use1stOutputValue
	         $387e = SetSongsAudTermRegs.notTimeToSwapOutput
	         $388b = SongAudTermData
	         $38cf = StoreWordInWordInHLintoDE
	         $38da = StoreWordInHLIintoDE
	         $38e0 = SetSongsInitialSoundChannelVars
	         $3937 = SetSongsInitialSoundChannelVars.loop
	         $394a = ProcessSoundByte9dh_SetParams.aud3
	         $394a = ProcessSoundByte9dh_SetParams
	         $3956 = ProcessSoundByte9dh_SetParams.start
	         $3980 = ProcessSoundByte9dh_SetParams.end
	         $3986 = IncWordInHL
	         $398c = IncWordInHL.store
	         $3992 = IncWordTwiceInHL
	         $399b = GetABInWordStoredInHL
	         $39a2 = UpdateMusic.thunk_toNextSndChannelFromStructIdx2
	         $39a2 = UpdateMusic
	         $39a5 = UpdateMusic.processCurrSoundByteEnvelope
	         $39bc = UpdateMusic.passedWaveEnvelope
	         $39d1 = UpdateMusic.toNextSndChannelFromStructIdx2
	         $39d6 = UpdateMusic.setNextAddrInCurrSndChannelData
	         $39dd = UpdateMusic.afterSpecialSoundByteAddress
	         $39f1 = UpdateMusic.sndChannelAddrEquFFFFh
	         $3a08 = UpdateMusic.stopCurrSong
	         $3a11 = UpdateMusic.start
	         $3a1f = UpdateMusic.nextSoundChannel
	         $3a29 = UpdateMusic.afterSettingSoundDataAddress
	         $3a2b = UpdateMusic.processNextSoundByte
	         $3a58 = UpdateMusic.contSoundByte
	         $3a84 = UpdateMusic.soundByte01
	         $3a89 = UpdateMusic.getNoiseDataToWrite
	         $3a91 = UpdateMusic.noiseLoop
	         $3aa0 = UpdateMusic.getNonNoiseDataToWrite
	         $3aba = UpdateMusic.contWave
	         $3ac5 = UpdateMusic.startWritingToSq2
	         $3ac9 = UpdateMusic.startWritingToSq1
	         $3ace = UpdateMusic.afterChoosingSndChannelBaseReg
	         $3ad7 = UpdateMusic.after_hasWavRam
	         $3ada = UpdateMusic.fromWav
	         $3ae3 = UpdateMusic.afterDisabledEnvelopeCheck
	         $3b01 = UpdateMusic.skippingHwRegWrites
	         $3b06 = UpdateMusic.toNextSndChannel
	         $3b17 = UpdateMusic.done
	         $3b24 = UpdateMusic.hasWavRam
	         $3b2b = GetEinDEplusBdiv2
	         $3b34 = WriteToFrequencyRegsAdjustedWithEnvelope
	         $3b56 = WriteToFrequencyRegsAdjustedWithEnvelope.done
	         $3b58 = WriteToFrequencyRegsAdjustedWithEnvelope.sndChannels1to3
	         $3b6e = WriteToFrequencyRegsAdjustedWithEnvelope.lowNybble03
	         $3b73 = WriteToFrequencyRegsAdjustedWithEnvelope.lowNybble01
	         $3b7f = WriteToFrequencyRegsAdjustedWithEnvelope.afterEnvelopeNybbleInE
	         $3b8c = WriteToFrequencyRegsAdjustedWithEnvelope.getPositiveHighAdjust
	         $3b8e = WriteToFrequencyRegsAdjustedWithEnvelope.afterGettingEnvelopeAdjust
	         $3b8f = WriteToFrequencyRegsAdjustedWithEnvelope.end
	EMPTY: $3b98-$3fef ($0458 bytes)
	SECTION: $3ff0-$3fff ($0010 bytes) ["Sound Thunk Funcs"]
	         $3ff0 = ThunkUpdateSound
	         $3ff8 = ThunkInitSound
	TOTAL EMPTY: $048b bytes

ROMX bank #1:
	SECTION: $4000-$46da ($06db bytes) ["Sprite Data"]
	         $4000 = SpriteData
	         $40bc = SpriteSpec_00
	         $40c0 = SpriteSpec_01
	         $40c4 = SpriteSpec_02
	         $40c8 = SpriteSpec_03
	         $40cc = SpriteSpec_04
	         $40d0 = SpriteSpec_05
	         $40d4 = SpriteSpec_06
	         $40d8 = SpriteSpec_07
	         $40dc = SpriteSpec_08
	         $40e0 = SpriteSpec_09
	         $40e4 = SpriteSpec_0a
	         $40e8 = SpriteSpec_0b
	         $40ec = SpriteSpec_0c
	         $40f0 = SpriteSpec_0d
	         $40f4 = SpriteSpec_0e
	         $40f8 = SpriteSpec_0f
	         $40fc = SpriteSpec_10
	         $4100 = SpriteSpec_11
	         $4104 = SpriteSpec_12
	         $4108 = SpriteSpec_13
	         $410c = SpriteSpec_14
	         $4110 = SpriteSpec_15
	         $4114 = SpriteSpec_16
	         $4118 = SpriteSpec_17
	         $411c = SpriteSpec_18
	         $4120 = SpriteSpec_19
	         $4124 = SpriteSpec_1a
	         $4128 = SpriteSpec_1b
	         $412c = SpriteSpec_1c
	         $4130 = SpriteSpec_1d
	         $4134 = SpriteSpec_1e
	         $4138 = SpriteSpec_1f
	         $413c = SpriteSpec_20
	         $4140 = SpriteSpec_21
	         $4144 = SpriteSpec_22
	         $4148 = SpriteSpec_23
	         $414c = SpriteSpec_24
	         $4150 = SpriteSpec_25
	         $4154 = SpriteSpec_26
	         $4158 = SpriteSpec_27
	         $415c = SpriteSpec_28
	         $4160 = SpriteSpec_29
	         $4164 = SpriteSpec_2a
	         $4168 = SpriteSpec_2b
	         $4168 = SpriteSpec_2d
	         $416c = SpriteSpec_2e
	         $4170 = SpriteSpec_2f
	         $4174 = SpriteSpec_30
	         $4178 = SpriteSpec_31
	         $417c = SpriteSpec_32
	         $4180 = SpriteSpec_33
	         $4184 = SpriteSpec_36
	         $4188 = SpriteSpec_37
	         $418c = SpriteSpec_3a
	         $4190 = SpriteSpec_3b
	         $4194 = SpriteSpec_3c
	         $4198 = SpriteSpec_3d
	         $419c = SpriteSpec_3e
	         $41a0 = SpriteSpec_3f
	         $41a0 = SpriteSpec_42
	         $41a4 = SpriteSpec_43
	         $41a4 = SpriteSpec_44
	         $41a8 = SpriteSpec_45
	         $41ac = SpriteSpec_46
	         $41b0 = SpriteSpec_47
	         $41b4 = SpriteSpec_48
	         $41b8 = SpriteSpec_49
	         $41bc = SpriteSpec_4a
	         $41c0 = SpriteSpec_4b
	         $41c4 = SpriteSpec_4c
	         $41c8 = SpriteSpec_4d
	         $41cc = SpriteSpec_4e
	         $41d0 = SpriteSpec_4f
	         $41d4 = SpriteSpec_50
	         $41d8 = SpriteSpec_51
	         $41dc = SpriteSpec_52
	         $41e0 = SpriteSpec_53
	         $41e4 = SpriteSpec_54
	         $41e8 = SpriteSpec_55
	         $41ec = SpriteSpec_56
	         $41f0 = SpriteSpec_57
	         $41f4 = SpriteTiles_00
	         $4204 = SpriteTiles_01
	         $4216 = SpriteTiles_02
	         $4225 = SpriteTiles_03
	         $4236 = SpriteTiles_04
	         $4248 = SpriteTiles_05
	         $4259 = SpriteTiles_06
	         $4267 = SpriteTiles_07
	         $4278 = SpriteTiles_08
	         $4287 = SpriteTiles_09
	         $4298 = SpriteTiles_0a
	         $42a7 = SpriteTiles_0b
	         $42b8 = SpriteTiles_0c
	         $42ca = SpriteTiles_0d
	         $42dc = SpriteTiles_0e
	         $42ee = SpriteTiles_0f
	         $4300 = SpriteTiles_10
	         $4312 = SpriteTiles_11
	         $4322 = SpriteTiles_12
	         $4334 = SpriteTiles_13
	         $4344 = SpriteTiles_14
	         $4355 = SpriteTiles_15
	         $4366 = SpriteTiles_16
	         $4377 = SpriteTiles_17
	         $4388 = SpriteTiles_1a
	         $4396 = SpriteTiles_1b
	         $43a7 = SpriteTiles_18
	         $43b8 = SpriteTiles_19
	         $43c9 = SpriteTiles_1c
	         $43d2 = SpriteTiles_1d
	         $43db = SpriteTiles_1e
	         $43e4 = SpriteTiles_1f
	         $43ed = SpriteTiles_20
	         $43f1 = SpriteTiles_21
	         $43f5 = SpriteTiles_22
	         $43f9 = SpriteTiles_23
	         $43fd = SpriteTiles_24
	         $4401 = SpriteTiles_25
	         $4405 = SpriteTiles_26
	         $4409 = SpriteTiles_27
	         $440d = SpriteTiles_28
	         $4411 = SpriteTiles_29
	         $4415 = SpriteTiles_2a
	         $4420 = SpriteTiles_2d
	         $4420 = SpriteTiles_2b
	         $442b = SpriteTiles_2e
	         $443f = SpriteTiles_2f
	         $4454 = SpriteTiles_30
	         $445d = SpriteTiles_31
	         $4466 = SpriteTiles_32
	         $446d = SpriteTiles_33
	         $4474 = SpriteTiles_36
	         $447f = SpriteTiles_37
	         $448a = SpriteTiles_3a
	         $449f = SpriteTiles_3b
	         $44b5 = SpriteTiles_3c
	         $44be = SpriteTiles_3d
	         $44c7 = SpriteTiles_3e
	         $44ce = SpriteTiles_42
	         $44ce = SpriteTiles_3f
	         $44d5 = SpriteTiles_44
	         $44d5 = SpriteTiles_43
	         $44dc = SpriteTiles_45
	         $44e3 = SpriteTiles_46
	         $44ea = SpriteTiles_47
	         $44f1 = SpriteTiles_48
	         $44f8 = SpriteTiles_49
	         $4503 = SpriteTiles_4a
	         $450a = SpriteTiles_4b
	         $4511 = SpriteTiles_4c
	         $4518 = SpriteTiles_4d
	         $451f = SpriteTiles_4e
	         $4528 = SpriteTiles_4f
	         $4531 = SpriteTiles_50
	         $453a = SpriteTiles_51
	         $4543 = SpriteTiles_52
	         $454c = SpriteTiles_53
	         $4555 = SpriteTiles_54
	         $455c = SpriteTiles_55
	         $4563 = SpriteSpec_2c
	         $4567 = SpriteTiles_2c
	         $4586 = SpriteSpec_34
	         $458a = SpriteSpec_35
	         $458e = SpriteSpec_38
	         $4592 = SpriteSpec_39
	         $4596 = SpriteSpec_40
	         $459a = SpriteSpec_41
	         $459e = SpriteSpec_5c
	         $45a2 = SpriteSpec_5d
	         $45a6 = SpriteSpec_58
	         $45aa = SpriteSpec_59
	         $45ae = SpriteSpec_5a
	         $45ae = SpriteSpec_5b
	         $45b2 = SpriteTiles_34
	         $45b8 = SpriteTiles_35
	         $45c1 = SpriteTiles_38
	         $45c7 = SpriteTiles_39
	         $45cd = SpriteTiles_40
	         $45d6 = SpriteTiles_41
	         $45e2 = SpriteTiles_56
	         $45f9 = SpriteTiles_57
	         $4600 = SpriteTiles_58
	         $4618 = SpriteTiles_59
	         $462a = SpriteTiles_5b
	         $462a = SpriteTiles_5a
	         $4639 = SpriteTiles_5c
	         $463f = SpriteTiles_5d
	         $4645 = SpriteCoords_00
	         $4645 = SpriteCoords_01
	         $4645 = SpriteCoords_02
	         $4645 = SpriteCoords_03
	         $4645 = SpriteCoords_04
	         $4645 = SpriteCoords_05
	         $4645 = SpriteCoords_06
	         $4645 = SpriteCoords_07
	         $4645 = SpriteCoords_08
	         $4645 = SpriteCoords_09
	         $4645 = SpriteCoords_0a
	         $4645 = SpriteCoords_0b
	         $4645 = SpriteCoords_0c
	         $4645 = SpriteCoords_0d
	         $4645 = SpriteCoords_0e
	         $4645 = SpriteCoords_0f
	         $4645 = SpriteCoords_10
	         $4645 = SpriteCoords_11
	         $4645 = SpriteCoords_12
	         $4645 = SpriteCoords_13
	         $4645 = SpriteCoords_14
	         $4645 = SpriteCoords_15
	         $4645 = SpriteCoords_16
	         $4645 = SpriteCoords_17
	         $4645 = SpriteCoords_1a
	         $4645 = SpriteCoords_1b
	         $4645 = SpriteCoords_18
	         $4645 = SpriteCoords_19
	         $4645 = SpriteCoords_2e
	         $4645 = SpriteCoords_2f
	         $4645 = SpriteCoords_3a
	         $4645 = SpriteCoords_3b
	         $4645 = SpriteCoords_56
	         $4665 = SpriteCoords_1c
	         $4665 = SpriteCoords_1d
	         $4665 = SpriteCoords_1e
	         $4665 = SpriteCoords_1f
	         $4665 = SpriteCoords_20
	         $4665 = SpriteCoords_21
	         $4665 = SpriteCoords_22
	         $4665 = SpriteCoords_23
	         $4665 = SpriteCoords_24
	         $4665 = SpriteCoords_25
	         $4665 = SpriteCoords_26
	         $4665 = SpriteCoords_27
	         $4665 = SpriteCoords_28
	         $4665 = SpriteCoords_29
	         $4675 = SpriteCoords_2a
	         $4675 = SpriteCoords_2d
	         $4675 = SpriteCoords_30
	         $4675 = SpriteCoords_31
	         $4675 = SpriteCoords_32
	         $4675 = SpriteCoords_33
	         $4675 = SpriteCoords_36
	         $4675 = SpriteCoords_37
	         $4675 = SpriteCoords_3c
	         $4675 = SpriteCoords_3d
	         $4675 = SpriteCoords_3e
	         $4675 = SpriteCoords_42
	         $4675 = SpriteCoords_44
	         $4675 = SpriteCoords_45
	         $4675 = SpriteCoords_46
	         $4675 = SpriteCoords_47
	         $4675 = SpriteCoords_48
	         $4675 = SpriteCoords_49
	         $4675 = SpriteCoords_4a
	         $4675 = SpriteCoords_4b
	         $4675 = SpriteCoords_4c
	         $4675 = SpriteCoords_4d
	         $4675 = SpriteCoords_4e
	         $4675 = SpriteCoords_4f
	         $4675 = SpriteCoords_50
	         $4675 = SpriteCoords_51
	         $4675 = SpriteCoords_52
	         $4675 = SpriteCoords_53
	         $4675 = SpriteCoords_54
	         $4675 = SpriteCoords_55
	         $4675 = SpriteCoords_57
	         $4675 = SpriteCoords_58
	         $4675 = SpriteCoords_59
	         $4675 = SpriteCoords_5b
	         $4675 = SpriteCoords_5c
	         $4675 = SpriteCoords_5d
	         $4675 = SpriteCoords_5a
	         $4675 = SpriteCoords_3f
	         $4675 = SpriteCoords_43
	         $4675 = SpriteCoords_2b
	         $4691 = SpriteCoords_2c
	         $46c9 = SpriteCoords_34
	         $46c9 = SpriteCoords_35
	         $46c9 = SpriteCoords_38
	         $46c9 = SpriteCoords_39
	         $46c9 = SpriteCoords_40
	         $46c9 = SpriteCoords_41
	SECTION: $46db-$7f27 ($384d bytes) ["Graphics and Layouts"]
	         $46db = Gfx_MenuScreens
	         $56db = Layout_ATypeInGame
	         $56db = Gfx_MenuScreens.end
	         $5843 = Layout_BTypeInGame
	         $59ab = Gfx_Ascii
	         $5ae3 = Gfx_Ascii.end
	         $5ae3 = Gfx_TitleScreen
	         $6293 = Layout_Copyright
	         $6293 = Gfx_TitleScreen.end
	         $63fb = Layout_TitleScreen
	         $6653 = Layout_GameMusicTypeScreen
	         $67bb = Layout_ATypeSelectionScreen
	         $6923 = Layout_BTypeSelectionScreen
	         $6a8b = GameScreenLayout_Dancers
	         $6b40 = Layout_RocketScene
	         $6b90 = Layout_MarioLuigiScreen
	         $6cf8 = Layout_2PlayerInGame
	         $6e60 = Layout_MarioScore
	         $6eb0 = Layout_BricksAndLuigiScore
	         $6f28 = Gfx_RocketScene
	         $7f28 = Gfx_RocketScene.end
	EMPTY: $7f28-$7fff ($00d8 bytes)
	TOTAL EMPTY: $00d8 bytes

ROMX bank #2:
	SECTION: $4000-$51fa ($11fb bytes) ["Song Data"]
	         $4000 = EnvelopeData
	         $4039 = FrequencyTable
	         $40c9 = UnusedNop
	         $40ca = NoiseStructBytes6toA
	         $40de = WavRam_Init_After4LinesCleared
	         $40ee = UnusedWavRam
	         $40fe = WavRam_6ec9
	         $410e = WavRam_Init_GameOver
	         $411e = DefaultWavRam
	         $412e = TemposTable_6ef9
	         $413a = TemposTable_6f05
	         $4143 = TemposTable_6f0e
	         $4160 = TemposTable_6f2b
	         $4174 = Song1_SoundData
	         $417f = Song2_SoundData
	         $418a = Song3_SoundData
	         $4195 = Song4_SoundData
	         $41a0 = Song5_SoundData
	         $41ab = Song6_SoundData
	         $41b6 = Song7_SoundData
	         $41c1 = Song8_SoundData
	         $41cc = Song9_SoundData
	         $41d7 = Song10_SoundData
	         $41e2 = Song11_SoundData
	         $41ed = Song12_SoundData
	         $41f8 = Song13_SoundData
	         $4203 = Song14_SoundData
	         $420e = Song15_SoundData
	         $4219 = Song16_SoundData
	         $4224 = Song17_SoundData
	         $422f = Song7_Sq2Data
	         $422f = !0
	         $423d = Song7_Sq1Data
	         $423d = !1
	         $424b = Song7_Sq2_Section1Data
	         $4269 = Song7_Sq2_Section2Data
	         $4282 = Song7_Sq2_Section3Data
	         $4297 = Song7_Sq1_Section1Data
	         $42a9 = Song7_Sq1_Section2Data
	         $42ba = Song7_Sq1_Section3Data
	         $42c8 = Song7_Sq2_Section4Data
	         $4329 = Song7_Sq1_Section4Data
	         $4377 = Song5_Sq2Data
	         $4377 = !2
	         $4381 = Song5_Sq1Data
	         $4381 = !3
	         $438b = Song5_WavData
	         $438b = !4
	         $4397 = Song5_NoiseData
	         $4397 = !5
	         $439d = Song5_Sq2_Section1Data
	         $43e3 = Song5_Sq2_Section2Data
	         $4400 = Song5_Sq1_Section1Data
	         $4452 = Song5_Sq1_Section2Data
	         $446f = Song5_Wav_Section1Data
	         $44b4 = Song5_Wav_Section2Data
	         $44d8 = Song5_Noise_Section1Data
	         $44ed = Song6_Sq2Data
	         $44ed = !6
	         $44fb = Song6_Sq1Data
	         $44fb = !7
	         $4509 = Song6_WavData
	         $4509 = !8
	         $4537 = Song6_NoiseData
	         $4537 = !9
	         $453d = Song6_Sq1_Section1Data
	         $4540 = Song6_Sq2_Section1Data
	         $4554 = Song6_Wav_Section1Data
	         $4568 = Song6_Noise_Section1Data
	         $4571 = Song6_Sq1_Section2Data
	         $4574 = Song6_Sq2_Section2Data
	         $4588 = Song6_Wav_Section2Data
	         $459c = Song6_Sq2_Section3Data
	         $45c3 = Song6_Sq1_Section3Data
	         $45ea = Song6_Wav_Section3Data
	         $45fe = Song6_Sq2_Section4Data
	         $4680 = Song6_Sq1_Section4Data
	         $46f5 = Song6_Wav_Section4Data
	         $4713 = Song6_Wav_Section5Data
	         $4723 = Song6_Wav_Section6Data
	         $4733 = Song6_Wav_Section7Data
	         $4743 = Song6_Wav_Section8Data
	         $4753 = Song6_Wav_Section9Data
	         $4763 = Song6_Wav_Section10Data
	         $4778 = Song16_Sq1Data
	         $477a = !10
	         $4780 = Song16_Sq2Data
	         $4780 = !11
	         $4786 = Song16_WavData
	         $4786 = !12
	         $478c = Song16_Sq1_Section1Data
	         $4793 = Song16_Sq2_Section1Data
	         $4797 = Song16_Sq1_Section2Data
	         $47b1 = Song16_Wav_Section1Data
	         $47c2 = Song17_Sq1Data
	         $47c4 = !13
	         $47ca = Song17_Sq2Data
	         $47ca = !14
	         $47d0 = Song17_WavData
	         $47d0 = !15
	         $47d6 = Song17_Sq1_Section1Data
	         $47dd = Song17_Sq2_Section1Data
	         $47e1 = Song17_Sq1_Section2Data
	         $4823 = Song17_Wav_Section1Data
	         $4831 = Song4_Sq2Data
	         $4835 = Song4_Sq1Data
	         $4837 = Song4_WavData
	         $4839 = Song4_Sq2_Section1Data
	         $4849 = Song4_Sq1_Section1Data
	         $4858 = Song4_Wav_Section1Data
	         $4868 = Song3_Sq2Data
	         $4870 = Song3_Sq1Data
	         $4876 = Song3_WavData
	         $4898 = Song3_NoiseData
	         $48a4 = Song3_Sq2_Section1Data
	         $48f4 = Song3_Sq1_Section1Data
	         $4941 = Song3_Wav_Section1Data
	         $4990 = Song3_Noise_Section1Data
	         $499e = Song3_Sq2_Section2Data
	         $49df = Song3_Sq1_Section2Data
	         $4a20 = Song3_Wav_Section2Data
	         $4a2a = Song3_Wav_Section3Data
	         $4a33 = Song3_Wav_Section4Data
	         $4a3c = Song3_Wav_Section5Data
	         $4a46 = Song3_Wav_Section6Data
	         $4a4f = Song3_Noise_Section2Data
	         $4a71 = Song3_Sq1_Section3Data
	         $4aa1 = Song15_Sq1Data
	         $4aab = Song15_Sq2Data
	         $4ab3 = Song15_WavData
	         $4abb = Song15_NoiseData
	         $4ac3 = Song15_Sq1_Section1Data
	         $4ae2 = Song15_Sq2_Section1Data
	         $4b0a = Song15_Wav_Section1Data
	         $4b33 = Song15_Noise_Section1Data
	         $4b46 = Song15_Sq1_Section2Data
	         $4b6d = Song15_Sq2_Section2Data
	         $4b93 = Song15_Wav_Section2Data
	         $4bb9 = Song15_Noise_Section2Data
	         $4bcb = Song15_Sq1_Section3Data
	         $4bef = Song15_Sq2_Section3Data
	         $4c12 = Song15_Wav_Section3Data
	         $4c35 = Song10_Sq2Data
	         $4c39 = Song10_Sq2_Section1Data
	         $4c5b = Song11_Sq2Data
	         $4c5f = Song11_WavData
	         $4c61 = Song11_Sq2_Section1Data
	         $4c80 = Song11_Wav_Section1Data
	         $4ca4 = Song12_Sq2Data
	         $4ca8 = Song12_Sq1Data
	         $4caa = Song12_WavData
	         $4cac = Song12_Sq2_Section1Data
	         $4ccb = Song12_Sq1_Section1Data
	         $4ce9 = Song12_Wav_Section1Data
	         $4d14 = Song13_Sq1Data
	         $4d18 = Song13_Sq2Data
	         $4d1a = Song13_WavData
	         $4d1c = Song13_NoiseData
	         $4d1e = Song13_Sq1_Section1Data
	         $4d3d = Song13_Sq2_Section1Data
	         $4d5a = Song13_Wav_Section1Data
	         $4d84 = Song13_Noise_Section1Data
	         $4d9a = Song14_Sq1Data
	         $4da0 = Song14_Sq2Data
	         $4da4 = Song14_WavData
	         $4da8 = Song14_NoiseData
	         $4dac = Song14_Sq1_Section1Data
	         $4dcb = Song14_Sq2_Section1Data
	         $4ddd = Song14_Wav_Section1Data
	         $4df0 = Song14_Noise_Section1Data
	         $4e03 = Song14_Sq1_Section2Data
	         $4e27 = Song14_Sq2_Section2Data
	         $4e37 = Song14_Wav_Section2Data
	         $4e47 = Song14_Noise_Section2Data
	         $4e59 = Song9_Sq2Data
	         $4e5d = Song9_Sq1Data
	         $4e5f = Song9_WavData
	         $4e61 = Song9_NoiseData
	         $4e63 = Song9_Sq2_Section1Data
	         $4e98 = Song9_Sq1_Section1Data
	         $4ecc = Song9_Wav_Section1Data
	         $4f00 = Song9_Noise_Section1Data
	         $4f2e = Song1_Sq1Data
	         $4f34 = Song1_Sq2Data
	         $4f36 = !16
	         $4f38 = Song1_Sq2Data.loop
	         $4f46 = Song1_WavData
	         $4f48 = !17
	         $4f56 = Song1_NoiseData
	         $4f58 = !18
	         $4f5e = Song1_Sq2_Section1Data
	         $4f63 = Song1_Sq1_Section1Data
	         $4f6a = Song1_Sq1and2_Section2Data
	         $4f70 = Song1_Wav_Section1Data
	         $4f73 = Song1_Noise_Section1Data
	         $4f76 = Song1_Noise_Section2Data
	         $4f90 = Song1_Sq1and2_Section3Data
	         $4fa1 = Song1_Wav_Section2Data
	         $4fb7 = Song1_Sq1and2_Section4Data
	         $4fc8 = Song1_Wav_Section3Data
	         $4fd9 = Song1_Sq1and2_Section5Data
	         $4fea = Song1_Wav_Section4Data
	         $4ffb = Song1_Sq1and2_Section6Data
	         $503c = Song1_Wav_Section5Data
	         $5079 = Song2_Sq2Data
	         $507d = Song2_Sq1Data
	         $507f = Song2_WavData
	         $5081 = Song2_NoiseData
	         $5083 = Song2_Sq2_Section1Data
	         $5093 = Song2_Sq1_Section1Data
	         $50a2 = Song2_Wav_Section1Data
	         $50b2 = Song2_Noise_Section1Data
	         $50c6 = Song8_Sq2Data
	         $50c6 = !19
	         $50d2 = Song8_Sq1Data
	         $50d2 = !20
	         $50de = Song8_WavData
	         $50de = !21
	         $50ea = Song8_NoiseData
	         $50ea = !22
	         $50f0 = Song8_Sq2_Section1Data
	         $511a = Song8_Sq1_Section1Data
	         $5130 = Song8_Wav_Section1Data
	         $5146 = Song8_Noise_Section1Data
	         $515d = Song8_Sq2_Section2Data
	         $5184 = Song8_Sq1_Section2Data
	         $5196 = Song8_Wav_Section2Data
	         $51a8 = Song8_Sq2_Section3Data
	         $51cb = Song8_Sq1_Section3Data
	         $51e3 = Song8_Wav_Section3Data
	EMPTY: $51fb-$51ff ($0005 bytes)
	SECTION: $5200-$55bf ($03c0 bytes) ["Sunrise/Sunset Layouts"]
	         $5200 = Layout_TitleScreen_Sunrise_Sunset
	         $5458 = Layout_RocketScene_Sunrise_Sunset
	         $55c0 = Layout_RocketScene_Sunrise_Sunset.end
	EMPTY: $55c0-$7fff ($2a40 bytes)
	TOTAL EMPTY: $2a45 bytes

ROMX bank #3:
	SECTION: $4000-$417f ($0180 bytes) ["Demo Steps"]
	         $4000 = Demo2Inputs
	         $4100 = Demo1Inputs
	SECTION: $4180-$41af ($0030 bytes) ["Demo Pieces"]
	         $4180 = DemoPieces
	EMPTY: $41b0-$41ff ($0050 bytes)
	SECTION: $4200-$4674 ($0475 bytes) ["Night Layouts"]
	         $4200 = Layout_TitleScreen_Night
	         $4458 = Layout_RocketScene_Night
	         $45c0 = GameScreenLayout_Dancers_Night
	         $4675 = GameScreenLayout_Dancers_Night.end
	SECTION: $4675-$597c ($1308 bytes) ["Palettes and Attribute Maps"]
	         $4675 = Palettes_TitleScreen
	         $47f5 = Palettes_InGameGuideline
	         $4975 = Palettes_InGameSega
	         $4af5 = Attributes_TitleScreen
	         $4fa5 = Attributes_GameMusicTypeScreen
	         $5275 = Attributes_ATypeSelectionScreen
	         $5545 = Attributes_BTypeSelectionScreen
	         $5815 = Layout_DMG
	         $5815 = Attributes_BTypeSelectionScreen.end
	EMPTY: $597d-$7fff ($2683 bytes)
	TOTAL EMPTY: $26d3 bytes

SRAM bank #0:
	SECTION: $a000-$ab6a ($0b6b bytes) ["SRAM"]
	         $a000 = sCurrMonth
	         $a001 = sCurrYear
	         $a003 = sIsDay_DuskDawn_Night
	         $a003 = sCurrYear.end
	         $a004 = sIsRocketScene
	         $a004 = sIsDay_DuskDawn_Night.end
	         $a005 = sOptionLights
	         $a005 = sIsRocketScene.end
	         $a006 = sOptionColors
	         $a007 = sOptionDayNightCycle
	         $a008 = sOptionDayNightCycle.end
	         $a008 = sGameScreenBufferAttr
	         $a408 = sGameScreenBufferAttr.end
	         $a408 = sBTypeHighScores
	         $aa5c = sATypeHighScores
	         $ab6a = sATypeHighScores.end
	         $ab6a = sIsSRAMInitialized
	         $ab6b = sIsSRAMInitialized.end
	EMPTY: $ab6b-$bfff ($1495 bytes)
	TOTAL EMPTY: $1495 bytes

WRAM0 bank #0:
	SECTION: $c000-$d89a ($189b bytes) ["WRAM"]
	         $c000 = wOam
	         $c0a0 = wOam.end
	         $c0a0 = wScoreBCD
	         $c0a3 = wRamBufferAddressesForCompletedRows
	         $c0ac = wLinesClearedStructs
	         $c0ac = wRamBufferAddressesForCompletedRows.end
	         $c0c0 = wNumDrops
	         $c0c2 = wDropsTotalRollingUp
	         $c0c5 = wNumScoreCategoriesProcessed
	         $c0c6 = wCurrScoreCategIsProcessingOrUpdating
	         $c0c7 = wScoreCategoryVarsEnd
	         $c0c7 = wCanPressDownToMakePieceFall
	         $c0c8 = wc0c8
	         $c0ce = wATypeJustAddedDropsToScore
	         $c0cf = wc0cf
	         $c0de = wNextPieceHidden
	         $c0df = wc0df
	         $c200 = wSpriteSpecs
	         $c300 = wDemoOrMultiplayerPieces
	         $c400 = wDarkSolidBlocksUnderRandomBlocks
	         $c400 = wDemoOrMultiplayerPieces.end
	         $c800 = wGameScreenBuffer
	         $cc00 = wcc00
	         $cc00 = wGameScreenBuffer.end
	         $cfff = wStackTop
	         $d000 = wd762
	         $d80e = wCurrSoundChannelBeingProcessed
	         $d80f = wOrigSoundEffectIdx
	         $d80f = wUnusedShadowAudLen
	         $d810 = wdf72
	         $d813 = wAudTermCounterUntilChangingOutput
	         $d814 = wAudTermCounterValueToHitToChangeOutput
	         $d815 = wAudTermSelectedOutputVal
	         $d816 = wAudTermSongsSpec
	         $d817 = wAudTermOutputValue1
	         $d818 = wAudTermOutputValue2
	         $d819 = wdf7b
	         $d81c = wGamePausedSoundTimer
	         $d81d = wGamePausedActivity
	         $d81e = wUnused_df80
	         $d81f = wSongTempoAddr
	         $d821 = wdf83
	         $d82e = wAudStructs
	         $d82e = wAud1Struct
	         $d83e = wAud2Struct
	         $d84e = wAud3Struct
	         $d85e = wAud4Struct
	         $d86e = wdfd0
	         $d87e = wSquareSoundToPlay
	         $d87f = wSquareEffectBeingPlayed
	         $d880 = wSquareEffectFrameCounter
	         $d881 = wSquareEffectFrameCounterThreshold
	         $d882 = wSquareEffectMiscCounter
	         $d883 = wdfe5
	         $d886 = wSongToStart
	         $d887 = wSongBeingPlayed
	         $d888 = wdfea
	         $d88e = wWavSoundToPlay
	         $d88f = wWavEffectBeingPlayed
	         $d890 = wWavEffectFrameCounter
	         $d891 = wWavEffectFrameCounterThreshold
	         $d892 = wWavEffectMiscCounter
	         $d893 = wWavEffectRandomVal
	         $d893 = wWavEffectShouldIncOrDec
	         $d894 = wWavEffectCurrLoVal
	         $d895 = wdff7
	         $d896 = wNoiseSoundToPlay
	         $d897 = wNoiseEffectBeingPlayed
	         $d898 = wNoiseEffectFrameCounter
	         $d899 = wNoiseEffectFrameCounterThreshold
	         $d89a = wNoiseEffectMiscCounter
	EMPTY: $d89b-$dfff ($0765 bytes)
	TOTAL EMPTY: $0765 bytes

HRAM bank #0:
	SECTION: $ff80-$fffe ($007f bytes) ["HRAM"]
	         $ff80 = hButtonsHeld
	         $ff81 = hButtonsPressed
	         $ff82 = hff82
	         $ff85 = hVBlankInterruptFinished
	         $ff86 = hCurrSpriteSpecStruct
	         $ff87 = hCurrSpriteSpecBaseY
	         $ff88 = hCurrSpriteSpecBaseX
	         $ff89 = hCurrSpriteSpecIdx
	         $ff89 = hCurrSpriteTileIndex
	         $ff8a = hUnusedFF8A
	         $ff8b = hCurrSpecEntireSpecYXFlipped
	         $ff8c = hCurrSpecBaseXFlip
	         $ff8d = hCurr_wOam_SpriteAddr
	         $ff8f = hNumSpriteSpecs
	         $ff90 = hCurrSpriteSpecBaseYOffset
	         $ff91 = hCurrSpriteSpecBaseXOffset
	         $ff92 = hCurrSpriteX
	         $ff93 = hCurrSpriteY
	         $ff94 = hCurrSpriteXFlipWithinCurrSpec
	         $ff95 = hShouldHideCurrSprite
	         $ff96 = hSpriteSpecSrcAddr
	         $ff98 = hPieceFallingState
	         $ff99 = hNumFramesUntilCurrPieceMovesDown
	         $ff9a = hNumFramesUntilPiecesMoveDown
	         $ff9b = hPieceCollisionDetected
	         $ff9c = hTetrisFlashCount
	         $ff9d = hff9d
	         $ff9e = hNumLinesCompletedBCD
	         $ffa0 = hRandomSquareObstacleTileChosen
	         $ffa0 = hMarioLuigiFaceTopLeftTileIdx
	         $ffa0 = hPreHorizMovementSpecIdx
	         $ffa0 = hNumCompletedTetrisRows
	         $ffa0 = hPreRotationSpecIdx
	         $ffa1 = hTempIE
	         $ffa2 = hffa2
	         $ffa4 = hUnusedFFA4
	         $ffa5 = hffa5
	         $ffa6 = hTimers
	         $ffa6 = hTimer1
	         $ffa7 = hTimer2
	         $ffa8 = hffa8
	         $ffa8 = hTimerEnd
	         $ffa9 = hATypeLinesThresholdToPassForNextLevel
	         $ffaa = hStickyButtonCounter
	         $ffab = hGamePaused
	         $ffac = w2PlayerHighSelected_1
	         $ffad = w2PlayerHighSelected_2
	         $ffae = hHiddenLoadedPiece
	         $ffaf = h2PlayerAddressOfNextPiece
	         $ffaf = hffaf
	         $ffb0 = hLowByteOfCurrDemoStepAddress
	         $ffb1 = hNumRowsUpOurTetrisPiecesAre
	         $ffb2 = hCurrPieceSquarePixelY
	         $ffb3 = hCurrPieceSquarePixelX
	         $ffb4 = hCurrPieceSquareScreen0Addr
	         $ffb6 = hOamDmaFunction
	         $ffc0 = hOamDmaFunction.end
	         $ffc0 = hGameType
	         $ffc1 = hMusicType
	         $ffc2 = hATypeLevel
	         $ffc3 = hBTypeLevel
	         $ffc4 = hBTypeHigh
	         $ffc5 = hIs2Player
	         $ffc6 = h5GamesFinishedTimer
	         $ffc6 = hTimerMultiplier
	         $ffc6 = hTypedLetterCounter
	         $ffc7 = hIsOptionMenu
	         $ffc8 = hSelectedOption
	         $ffc9 = hMustEnterHighScore
	         $ffca = hReversedHighScoreRanking
	         $ffcb = hTypedTextCharLoc
	         $ffcd = hMultiplayerPlayerRole
	         $ffce = hSerialInterruptHandled
	         $ffcf = hSerialInterruptFunc
	         $ffd0 = hMasterShouldSerialTransferInVBlank
	         $ffd1 = hNextSerialByteToLoad
	         $ffd2 = hSerialByteRead
	         $ffd3 = hOppositeSerialByteToWinningLosingState
	         $ffd4 = h2toThePowerOf_OtherPlayersLinesClearedMinus1
	         $ffd5 = hOtherPlayersMultiplierToProcess
	         $ffd6 = hCurrPlayersRowsShiftedUpDueToOtherPlayer
	         $ffd7 = hCurrPlayerJustFinishedRequiredLines
	         $ffd8 = h2PlayerGameFinished
	         $ffd9 = hNumWinningGames
	         $ffda = hNumLosingGames
	         $ffdb = hSelfIsAdvantage
	         $ffdc = hOtherIsAdvantage
	         $ffdd = hIsDeuce
	         $ffde = h2toThePowerOf_LinesClearedMinus1
	         $ffdf = hffdd
	         $ffe2 = hFoundDisplayableScoreDigit
	         $ffe3 = hGameState
	         $ffe4 = hVBlankInterruptCounter
	         $ffe5 = hRowsShiftingDownState
	         $ffe6 = hPrevOrCurrDemoPlayed
	         $ffe7 = hNumTimesHoldingDownEvery3Frames
	         $ffe8 = hLowByteOfVramDestForLevelNum
	         $ffe9 = hffe7
	         $ffea = hJustSetHighScoreAndCopiedToRamBuffer
	         $ffeb = hIsRecordingDemo
	         $ffec = hFramesUntilNextDemoInput
	         $ffed = hAddressOfDemoInput
	         $ffef = hDemoButtonsHeld
	         $fff0 = hActualUserButtonsHeldDuringDemo
	         $fff1 = hWonOrLostAtTheSameTimeAsOtherPlayer
	         $fff2 = hPassiveShouldUpdateMusicOamAndPlaySong
	         $fff3 = hPausedNextSerialByteToLoad
	         $fff4 = hPausedSerialByteRead
	         $fff5 = hATypeRocketSpecIdx
	         $fff6 = hIsHardMode
	         $fff7 = hfff5
	         $fffd = h1stHighScoreHighestByteForLevel
	         $fffd = hIsPieceStuckOnTopRow
	         $fffd = hfffb
	         $fffe = hPrevHiddenPiece
	TOTAL EMPTY: $0000 bytes

SUMMARY:
	ROM0: 15221 bytes used / 1163 free
	ROMX: 28176 bytes used / 20976 free in 3 banks
	SRAM: 2923 bytes used / 5269 free in 1 bank
	WRAM0: 6299 bytes used / 1893 free
	HRAM: 127 bytes used / 0 free
